Archive member included to satisfy reference by file (symbol)

c:/st/stm32cubeide_1.4.0/stm32cubeide/plugins/com.st.stm32cube.ide.mcu.externaltools.gnu-tools-for-stm32.10.3-2021.10.win32_1.0.200.202301161003/tools/bin/../lib/gcc/arm-none-eabi/10.3.1/../../../../arm-none-eabi/lib/thumb/v7e-m+dp/hard\libc_nano.a(lib_a-errno.o)
                              ./Core/Src/syscalls.o (__errno)
c:/st/stm32cubeide_1.4.0/stm32cubeide/plugins/com.st.stm32cube.ide.mcu.externaltools.gnu-tools-for-stm32.10.3-2021.10.win32_1.0.200.202301161003/tools/bin/../lib/gcc/arm-none-eabi/10.3.1/../../../../arm-none-eabi/lib/thumb/v7e-m+dp/hard\libc_nano.a(lib_a-exit.o)
                              c:/st/stm32cubeide_1.4.0/stm32cubeide/plugins/com.st.stm32cube.ide.mcu.externaltools.gnu-tools-for-stm32.10.3-2021.10.win32_1.0.200.202301161003/tools/bin/../lib/gcc/arm-none-eabi/10.3.1/../../../../arm-none-eabi/lib/thumb/v7e-m+dp/hard/crt0.o (exit)
c:/st/stm32cubeide_1.4.0/stm32cubeide/plugins/com.st.stm32cube.ide.mcu.externaltools.gnu-tools-for-stm32.10.3-2021.10.win32_1.0.200.202301161003/tools/bin/../lib/gcc/arm-none-eabi/10.3.1/../../../../arm-none-eabi/lib/thumb/v7e-m+dp/hard\libc_nano.a(lib_a-impure.o)
                              c:/st/stm32cubeide_1.4.0/stm32cubeide/plugins/com.st.stm32cube.ide.mcu.externaltools.gnu-tools-for-stm32.10.3-2021.10.win32_1.0.200.202301161003/tools/bin/../lib/gcc/arm-none-eabi/10.3.1/../../../../arm-none-eabi/lib/thumb/v7e-m+dp/hard\libc_nano.a(lib_a-exit.o) (_global_impure_ptr)
c:/st/stm32cubeide_1.4.0/stm32cubeide/plugins/com.st.stm32cube.ide.mcu.externaltools.gnu-tools-for-stm32.10.3-2021.10.win32_1.0.200.202301161003/tools/bin/../lib/gcc/arm-none-eabi/10.3.1/../../../../arm-none-eabi/lib/thumb/v7e-m+dp/hard\libc_nano.a(lib_a-init.o)
                              c:/st/stm32cubeide_1.4.0/stm32cubeide/plugins/com.st.stm32cube.ide.mcu.externaltools.gnu-tools-for-stm32.10.3-2021.10.win32_1.0.200.202301161003/tools/bin/../lib/gcc/arm-none-eabi/10.3.1/../../../../arm-none-eabi/lib/thumb/v7e-m+dp/hard/crt0.o (__libc_init_array)
c:/st/stm32cubeide_1.4.0/stm32cubeide/plugins/com.st.stm32cube.ide.mcu.externaltools.gnu-tools-for-stm32.10.3-2021.10.win32_1.0.200.202301161003/tools/bin/../lib/gcc/arm-none-eabi/10.3.1/../../../../arm-none-eabi/lib/thumb/v7e-m+dp/hard\libc_nano.a(lib_a-memcpy-stub.o)
                              ./Core/Src/main.o (memcpy)
c:/st/stm32cubeide_1.4.0/stm32cubeide/plugins/com.st.stm32cube.ide.mcu.externaltools.gnu-tools-for-stm32.10.3-2021.10.win32_1.0.200.202301161003/tools/bin/../lib/gcc/arm-none-eabi/10.3.1/../../../../arm-none-eabi/lib/thumb/v7e-m+dp/hard\libc_nano.a(lib_a-memset.o)
                              c:/st/stm32cubeide_1.4.0/stm32cubeide/plugins/com.st.stm32cube.ide.mcu.externaltools.gnu-tools-for-stm32.10.3-2021.10.win32_1.0.200.202301161003/tools/bin/../lib/gcc/arm-none-eabi/10.3.1/../../../../arm-none-eabi/lib/thumb/v7e-m+dp/hard/crt0.o (memset)
c:/st/stm32cubeide_1.4.0/stm32cubeide/plugins/com.st.stm32cube.ide.mcu.externaltools.gnu-tools-for-stm32.10.3-2021.10.win32_1.0.200.202301161003/tools/bin/../lib/gcc/arm-none-eabi/10.3.1/../../../../arm-none-eabi/lib/thumb/v7e-m+dp/hard\libc_nano.a(lib_a-printf.o)
                              ./Core/Src/main.o (printf)
c:/st/stm32cubeide_1.4.0/stm32cubeide/plugins/com.st.stm32cube.ide.mcu.externaltools.gnu-tools-for-stm32.10.3-2021.10.win32_1.0.200.202301161003/tools/bin/../lib/gcc/arm-none-eabi/10.3.1/../../../../arm-none-eabi/lib/thumb/v7e-m+dp/hard\libc_nano.a(lib_a-puts.o)
                              ./Core/Src/main.o (puts)
c:/st/stm32cubeide_1.4.0/stm32cubeide/plugins/com.st.stm32cube.ide.mcu.externaltools.gnu-tools-for-stm32.10.3-2021.10.win32_1.0.200.202301161003/tools/bin/../lib/gcc/arm-none-eabi/10.3.1/../../../../arm-none-eabi/lib/thumb/v7e-m+dp/hard\libc_nano.a(lib_a-wbuf.o)
                              c:/st/stm32cubeide_1.4.0/stm32cubeide/plugins/com.st.stm32cube.ide.mcu.externaltools.gnu-tools-for-stm32.10.3-2021.10.win32_1.0.200.202301161003/tools/bin/../lib/gcc/arm-none-eabi/10.3.1/../../../../arm-none-eabi/lib/thumb/v7e-m+dp/hard\libc_nano.a(lib_a-puts.o) (__swbuf_r)
c:/st/stm32cubeide_1.4.0/stm32cubeide/plugins/com.st.stm32cube.ide.mcu.externaltools.gnu-tools-for-stm32.10.3-2021.10.win32_1.0.200.202301161003/tools/bin/../lib/gcc/arm-none-eabi/10.3.1/../../../../arm-none-eabi/lib/thumb/v7e-m+dp/hard\libc_nano.a(lib_a-wsetup.o)
                              c:/st/stm32cubeide_1.4.0/stm32cubeide/plugins/com.st.stm32cube.ide.mcu.externaltools.gnu-tools-for-stm32.10.3-2021.10.win32_1.0.200.202301161003/tools/bin/../lib/gcc/arm-none-eabi/10.3.1/../../../../arm-none-eabi/lib/thumb/v7e-m+dp/hard\libc_nano.a(lib_a-puts.o) (__swsetup_r)
c:/st/stm32cubeide_1.4.0/stm32cubeide/plugins/com.st.stm32cube.ide.mcu.externaltools.gnu-tools-for-stm32.10.3-2021.10.win32_1.0.200.202301161003/tools/bin/../lib/gcc/arm-none-eabi/10.3.1/../../../../arm-none-eabi/lib/thumb/v7e-m+dp/hard\libc_nano.a(lib_a-fflush.o)
[...]
Memory Configuration

Name             Origin             Length             Attributes
FLASH            0x0000000008000000 0x0000000000200000 xr
DTCMRAM          0x0000000020000000 0x0000000000020000 xrw
RAM_D1           0x0000000024000000 0x0000000000080000 xrw
RAM_D2           0x0000000030000000 0x0000000000048000 xrw
RAM_D3           0x0000000038000000 0x0000000000010000 xrw
ITCMRAM          0x0000000000000000 0x0000000000010000 xrw
*default*        0x0000000000000000 0xffffffffffffffff

Linker script and memory map

LOAD c:/st/stm32cubeide_1.4.0/stm32cubeide/plugins/com.st.stm32cube.ide.mcu.externaltools.gnu-tools-for-stm32.10.3-2021.10.win32_1.0.200.202301161003/tools/bin/../lib/gcc/arm-none-eabi/10.3.1/thumb/v7e-m+dp/hard/crti.o
LOAD c:/st/stm32cubeide_1.4.0/stm32cubeide/plugins/com.st.stm32cube.ide.mcu.externaltools.gnu-tools-for-stm32.10.3-2021.10.win32_1.0.200.202301161003/tools/bin/../lib/gcc/arm-none-eabi/10.3.1/thumb/v7e-m+dp/hard/crtbegin.o
LOAD c:/st/stm32cubeide_1.4.0/stm32cubeide/plugins/com.st.stm32cube.ide.mcu.externaltools.gnu-tools-for-stm32.10.3-2021.10.win32_1.0.200.202301161003/tools/bin/../lib/gcc/arm-none-eabi/10.3.1/../../../../arm-none-eabi/lib/thumb/v7e-m+dp/hard/crt0.o
LOAD ./Core/Src/Ethernet/W5300/w5300.o
LOAD ./Core/Src/Ethernet/socket.o
LOAD ./Core/Src/Ethernet/wizchip_conf.o
LOAD ./Core/Src/main.o
LOAD ./Core/Src/ov2640.o
LOAD ./Core/Src/stm32h7xx_hal_msp.o
LOAD ./Core/Src/stm32h7xx_it.o
LOAD ./Core/Src/syscalls.o
LOAD ./Core/Src/sysmem.o
LOAD ./Core/Src/system_stm32h7xx.o
LOAD ./Core/Startup/startup_stm32h743iitx.o
LOAD ./Drivers/STM32H7xx_HAL_Driver/Src/stm32h7xx_hal.o
LOAD ./Drivers/STM32H7xx_HAL_Driver/Src/stm32h7xx_hal_cortex.o
LOAD ./Drivers/STM32H7xx_HAL_Driver/Src/stm32h7xx_hal_dcmi.o
LOAD ./Drivers/STM32H7xx_HAL_Driver/Src/stm32h7xx_hal_dma.o
LOAD ./Drivers/STM32H7xx_HAL_Driver/Src/stm32h7xx_hal_dma_ex.o
LOAD ./Drivers/STM32H7xx_HAL_Driver/Src/stm32h7xx_hal_exti.o
LOAD ./Drivers/STM32H7xx_HAL_Driver/Src/stm32h7xx_hal_flash.o
LOAD ./Drivers/STM32H7xx_HAL_Driver/Src/stm32h7xx_hal_flash_ex.o
LOAD ./Drivers/STM32H7xx_HAL_Driver/Src/stm32h7xx_hal_gpio.o
LOAD ./Drivers/STM32H7xx_HAL_Driver/Src/stm32h7xx_hal_hsem.o
LOAD ./Drivers/STM32H7xx_HAL_Driver/Src/stm32h7xx_hal_i2c.o
LOAD ./Drivers/STM32H7xx_HAL_Driver/Src/stm32h7xx_hal_i2c_ex.o
LOAD ./Drivers/STM32H7xx_HAL_Driver/Src/stm32h7xx_hal_mdma.o
LOAD ./Drivers/STM32H7xx_HAL_Driver/Src/stm32h7xx_hal_pwr.o
LOAD ./Drivers/STM32H7xx_HAL_Driver/Src/stm32h7xx_hal_pwr_ex.o
LOAD ./Drivers/STM32H7xx_HAL_Driver/Src/stm32h7xx_hal_rcc.o
LOAD ./Drivers/STM32H7xx_HAL_Driver/Src/stm32h7xx_hal_rcc_ex.o
LOAD ./Drivers/STM32H7xx_HAL_Driver/Src/stm32h7xx_hal_sram.o
LOAD ./Drivers/STM32H7xx_HAL_Driver/Src/stm32h7xx_hal_tim.o
LOAD ./Drivers/STM32H7xx_HAL_Driver/Src/stm32h7xx_hal_tim_ex.o
LOAD ./Drivers/STM32H7xx_HAL_Driver/Src/stm32h7xx_hal_uart.o
LOAD ./Drivers/STM32H7xx_HAL_Driver/Src/stm32h7xx_hal_uart_ex.o
LOAD ./Drivers/STM32H7xx_HAL_Driver/Src/stm32h7xx_ll_fmc.o
START GROUP
LOAD c:/st/stm32cubeide_1.4.0/stm32cubeide/plugins/com.st.stm32cube.ide.mcu.externaltools.gnu-tools-for-stm32.10.3-2021.10.win32_1.0.200.202301161003/tools/bin/../lib/gcc/arm-none-eabi/10.3.1/../../../../arm-none-eabi/lib/thumb/v7e-m+dp/hard\libc_nano.a
LOAD c:/st/stm32cubeide_1.4.0/stm32cubeide/plugins/com.st.stm32cube.ide.mcu.externaltools.gnu-tools-for-stm32.10.3-2021.10.win32_1.0.200.202301161003/tools/bin/../lib/gcc/arm-none-eabi/10.3.1/../../../../arm-none-eabi/lib/thumb/v7e-m+dp/hard\libm.a
END GROUP
START GROUP
LOAD c:/st/stm32cubeide_1.4.0/stm32cubeide/plugins/com.st.stm32cube.ide.mcu.externaltools.gnu-tools-for-stm32.10.3-2021.10.win32_1.0.200.202301161003/tools/bin/../lib/gcc/arm-none-eabi/10.3.1/thumb/v7e-m+dp/hard\libgcc.a
LOAD c:/st/stm32cubeide_1.4.0/stm32cubeide/plugins/com.st.stm32cube.ide.mcu.externaltools.gnu-tools-for-stm32.10.3-2021.10.win32_1.0.200.202301161003/tools/bin/../lib/gcc/arm-none-eabi/10.3.1/../../../../arm-none-eabi/lib/thumb/v7e-m+dp/hard\libc_nano.a
END GROUP
START GROUP
LOAD c:/st/stm32cubeide_1.4.0/stm32cubeide/plugins/com.st.stm32cube.ide.mcu.externaltools.gnu-tools-for-stm32.10.3-2021.10.win32_1.0.200.202301161003/tools/bin/../lib/gcc/arm-none-eabi/10.3.1/thumb/v7e-m+dp/hard\libgcc.a
LOAD c:/st/stm32cubeide_1.4.0/stm32cubeide/plugins/com.st.stm32cube.ide.mcu.externaltools.gnu-tools-for-stm32.10.3-2021.10.win32_1.0.200.202301161003/tools/bin/../lib/gcc/arm-none-eabi/10.3.1/../../../../arm-none-eabi/lib/thumb/v7e-m+dp/hard\libc_nano.a
LOAD c:/st/stm32cubeide_1.4.0/stm32cubeide/plugins/com.st.stm32cube.ide.mcu.externaltools.gnu-tools-for-stm32.10.3-2021.10.win32_1.0.200.202301161003/tools/bin/../lib/gcc/arm-none-eabi/10.3.1/../../../../arm-none-eabi/lib/thumb/v7e-m+dp/hard\libnosys.a
END GROUP
START GROUP
LOAD c:/st/stm32cubeide_1.4.0/stm32cubeide/plugins/com.st.stm32cube.ide.mcu.externaltools.gnu-tools-for-stm32.10.3-2021.10.win32_1.0.200.202301161003/tools/bin/../lib/gcc/arm-none-eabi/10.3.1/thumb/v7e-m+dp/hard\libgcc.a
LOAD c:/st/stm32cubeide_1.4.0/stm32cubeide/plugins/com.st.stm32cube.ide.mcu.externaltools.gnu-tools-for-stm32.10.3-2021.10.win32_1.0.200.202301161003/tools/bin/../lib/gcc/arm-none-eabi/10.3.1/../../../../arm-none-eabi/lib/thumb/v7e-m+dp/hard\libc_nano.a
LOAD c:/st/stm32cubeide_1.4.0/stm32cubeide/plugins/com.st.stm32cube.ide.mcu.externaltools.gnu-tools-for-stm32.10.3-2021.10.win32_1.0.200.202301161003/tools/bin/../lib/gcc/arm-none-eabi/10.3.1/../../../../arm-none-eabi/lib/thumb/v7e-m+dp/hard\libnosys.a
END GROUP
LOAD c:/st/stm32cubeide_1.4.0/stm32cubeide/plugins/com.st.stm32cube.ide.mcu.externaltools.gnu-tools-for-stm32.10.3-2021.10.win32_1.0.200.202301161003/tools/bin/../lib/gcc/arm-none-eabi/10.3.1/thumb/v7e-m+dp/hard/crtend.o
LOAD c:/st/stm32cubeide_1.4.0/stm32cubeide/plugins/com.st.stm32cube.ide.mcu.externaltools.gnu-tools-for-stm32.10.3-2021.10.win32_1.0.200.202301161003/tools/bin/../lib/gcc/arm-none-eabi/10.3.1/thumb/v7e-m+dp/hard/crtn.o
                0x0000000024080000                _estack = (ORIGIN (RAM_D1) + LENGTH (RAM_D1))
                0x0000000000000200                _Min_Heap_Size = 0x200
                0x0000000000000400                _Min_Stack_Size = 0x400

.isr_vector     0x0000000008000000      0x298
                0x0000000008000000                . = ALIGN (0x4)
 *(.isr_vector)
 .isr_vector    0x0000000008000000      0x298 ./Core/Startup/startup_stm32h743iitx.o
                0x0000000008000000                g_pfnVectors
                0x0000000008000298                . = ALIGN (0x4)

.text           0x00000000080002a0     0x85d4
                0x00000000080002a0                . = ALIGN (0x4)
 *(.text)
 .text          0x00000000080002a0       0x40 c:/st/stm32cubeide_1.4.0/stm32cubeide/plugins/com.st.stm32cube.ide.mcu.externaltools.gnu-tools-for-stm32.10.3-2021.10.win32_1.0.200.202301161003/tools/bin/../lib/gcc/arm-none-eabi/10.3.1/thumb/v7e-m+dp/hard/crtbegin.o
 .text          0x00000000080002e0       0xa0 c:/st/stm32cubeide_1.4.0/stm32cubeide/plugins/com.st.stm32cube.ide.mcu.externaltools.gnu-tools-for-stm32.10.3-2021.10.win32_1.0.200.202301161003/tools/bin/../lib/gcc/arm-none-eabi/10.3.1/../../../../arm-none-eabi/lib/thumb/v7e-m+dp/hard\libc_nano.a(lib_a-memchr.o)
                0x00000000080002e0                memchr
 .text          0x0000000008000380       0x30 c:/st/stm32cubeide_1.4.0/stm32cubeide/plugins/com.st.stm32cube.ide.mcu.externaltools.gnu-tools-for-stm32.10.3-2021.10.win32_1.0.200.202301161003/tools/bin/../lib/gcc/arm-none-eabi/10.3.1/thumb/v7e-m+dp/hard\libgcc.a(_aeabi_uldivmod.o)
                0x0000000008000380                __aeabi_uldivmod
 .text          0x00000000080003b0      0x2d0 c:/st/stm32cubeide_1.4.0/stm32cubeide/plugins/com.st.stm32cube.ide.mcu.externaltools.gnu-tools-for-stm32.10.3-2021.10.win32_1.0.200.202301161003/tools/bin/../lib/gcc/arm-none-eabi/10.3.1/thumb/v7e-m+dp/hard\libgcc.a(_udivmoddi4.o)
                0x00000000080003b0                __udivmoddi4
 .text          0x0000000008000680        0x4 c:/st/stm32cubeide_1.4.0/stm32cubeide/plugins/com.st.stm32cube.ide.mcu.externaltools.gnu-tools-for-stm32.10.3-2021.10.win32_1.0.200.202301161003/tools/bin/../lib/gcc/arm-none-eabi/10.3.1/thumb/v7e-m+dp/hard\libgcc.a(_dvmd_tls.o)
                0x0000000008000680                __aeabi_idiv0
                0x0000000008000680                __aeabi_ldiv0
 *(.text*)
 .text.WIZCHIP_WRITE
                0x0000000008000684       0x2c ./Core/Src/Ethernet/W5300/w5300.o
                0x0000000008000684                WIZCHIP_WRITE
 .text.WIZCHIP_READ
                0x00000000080006b0       0x2c ./Core/Src/Ethernet/W5300/w5300.o
                0x00000000080006b0                WIZCHIP_READ
 .text.getTMSR  0x00000000080006dc       0x50 ./Core/Src/Ethernet/W5300/w5300.o
                0x00000000080006dc                getTMSR
 .text.getRMSR  0x000000000800072c       0x50 ./Core/Src/Ethernet/W5300/w5300.o
                0x000000000800072c                getRMSR
 .text.getSn_TX_FSR
                0x000000000800077c       0x5c ./Core/Src/Ethernet/W5300/w5300.o
                0x000000000800077c                getSn_TX_FSR
 .text.getSn_RX_RSR
                0x00000000080007d8       0x6c ./Core/Src/Ethernet/W5300/w5300.o
                0x00000000080007d8                getSn_RX_RSR
 .text.wiz_send_data
                0x0000000008000844       0x50 ./Core/Src/Ethernet/W5300/w5300.o
                0x0000000008000844                wiz_send_data
 .text.wiz_recv_data
                0x0000000008000894       0x68 ./Core/Src/Ethernet/W5300/w5300.o
                0x0000000008000894                wiz_recv_data
 .text.sendto   0x00000000080008fc      0x280 ./Core/Src/Ethernet/socket.o
                0x00000000080008fc                sendto
 .text.close.part.0
                0x0000000008000b7c       0xf4 ./Core/Src/Ethernet/socket.o
 .text.socket   0x0000000008000c70      0x144 ./Core/Src/Ethernet/socket.o
                0x0000000008000c70                socket
 .text.listen   0x0000000008000db4       0x74 ./Core/Src/Ethernet/socket.o
                0x0000000008000db4                listen
 .text.disconnect
                0x0000000008000e28       0x90 ./Core/Src/Ethernet/socket.o
                0x0000000008000e28                disconnect
 .text.send     0x0000000008000eb8      0x154 ./Core/Src/Ethernet/socket.o
                0x0000000008000eb8                send
 .text.recv     0x000000000800100c      0x218 ./Core/Src/Ethernet/socket.o
                0x000000000800100c                recv
 .text.wizchip_cris_enter
                0x0000000008001224        0x4 ./Core/Src/Ethernet/wizchip_conf.o
                0x0000000008001224                wizchip_cris_enter
 .text.wizchip_bus_readdata
                0x0000000008001228        0x8 ./Core/Src/Ethernet/wizchip_conf.o
                0x0000000008001228                wizchip_bus_readdata
 .text.wizchip_bus_writedata
                0x0000000008001230        0x4 ./Core/Src/Ethernet/wizchip_conf.o
                0x0000000008001230                wizchip_bus_writedata
 .text.wizchip_cris_exit
                0x0000000008001234        0x4 ./Core/Src/Ethernet/wizchip_conf.o
                0x0000000008001234                wizchip_cris_exit
 .text.wizchip_cs_select
                0x0000000008001238        0x4 ./Core/Src/Ethernet/wizchip_conf.o
                0x0000000008001238                wizchip_cs_select
 .text.wizchip_cs_deselect
                0x000000000800123c        0x4 ./Core/Src/Ethernet/wizchip_conf.o
                0x000000000800123c                wizchip_cs_deselect
 .text.reg_wizchip_bus_cbfunc
                0x0000000008001240       0x2c ./Core/Src/Ethernet/wizchip_conf.o
                0x0000000008001240                reg_wizchip_bus_cbfunc
 .text.wizchip_sw_reset
                0x000000000800126c      0x154 ./Core/Src/Ethernet/wizchip_conf.o
                0x000000000800126c                wizchip_sw_reset
 .text.ctlwizchip
                0x00000000080013c0      0x164 ./Core/Src/Ethernet/wizchip_conf.o
                0x00000000080013c0                ctlwizchip
 .text.wizchip_setnetinfo
                0x0000000008001524       0xac ./Core/Src/Ethernet/wizchip_conf.o
                0x0000000008001524                wizchip_setnetinfo
 .text.wizchip_getnetinfo
                0x00000000080015d0       0xec ./Core/Src/Ethernet/wizchip_conf.o
                0x00000000080015d0                wizchip_getnetinfo
 .text.ctlnetwork
                0x00000000080016bc       0x84 ./Core/Src/Ethernet/wizchip_conf.o
                0x00000000080016bc                ctlnetwork
 .text.W5300_write
                0x0000000008001740        0xc ./Core/Src/main.o
                0x0000000008001740                W5300_write
 .text.W5300_read
                0x000000000800174c        0xc ./Core/Src/main.o
                0x000000000800174c                W5300_read
 .text.CamImagTransferFrame.constprop.0
                0x0000000008001758       0x4c ./Core/Src/main.o
 .text.CamImagTransferLine.constprop.0
                0x00000000080017a4       0x50 ./Core/Src/main.o
 .text._write   0x00000000080017f4       0x2c ./Core/Src/main.o
                0x00000000080017f4                _write
 .text.print_network_information
                0x0000000008001820       0x80 ./Core/Src/main.o
                0x0000000008001820                print_network_information
 .text._InitW5300
                0x00000000080018a0       0x7c ./Core/Src/main.o
                0x00000000080018a0                _InitW5300
 .text.HAL_DCMI_FrameEventCallback
                0x000000000800191c        0x4 ./Core/Src/main.o
                0x000000000800191c                HAL_DCMI_FrameEventCallback
 .text.HAL_DCMI_VsyncEventCallback
                0x0000000008001920       0x10 ./Core/Src/main.o
                0x0000000008001920                HAL_DCMI_VsyncEventCallback
 .text.HAL_DCMI_LineEventCallback
                0x0000000008001930       0x10 ./Core/Src/main.o
                0x0000000008001930                HAL_DCMI_LineEventCallback
 .text.CAMERA_IO_Write
                0x0000000008001940       0x2c ./Core/Src/main.o
                0x0000000008001940                CAMERA_IO_Write
 .text.CAMERA_IO_Read
                0x000000000800196c       0x30 ./Core/Src/main.o
                0x000000000800196c                CAMERA_IO_Read
 .text.CAMERA_Delay
                0x000000000800199c        0x4 ./Core/Src/main.o
                0x000000000800199c                CAMERA_Delay
 .text.CAMERA_IO_Init
                0x00000000080019a0       0x3c ./Core/Src/main.o
                0x00000000080019a0                CAMERA_IO_Init
 .text._init_cam
                0x00000000080019dc       0x28 ./Core/Src/main.o
                0x00000000080019dc                _init_cam
 .text.MPU_Config
                0x0000000008001a04       0x38 ./Core/Src/main.o
                0x0000000008001a04                MPU_Config
 .text.SystemClock_Config
                0x0000000008001a3c      0x118 ./Core/Src/main.o
                0x0000000008001a3c                SystemClock_Config
 *fill*         0x0000000008001b54        0x4 
 .text.startup.main
                0x0000000008001b58      0x510 ./Core/Src/main.o
                0x0000000008001b58                main
 .text.Error_Handler
                0x0000000008002068        0x4 ./Core/Src/main.o
                0x0000000008002068                Error_Handler
 .text.ov2640_Init
                0x000000000800206c       0xbc ./Core/Src/ov2640.o
                0x000000000800206c                ov2640_Init
 .text.ov2640_ReadID
                0x0000000008002128       0x24 ./Core/Src/ov2640.o
                0x0000000008002128                ov2640_ReadID
 .text.HAL_MspInit
                0x000000000800214c       0x24 ./Core/Src/stm32h7xx_hal_msp.o
                0x000000000800214c                HAL_MspInit
 .text.HAL_DCMI_MspInit
                0x0000000008002170      0x1b0 ./Core/Src/stm32h7xx_hal_msp.o
                0x0000000008002170                HAL_DCMI_MspInit
 .text.HAL_I2C_MspInit
                0x0000000008002320       0xa4 ./Core/Src/stm32h7xx_hal_msp.o
                0x0000000008002320                HAL_I2C_MspInit
 *fill*         0x00000000080023c4        0x4 
 .text.HAL_UART_MspInit
                0x00000000080023c8       0xac ./Core/Src/stm32h7xx_hal_msp.o
                0x00000000080023c8                HAL_UART_MspInit
 .text.HAL_SRAM_MspInit
                0x0000000008002474       0xd8 ./Core/Src/stm32h7xx_hal_msp.o
                0x0000000008002474                HAL_SRAM_MspInit
 .text.NMI_Handler
                0x000000000800254c        0x4 ./Core/Src/stm32h7xx_it.o
                0x000000000800254c                NMI_Handler
 .text.HardFault_Handler
                0x0000000008002550        0x4 ./Core/Src/stm32h7xx_it.o
                0x0000000008002550                HardFault_Handler
 .text.MemManage_Handler
                0x0000000008002554        0x4 ./Core/Src/stm32h7xx_it.o
                0x0000000008002554                MemManage_Handler
 .text.BusFault_Handler
                0x0000000008002558        0x4 ./Core/Src/stm32h7xx_it.o
                0x0000000008002558                BusFault_Handler
 .text.UsageFault_Handler
                0x000000000800255c        0x4 ./Core/Src/stm32h7xx_it.o
                0x000000000800255c                UsageFault_Handler
 .text.SVC_Handler
                0x0000000008002560        0x4 ./Core/Src/stm32h7xx_it.o
                0x0000000008002560                SVC_Handler
 .text.DebugMon_Handler
                0x0000000008002564        0x4 ./Core/Src/stm32h7xx_it.o
                0x0000000008002564                DebugMon_Handler
 .text.PendSV_Handler
                0x0000000008002568        0x4 ./Core/Src/stm32h7xx_it.o
                0x0000000008002568                PendSV_Handler
 .text.SysTick_Handler
                0x000000000800256c        0x4 ./Core/Src/stm32h7xx_it.o
                0x000000000800256c                SysTick_Handler
 .text.DMA2_Stream1_IRQHandler
                0x0000000008002570        0xc ./Core/Src/stm32h7xx_it.o
                0x0000000008002570                DMA2_Stream1_IRQHandler
 .text.DCMI_IRQHandler
                0x000000000800257c        0xc ./Core/Src/stm32h7xx_it.o
                0x000000000800257c                DCMI_IRQHandler
 .text._read    0x0000000008002588       0x1c ./Core/Src/syscalls.o
                0x0000000008002588                _read
 .text._close   0x00000000080025a4        0x8 ./Core/Src/syscalls.o
                0x00000000080025a4                _close
 .text._fstat   0x00000000080025ac        0xc ./Core/Src/syscalls.o
                0x00000000080025ac                _fstat
 .text._isatty  0x00000000080025b8        0x4 ./Core/Src/syscalls.o
                0x00000000080025b8                _isatty
 .text._lseek   0x00000000080025bc        0x4 ./Core/Src/syscalls.o
                0x00000000080025bc                _lseek
 .text._sbrk    0x00000000080025c0       0x48 ./Core/Src/sysmem.o
                0x00000000080025c0                _sbrk
 .text.SystemInit
                0x0000000008002608       0xcc ./Core/Src/system_stm32h7xx.o
                0x0000000008002608                SystemInit
 .text.Reset_Handler
                0x00000000080026d4       0x50 ./Core/Startup/startup_stm32h743iitx.o
                0x00000000080026d4                Reset_Handler
 .text.Default_Handler
                0x0000000008002724        0x2 ./Core/Startup/startup_stm32h743iitx.o
                0x0000000008002724                RTC_Alarm_IRQHandler
                0x0000000008002724                EXTI2_IRQHandler
                0x0000000008002724                TIM8_CC_IRQHandler
                0x0000000008002724                HRTIM1_Master_IRQHandler
                0x0000000008002724                UART8_IRQHandler
                0x0000000008002724                SPI4_IRQHandler
                0x0000000008002724                TIM1_CC_IRQHandler
                0x0000000008002724                BDMA_Channel6_IRQHandler
                0x0000000008002724                DMA2_Stream5_IRQHandler
                0x0000000008002724                HRTIM1_FLT_IRQHandler
                0x0000000008002724                JPEG_IRQHandler
                0x0000000008002724                DMA1_Stream5_IRQHandler
                0x0000000008002724                BDMA_Channel1_IRQHandler
                0x0000000008002724                HRTIM1_TIMD_IRQHandler
                0x0000000008002724                TAMP_STAMP_IRQHandler
                0x0000000008002724                EXTI3_IRQHandler
                0x0000000008002724                LPTIM4_IRQHandler
                0x0000000008002724                TIM8_TRG_COM_TIM14_IRQHandler
                0x0000000008002724                LPTIM2_IRQHandler
                0x0000000008002724                DFSDM1_FLT1_IRQHandler
                0x0000000008002724                DMAMUX2_OVR_IRQHandler
                0x0000000008002724                TIM8_UP_TIM13_IRQHandler
                0x0000000008002724                I2C3_ER_IRQHandler
                0x0000000008002724                DFSDM1_FLT2_IRQHandler
                0x0000000008002724                MDMA_IRQHandler
                0x0000000008002724                LPTIM3_IRQHandler
                0x0000000008002724                HSEM1_IRQHandler
                0x0000000008002724                EXTI0_IRQHandler
                0x0000000008002724                I2C2_EV_IRQHandler
                0x0000000008002724                DMA1_Stream2_IRQHandler
                0x0000000008002724                FPU_IRQHandler
                0x0000000008002724                OTG_HS_WKUP_IRQHandler
                0x0000000008002724                FDCAN1_IT1_IRQHandler
                0x0000000008002724                LTDC_ER_IRQHandler
                0x0000000008002724                DMA2_Stream2_IRQHandler
                0x0000000008002724                HRTIM1_TIME_IRQHandler
                0x0000000008002724                SPI1_IRQHandler
                0x0000000008002724                TIM6_DAC_IRQHandler
                0x0000000008002724                HRTIM1_TIMC_IRQHandler
                0x0000000008002724                DMA2_Stream3_IRQHandler
                0x0000000008002724                SAI2_IRQHandler
                0x0000000008002724                DFSDM1_FLT3_IRQHandler
                0x0000000008002724                USART6_IRQHandler
                0x0000000008002724                TIM17_IRQHandler
                0x0000000008002724                USART3_IRQHandler
                0x0000000008002724                BDMA_Channel7_IRQHandler
                0x0000000008002724                LPTIM5_IRQHandler
                0x0000000008002724                UART5_IRQHandler
                0x0000000008002724                ADC3_IRQHandler
                0x0000000008002724                DMA2_Stream0_IRQHandler
                0x0000000008002724                TIM4_IRQHandler
                0x0000000008002724                BDMA_Channel2_IRQHandler
                0x0000000008002724                QUADSPI_IRQHandler
                0x0000000008002724                I2C1_EV_IRQHandler
                0x0000000008002724                DMA1_Stream6_IRQHandler
                0x0000000008002724                DMAMUX1_OVR_IRQHandler
                0x0000000008002724                DMA1_Stream1_IRQHandler
                0x0000000008002724                TIM16_IRQHandler
                0x0000000008002724                UART4_IRQHandler
                0x0000000008002724                BDMA_Channel5_IRQHandler
                0x0000000008002724                TIM3_IRQHandler
                0x0000000008002724                RCC_IRQHandler
                0x0000000008002724                TIM8_BRK_TIM12_IRQHandler
                0x0000000008002724                TIM1_TRG_COM_IRQHandler
                0x0000000008002724                Default_Handler
                0x0000000008002724                ECC_IRQHandler
                0x0000000008002724                CEC_IRQHandler
                0x0000000008002724                EXTI15_10_IRQHandler
                0x0000000008002724                BDMA_Channel0_IRQHandler
                0x0000000008002724                ADC_IRQHandler
                0x0000000008002724                DMA1_Stream7_IRQHandler
                0x0000000008002724                HRTIM1_TIMA_IRQHandler
                0x0000000008002724                SPI5_IRQHandler
                0x0000000008002724                TIM7_IRQHandler
                0x0000000008002724                SDMMC1_IRQHandler
                0x0000000008002724                TIM5_IRQHandler
                0x0000000008002724                DMA2_Stream7_IRQHandler
                0x0000000008002724                TIM15_IRQHandler
                0x0000000008002724                PVD_AVD_IRQHandler
                0x0000000008002724                I2C3_EV_IRQHandler
                0x0000000008002724                EXTI9_5_IRQHandler
                0x0000000008002724                RTC_WKUP_IRQHandler
                0x0000000008002724                LTDC_IRQHandler
                0x0000000008002724                SAI3_IRQHandler
                0x0000000008002724                ETH_WKUP_IRQHandler
                0x0000000008002724                SPDIF_RX_IRQHandler
                0x0000000008002724                SPI2_IRQHandler
                0x0000000008002724                OTG_HS_EP1_IN_IRQHandler
                0x0000000008002724                DMA1_Stream0_IRQHandler
                0x0000000008002724                CRS_IRQHandler
                0x0000000008002724                EXTI4_IRQHandler
                0x0000000008002724                RNG_IRQHandler
                0x0000000008002724                HRTIM1_TIMB_IRQHandler
                0x0000000008002724                FDCAN2_IT1_IRQHandler
                0x0000000008002724                ETH_IRQHandler
                0x0000000008002724                TIM1_UP_IRQHandler
                0x0000000008002724                BDMA_Channel4_IRQHandler
                0x0000000008002724                OTG_HS_EP1_OUT_IRQHandler
                0x0000000008002724                WWDG_IRQHandler
                0x0000000008002724                SPI6_IRQHandler
                0x0000000008002724                MDIOS_IRQHandler
                0x0000000008002724                I2C4_EV_IRQHandler
                0x0000000008002724                FDCAN2_IT0_IRQHandler
                0x0000000008002724                LPUART1_IRQHandler
                0x0000000008002724                FDCAN1_IT0_IRQHandler
                0x0000000008002724                TIM2_IRQHandler
                0x0000000008002724                OTG_FS_WKUP_IRQHandler
                0x0000000008002724                OTG_HS_IRQHandler
                0x0000000008002724                DMA2D_IRQHandler
                0x0000000008002724                TIM1_BRK_IRQHandler
                0x0000000008002724                EXTI1_IRQHandler
                0x0000000008002724                SDMMC2_IRQHandler
                0x0000000008002724                OTG_FS_EP1_OUT_IRQHandler
                0x0000000008002724                BDMA_Channel3_IRQHandler
                0x0000000008002724                UART7_IRQHandler
                0x0000000008002724                MDIOS_WKUP_IRQHandler
                0x0000000008002724                USART2_IRQHandler
                0x0000000008002724                DFSDM1_FLT0_IRQHandler
                0x0000000008002724                SAI4_IRQHandler
                0x0000000008002724                I2C2_ER_IRQHandler
                0x0000000008002724                FLASH_IRQHandler
                0x0000000008002724                DMA2_Stream4_IRQHandler
                0x0000000008002724                USART1_IRQHandler
                0x0000000008002724                OTG_FS_IRQHandler
                0x0000000008002724                SPI3_IRQHandler
                0x0000000008002724                WAKEUP_PIN_IRQHandler
                0x0000000008002724                DMA1_Stream4_IRQHandler
                0x0000000008002724                OTG_FS_EP1_IN_IRQHandler
                0x0000000008002724                I2C1_ER_IRQHandler
                0x0000000008002724                FMC_IRQHandler
                0x0000000008002724                FDCAN_CAL_IRQHandler
                0x0000000008002724                SWPMI1_IRQHandler
                0x0000000008002724                COMP1_IRQHandler
                0x0000000008002724                LPTIM1_IRQHandler
                0x0000000008002724                I2C4_ER_IRQHandler
                0x0000000008002724                DMA2_Stream6_IRQHandler
                0x0000000008002724                SAI1_IRQHandler
                0x0000000008002724                DMA1_Stream3_IRQHandler
 *fill*         0x0000000008002726        0x2 
 .text.HAL_InitTick
                0x0000000008002728       0x4c ./Drivers/STM32H7xx_HAL_Driver/Src/stm32h7xx_hal.o
                0x0000000008002728                HAL_InitTick
 .text.HAL_Init
                0x0000000008002774       0x60 ./Drivers/STM32H7xx_HAL_Driver/Src/stm32h7xx_hal.o
                0x0000000008002774                HAL_Init
 .text.HAL_IncTick
                0x00000000080027d4       0x18 ./Drivers/STM32H7xx_HAL_Driver/Src/stm32h7xx_hal.o
                0x00000000080027d4                HAL_IncTick
 .text.HAL_GetTick
                0x00000000080027ec        0xc ./Drivers/STM32H7xx_HAL_Driver/Src/stm32h7xx_hal.o
                0x00000000080027ec                HAL_GetTick
 .text.HAL_Delay
                0x00000000080027f8       0x24 ./Drivers/STM32H7xx_HAL_Driver/Src/stm32h7xx_hal.o
                0x00000000080027f8                HAL_Delay
 .text.HAL_GetREVID
                0x000000000800281c        0xc ./Drivers/STM32H7xx_HAL_Driver/Src/stm32h7xx_hal.o
                0x000000000800281c                HAL_GetREVID
 .text.HAL_NVIC_SetPriorityGrouping
                0x0000000008002828       0x24 ./Drivers/STM32H7xx_HAL_Driver/Src/stm32h7xx_hal_cortex.o
                0x0000000008002828                HAL_NVIC_SetPriorityGrouping
 .text.HAL_NVIC_SetPriority
                0x000000000800284c       0x7c ./Drivers/STM32H7xx_HAL_Driver/Src/stm32h7xx_hal_cortex.o
                0x000000000800284c                HAL_NVIC_SetPriority
 .text.HAL_NVIC_EnableIRQ
                0x00000000080028c8       0x1c ./Drivers/STM32H7xx_HAL_Driver/Src/stm32h7xx_hal_cortex.o
                0x00000000080028c8                HAL_NVIC_EnableIRQ
 .text.HAL_SYSTICK_Config
                0x00000000080028e4       0x2c ./Drivers/STM32H7xx_HAL_Driver/Src/stm32h7xx_hal_cortex.o
                0x00000000080028e4                HAL_SYSTICK_Config
 .text.HAL_MPU_Disable
                0x0000000008002910       0x1c ./Drivers/STM32H7xx_HAL_Driver/Src/stm32h7xx_hal_cortex.o
                0x0000000008002910                HAL_MPU_Disable
 .text.HAL_MPU_Enable
                0x000000000800292c       0x20 ./Drivers/STM32H7xx_HAL_Driver/Src/stm32h7xx_hal_cortex.o
                0x000000000800292c                HAL_MPU_Enable
 .text.HAL_MPU_ConfigRegion
                0x000000000800294c       0x64 ./Drivers/STM32H7xx_HAL_Driver/Src/stm32h7xx_hal_cortex.o
                0x000000000800294c                HAL_MPU_ConfigRegion
 .text.DCMI_DMAXferCplt
                0x00000000080029b0       0x8c ./Drivers/STM32H7xx_HAL_Driver/Src/stm32h7xx_hal_dcmi.o
 .text.HAL_DCMI_Init
                0x0000000008002a3c       0x9c ./Drivers/STM32H7xx_HAL_Driver/Src/stm32h7xx_hal_dcmi.o
                0x0000000008002a3c                HAL_DCMI_Init
 .text.HAL_DCMI_Start_DMA
                0x0000000008002ad8       0xfc ./Drivers/STM32H7xx_HAL_Driver/Src/stm32h7xx_hal_dcmi.o
                0x0000000008002ad8                HAL_DCMI_Start_DMA
 .text.HAL_DCMI_ErrorCallback
                0x0000000008002bd4        0x4 ./Drivers/STM32H7xx_HAL_Driver/Src/stm32h7xx_hal_dcmi.o
                0x0000000008002bd4                HAL_DCMI_ErrorCallback
 .text.DCMI_DMAError
                0x0000000008002bd8       0x20 ./Drivers/STM32H7xx_HAL_Driver/Src/stm32h7xx_hal_dcmi.o
 .text.HAL_DCMI_IRQHandler
                0x0000000008002bf8       0x9c ./Drivers/STM32H7xx_HAL_Driver/Src/stm32h7xx_hal_dcmi.o
                0x0000000008002bf8                HAL_DCMI_IRQHandler
 .text.DMA_CalcBaseAndBitshift
                0x0000000008002c94       0xf4 ./Drivers/STM32H7xx_HAL_Driver/Src/stm32h7xx_hal_dma.o
 .text.DMA_CalcDMAMUXChannelBaseAndMask
                0x0000000008002d88       0xd8 ./Drivers/STM32H7xx_HAL_Driver/Src/stm32h7xx_hal_dma.o
 .text.HAL_DMA_Init
                0x0000000008002e60      0x4dc ./Drivers/STM32H7xx_HAL_Driver/Src/stm32h7xx_hal_dma.o
                0x0000000008002e60                HAL_DMA_Init
 .text.HAL_DMA_Start_IT
                0x000000000800333c      0x330 ./Drivers/STM32H7xx_HAL_Driver/Src/stm32h7xx_hal_dma.o
                0x000000000800333c                HAL_DMA_Start_IT
 .text.HAL_DMA_Abort_IT
                0x000000000800366c      0x194 ./Drivers/STM32H7xx_HAL_Driver/Src/stm32h7xx_hal_dma.o
                0x000000000800366c                HAL_DMA_Abort_IT
 .text.HAL_DMA_IRQHandler
                0x0000000008003800      0x6a0 ./Drivers/STM32H7xx_HAL_Driver/Src/stm32h7xx_hal_dma.o
                0x0000000008003800                HAL_DMA_IRQHandler
 .text.DMA_MultiBufferSetConfig
                0x0000000008003ea0       0x1c ./Drivers/STM32H7xx_HAL_Driver/Src/stm32h7xx_hal_dma_ex.o
 .text.HAL_DMAEx_MultiBufferStart_IT
                0x0000000008003ebc      0x470 ./Drivers/STM32H7xx_HAL_Driver/Src/stm32h7xx_hal_dma_ex.o
                0x0000000008003ebc                HAL_DMAEx_MultiBufferStart_IT
 .text.HAL_DMAEx_ChangeMemory
                0x000000000800432c       0x1c ./Drivers/STM32H7xx_HAL_Driver/Src/stm32h7xx_hal_dma_ex.o
                0x000000000800432c                HAL_DMAEx_ChangeMemory
 .text.HAL_GPIO_Init
                0x0000000008004348      0x274 ./Drivers/STM32H7xx_HAL_Driver/Src/stm32h7xx_hal_gpio.o
                0x0000000008004348                HAL_GPIO_Init
 .text.HAL_GPIO_WritePin
                0x00000000080045bc        0x8 ./Drivers/STM32H7xx_HAL_Driver/Src/stm32h7xx_hal_gpio.o
                0x00000000080045bc                HAL_GPIO_WritePin
 .text.I2C_WaitOnTXISFlagUntilTimeout
                0x00000000080045c4      0x1b8 ./Drivers/STM32H7xx_HAL_Driver/Src/stm32h7xx_hal_i2c.o
 .text.I2C_WaitOnSTOPFlagUntilTimeout
                0x000000000800477c      0x1b4 ./Drivers/STM32H7xx_HAL_Driver/Src/stm32h7xx_hal_i2c.o
 .text.HAL_I2C_Init
                0x0000000008004930       0xac ./Drivers/STM32H7xx_HAL_Driver/Src/stm32h7xx_hal_i2c.o
                0x0000000008004930                HAL_I2C_Init
 .text.HAL_I2C_Mem_Write
                0x00000000080049dc      0x254 ./Drivers/STM32H7xx_HAL_Driver/Src/stm32h7xx_hal_i2c.o
                0x00000000080049dc                HAL_I2C_Mem_Write
 .text.HAL_I2C_Mem_Read
                0x0000000008004c30      0x298 ./Drivers/STM32H7xx_HAL_Driver/Src/stm32h7xx_hal_i2c.o
                0x0000000008004c30                HAL_I2C_Mem_Read
 .text.HAL_I2CEx_ConfigAnalogFilter
                0x0000000008004ec8       0x54 ./Drivers/STM32H7xx_HAL_Driver/Src/stm32h7xx_hal_i2c_ex.o
                0x0000000008004ec8                HAL_I2CEx_ConfigAnalogFilter
 .text.HAL_I2CEx_ConfigDigitalFilter
                0x0000000008004f1c       0x58 ./Drivers/STM32H7xx_HAL_Driver/Src/stm32h7xx_hal_i2c_ex.o
                0x0000000008004f1c                HAL_I2CEx_ConfigDigitalFilter
 .text.HAL_PWREx_ConfigSupply
                0x0000000008004f74       0x48 ./Drivers/STM32H7xx_HAL_Driver/Src/stm32h7xx_hal_pwr_ex.o
                0x0000000008004f74                HAL_PWREx_ConfigSupply
 .text.HAL_RCC_GetSysClockFreq.part.0
                0x0000000008004fbc      0x108 ./Drivers/STM32H7xx_HAL_Driver/Src/stm32h7xx_hal_rcc.o
 .text.HAL_RCC_OscConfig
                0x00000000080050c4      0x5a8 ./Drivers/STM32H7xx_HAL_Driver/Src/stm32h7xx_hal_rcc.o
                0x00000000080050c4                HAL_RCC_OscConfig
 .text.HAL_RCC_MCOConfig
                0x000000000800566c       0xa4 ./Drivers/STM32H7xx_HAL_Driver/Src/stm32h7xx_hal_rcc.o
                0x000000000800566c                HAL_RCC_MCOConfig
 .text.HAL_RCC_GetSysClockFreq
                0x0000000008005710      0x140 ./Drivers/STM32H7xx_HAL_Driver/Src/stm32h7xx_hal_rcc.o
                0x0000000008005710                HAL_RCC_GetSysClockFreq
 .text.HAL_RCC_ClockConfig
                0x0000000008005850      0x250 ./Drivers/STM32H7xx_HAL_Driver/Src/stm32h7xx_hal_rcc.o
                0x0000000008005850                HAL_RCC_ClockConfig
 .text.HAL_RCC_GetHCLKFreq
                0x0000000008005aa0       0x80 ./Drivers/STM32H7xx_HAL_Driver/Src/stm32h7xx_hal_rcc.o
                0x0000000008005aa0                HAL_RCC_GetHCLKFreq
 .text.HAL_RCC_GetPCLK1Freq
                0x0000000008005b20       0x90 ./Drivers/STM32H7xx_HAL_Driver/Src/stm32h7xx_hal_rcc.o
                0x0000000008005b20                HAL_RCC_GetPCLK1Freq
 .text.HAL_RCC_GetPCLK2Freq
                0x0000000008005bb0       0x90 ./Drivers/STM32H7xx_HAL_Driver/Src/stm32h7xx_hal_rcc.o
                0x0000000008005bb0                HAL_RCC_GetPCLK2Freq
 .text.RCCEx_PLL2_Config
                0x0000000008005c40       0xf4 ./Drivers/STM32H7xx_HAL_Driver/Src/stm32h7xx_hal_rcc_ex.o
 .text.RCCEx_PLL3_Config
                0x0000000008005d34       0xf4 ./Drivers/STM32H7xx_HAL_Driver/Src/stm32h7xx_hal_rcc_ex.o
 .text.HAL_RCCEx_PeriphCLKConfig
                0x0000000008005e28      0xa90 ./Drivers/STM32H7xx_HAL_Driver/Src/stm32h7xx_hal_rcc_ex.o
                0x0000000008005e28                HAL_RCCEx_PeriphCLKConfig
 .text.HAL_RCCEx_GetD3PCLK1Freq
                0x00000000080068b8       0x24 ./Drivers/STM32H7xx_HAL_Driver/Src/stm32h7xx_hal_rcc_ex.o
                0x00000000080068b8                HAL_RCCEx_GetD3PCLK1Freq
 .text.HAL_RCCEx_GetPLL2ClockFreq
                0x00000000080068dc      0x158 ./Drivers/STM32H7xx_HAL_Driver/Src/stm32h7xx_hal_rcc_ex.o
                0x00000000080068dc                HAL_RCCEx_GetPLL2ClockFreq
 .text.HAL_RCCEx_GetPLL3ClockFreq
                0x0000000008006a34      0x158 ./Drivers/STM32H7xx_HAL_Driver/Src/stm32h7xx_hal_rcc_ex.o
                0x0000000008006a34                HAL_RCCEx_GetPLL3ClockFreq
 .text.HAL_SRAM_Init
                0x0000000008006b8c       0x6c ./Drivers/STM32H7xx_HAL_Driver/Src/stm32h7xx_hal_sram.o
                0x0000000008006b8c                HAL_SRAM_Init
 .text.UART_SetConfig
                0x0000000008006bf8      0x534 ./Drivers/STM32H7xx_HAL_Driver/Src/stm32h7xx_hal_uart.o
                0x0000000008006bf8                UART_SetConfig
 .text.UART_AdvFeatureConfig
                0x000000000800712c       0xb0 ./Drivers/STM32H7xx_HAL_Driver/Src/stm32h7xx_hal_uart.o
                0x000000000800712c                UART_AdvFeatureConfig
 .text.UART_WaitOnFlagUntilTimeout
                0x00000000080071dc       0xf0 ./Drivers/STM32H7xx_HAL_Driver/Src/stm32h7xx_hal_uart.o
                0x00000000080071dc                UART_WaitOnFlagUntilTimeout
 .text.HAL_UART_Transmit
                0x00000000080072cc      0x198 ./Drivers/STM32H7xx_HAL_Driver/Src/stm32h7xx_hal_uart.o
                0x00000000080072cc                HAL_UART_Transmit
 .text.HAL_UART_Init
                0x0000000008007464       0xd8 ./Drivers/STM32H7xx_HAL_Driver/Src/stm32h7xx_hal_uart.o
                0x0000000008007464                HAL_UART_Init
 .text.HAL_UARTEx_DisableFifoMode
                0x000000000800753c       0x3c ./Drivers/STM32H7xx_HAL_Driver/Src/stm32h7xx_hal_uart_ex.o
                0x000000000800753c                HAL_UARTEx_DisableFifoMode
 .text.HAL_UARTEx_SetTxFifoThreshold
                0x0000000008007578       0x84 ./Drivers/STM32H7xx_HAL_Driver/Src/stm32h7xx_hal_uart_ex.o
                0x0000000008007578                HAL_UARTEx_SetTxFifoThreshold
 .text.HAL_UARTEx_SetRxFifoThreshold
                0x00000000080075fc       0x84 ./Drivers/STM32H7xx_HAL_Driver/Src/stm32h7xx_hal_uart_ex.o
                0x00000000080075fc                HAL_UARTEx_SetRxFifoThreshold
 .text.FMC_NORSRAM_Init
                0x0000000008007680       0xb0 ./Drivers/STM32H7xx_HAL_Driver/Src/stm32h7xx_ll_fmc.o
                0x0000000008007680                FMC_NORSRAM_Init
 .text.FMC_NORSRAM_Timing_Init
                0x0000000008007730       0x60 ./Drivers/STM32H7xx_HAL_Driver/Src/stm32h7xx_ll_fmc.o
                0x0000000008007730                FMC_NORSRAM_Timing_Init
 .text.FMC_NORSRAM_Extended_Timing_Init
                0x0000000008007790       0x44 ./Drivers/STM32H7xx_HAL_Driver/Src/stm32h7xx_ll_fmc.o
                0x0000000008007790                FMC_NORSRAM_Extended_Timing_Init
 .text.__errno  0x00000000080077d4        0xc c:/st/stm32cubeide_1.4.0/stm32cubeide/plugins/com.st.stm32cube.ide.mcu.externaltools.gnu-tools-for-stm32.10.3-2021.10.win32_1.0.200.202301161003/tools/bin/../lib/gcc/arm-none-eabi/10.3.1/../../../../arm-none-eabi/lib/thumb/v7e-m+dp/hard\libc_nano.a(lib_a-errno.o)
                0x00000000080077d4                __errno
 .text.__libc_init_array
                0x00000000080077e0       0x48 c:/st/stm32cubeide_1.4.0/stm32cubeide/plugins/com.st.stm32cube.ide.mcu.externaltools.gnu-tools-for-stm32.10.3-2021.10.win32_1.0.200.202301161003/tools/bin/../lib/gcc/arm-none-eabi/10.3.1/../../../../arm-none-eabi/lib/thumb/v7e-m+dp/hard\libc_nano.a(lib_a-init.o)
                0x00000000080077e0                __libc_init_array
 .text.memcpy   0x0000000008007828       0x1c c:/st/stm32cubeide_1.4.0/stm32cubeide/plugins/com.st.stm32cube.ide.mcu.externaltools.gnu-tools-for-stm32.10.3-2021.10.win32_1.0.200.202301161003/tools/bin/../lib/gcc/arm-none-eabi/10.3.1/../../../../arm-none-eabi/lib/thumb/v7e-m+dp/hard\libc_nano.a(lib_a-memcpy-stub.o)
                0x0000000008007828                memcpy
 .text.memset   0x0000000008007844       0x10 c:/st/stm32cubeide_1.4.0/stm32cubeide/plugins/com.st.stm32cube.ide.mcu.externaltools.gnu-tools-for-stm32.10.3-2021.10.win32_1.0.200.202301161003/tools/bin/../lib/gcc/arm-none-eabi/10.3.1/../../../../arm-none-eabi/lib/thumb/v7e-m+dp/hard\libc_nano.a(lib_a-memset.o)
                0x0000000008007844                memset
 .text.printf   0x0000000008007854       0x30 c:/st/stm32cubeide_1.4.0/stm32cubeide/plugins/com.st.stm32cube.ide.mcu.externaltools.gnu-tools-for-stm32.10.3-2021.10.win32_1.0.200.202301161003/tools/bin/../lib/gcc/arm-none-eabi/10.3.1/../../../../arm-none-eabi/lib/thumb/v7e-m+dp/hard\libc_nano.a(lib_a-printf.o)
                0x0000000008007854                iprintf
                0x0000000008007854                printf
 .text._puts_r  0x0000000008007884       0xdc c:/st/stm32cubeide_1.4.0/stm32cubeide/plugins/com.st.stm32cube.ide.mcu.externaltools.gnu-tools-for-stm32.10.3-2021.10.win32_1.0.200.202301161003/tools/bin/../lib/gcc/arm-none-eabi/10.3.1/../../../../arm-none-eabi/lib/thumb/v7e-m+dp/hard\libc_nano.a(lib_a-puts.o)
                0x0000000008007884                _puts_r
 .text.puts     0x0000000008007960       0x10 c:/st/stm32cubeide_1.4.0/stm32cubeide/plugins/com.st.stm32cube.ide.mcu.externaltools.gnu-tools-for-stm32.10.3-2021.10.win32_1.0.200.202301161003/tools/bin/../lib/gcc/arm-none-eabi/10.3.1/../../../../arm-none-eabi/lib/thumb/v7e-m+dp/hard\libc_nano.a(lib_a-puts.o)
                0x0000000008007960                puts
 .text.__swbuf_r
                0x0000000008007970       0xa4 c:/st/stm32cubeide_1.4.0/stm32cubeide/plugins/com.st.stm32cube.ide.mcu.externaltools.gnu-tools-for-stm32.10.3-2021.10.win32_1.0.200.202301161003/tools/bin/../lib/gcc/arm-none-eabi/10.3.1/../../../../arm-none-eabi/lib/thumb/v7e-m+dp/hard\libc_nano.a(lib_a-wbuf.o)
                0x0000000008007970                __swbuf_r
 .text.__swsetup_r
                0x0000000008007a14       0xdc c:/st/stm32cubeide_1.4.0/stm32cubeide/plugins/com.st.stm32cube.ide.mcu.externaltools.gnu-tools-for-stm32.10.3-2021.10.win32_1.0.200.202301161003/tools/bin/../lib/gcc/arm-none-eabi/10.3.1/../../../../arm-none-eabi/lib/thumb/v7e-m+dp/hard\libc_nano.a(lib_a-wsetup.o)
                0x0000000008007a14                __swsetup_r
 .text.__sflush_r
                0x0000000008007af0      0x10c c:/st/stm32cubeide_1.4.0/stm32cubeide/plugins/com.st.stm32cube.ide.mcu.externaltools.gnu-tools-for-stm32.10.3-2021.10.win32_1.0.200.202301161003/tools/bin/../lib/gcc/arm-none-eabi/10.3.1/../../../../arm-none-eabi/lib/thumb/v7e-m+dp/hard\libc_nano.a(lib_a-fflush.o)
                0x0000000008007af0                __sflush_r
 .text._fflush_r
                0x0000000008007bfc       0x78 c:/st/stm32cubeide_1.4.0/stm32cubeide/plugins/com.st.stm32cube.ide.mcu.externaltools.gnu-tools-for-stm32.10.3-2021.10.win32_1.0.200.202301161003/tools/bin/../lib/gcc/arm-none-eabi/10.3.1/../../../../arm-none-eabi/lib/thumb/v7e-m+dp/hard\libc_nano.a(lib_a-fflush.o)
                0x0000000008007bfc                _fflush_r
 .text.std      0x0000000008007c74       0x48 c:/st/stm32cubeide_1.4.0/stm32cubeide/plugins/com.st.stm32cube.ide.mcu.externaltools.gnu-tools-for-stm32.10.3-2021.10.win32_1.0.200.202301161003/tools/bin/../lib/gcc/arm-none-eabi/10.3.1/../../../../arm-none-eabi/lib/thumb/v7e-m+dp/hard\libc_nano.a(lib_a-findfp.o)
 .text._cleanup_r
                0x0000000008007cbc        0xc c:/st/stm32cubeide_1.4.0/stm32cubeide/plugins/com.st.stm32cube.ide.mcu.externaltools.gnu-tools-for-stm32.10.3-2021.10.win32_1.0.200.202301161003/tools/bin/../lib/gcc/arm-none-eabi/10.3.1/../../../../arm-none-eabi/lib/thumb/v7e-m+dp/hard\libc_nano.a(lib_a-findfp.o)
                0x0000000008007cbc                _cleanup_r
 .text.__sfmoreglue
                0x0000000008007cc8       0x2c c:/st/stm32cubeide_1.4.0/stm32cubeide/plugins/com.st.stm32cube.ide.mcu.externaltools.gnu-tools-for-stm32.10.3-2021.10.win32_1.0.200.202301161003/tools/bin/../lib/gcc/arm-none-eabi/10.3.1/../../../../arm-none-eabi/lib/thumb/v7e-m+dp/hard\libc_nano.a(lib_a-findfp.o)
                0x0000000008007cc8                __sfmoreglue
 .text.__sfp_lock_acquire
                0x0000000008007cf4        0xc c:/st/stm32cubeide_1.4.0/stm32cubeide/plugins/com.st.stm32cube.ide.mcu.externaltools.gnu-tools-for-stm32.10.3-2021.10.win32_1.0.200.202301161003/tools/bin/../lib/gcc/arm-none-eabi/10.3.1/../../../../arm-none-eabi/lib/thumb/v7e-m+dp/hard\libc_nano.a(lib_a-findfp.o)
                0x0000000008007cf4                __sfp_lock_acquire
 .text.__sfp_lock_release
                0x0000000008007d00        0xc c:/st/stm32cubeide_1.4.0/stm32cubeide/plugins/com.st.stm32cube.ide.mcu.externaltools.gnu-tools-for-stm32.10.3-2021.10.win32_1.0.200.202301161003/tools/bin/../lib/gcc/arm-none-eabi/10.3.1/../../../../arm-none-eabi/lib/thumb/v7e-m+dp/hard\libc_nano.a(lib_a-findfp.o)
                0x0000000008007d00                __sfp_lock_release
 .text.__sinit_lock_acquire
                0x0000000008007d0c        0xc c:/st/stm32cubeide_1.4.0/stm32cubeide/plugins/com.st.stm32cube.ide.mcu.externaltools.gnu-tools-for-stm32.10.3-2021.10.win32_1.0.200.202301161003/tools/bin/../lib/gcc/arm-none-eabi/10.3.1/../../../../arm-none-eabi/lib/thumb/v7e-m+dp/hard\libc_nano.a(lib_a-findfp.o)
                0x0000000008007d0c                __sinit_lock_acquire
 .text.__sinit_lock_release
                0x0000000008007d18        0xc c:/st/stm32cubeide_1.4.0/stm32cubeide/plugins/com.st.stm32cube.ide.mcu.externaltools.gnu-tools-for-stm32.10.3-2021.10.win32_1.0.200.202301161003/tools/bin/../lib/gcc/arm-none-eabi/10.3.1/../../../../arm-none-eabi/lib/thumb/v7e-m+dp/hard\libc_nano.a(lib_a-findfp.o)
                0x0000000008007d18                __sinit_lock_release
 .text.__sinit  0x0000000008007d24       0x70 c:/st/stm32cubeide_1.4.0/stm32cubeide/plugins/com.st.stm32cube.ide.mcu.externaltools.gnu-tools-for-stm32.10.3-2021.10.win32_1.0.200.202301161003/tools/bin/../lib/gcc/arm-none-eabi/10.3.1/../../../../arm-none-eabi/lib/thumb/v7e-m+dp/hard\libc_nano.a(lib_a-findfp.o)
                0x0000000008007d24                __sinit
 .text.__sfp    0x0000000008007d94       0x8c c:/st/stm32cubeide_1.4.0/stm32cubeide/plugins/com.st.stm32cube.ide.mcu.externaltools.gnu-tools-for-stm32.10.3-2021.10.win32_1.0.200.202301161003/tools/bin/../lib/gcc/arm-none-eabi/10.3.1/../../../../arm-none-eabi/lib/thumb/v7e-m+dp/hard\libc_nano.a(lib_a-findfp.o)
                0x0000000008007d94                __sfp
 .text._fwalk_reent
                0x0000000008007e20       0x3e c:/st/stm32cubeide_1.4.0/stm32cubeide/plugins/com.st.stm32cube.ide.mcu.externaltools.gnu-tools-for-stm32.10.3-2021.10.win32_1.0.200.202301161003/tools/bin/../lib/gcc/arm-none-eabi/10.3.1/../../../../arm-none-eabi/lib/thumb/v7e-m+dp/hard\libc_nano.a(lib_a-fwalk.o)
                0x0000000008007e20                _fwalk_reent
 .text.__retarget_lock_init_recursive
                0x0000000008007e5e        0x2 c:/st/stm32cubeide_1.4.0/stm32cubeide/plugins/com.st.stm32cube.ide.mcu.externaltools.gnu-tools-for-stm32.10.3-2021.10.win32_1.0.200.202301161003/tools/bin/../lib/gcc/arm-none-eabi/10.3.1/../../../../arm-none-eabi/lib/thumb/v7e-m+dp/hard\libc_nano.a(lib_a-lock.o)
                0x0000000008007e5e                __retarget_lock_init_recursive
 .text.__retarget_lock_acquire_recursive
                0x0000000008007e60        0x2 c:/st/stm32cubeide_1.4.0/stm32cubeide/plugins/com.st.stm32cube.ide.mcu.externaltools.gnu-tools-for-stm32.10.3-2021.10.win32_1.0.200.202301161003/tools/bin/../lib/gcc/arm-none-eabi/10.3.1/../../../../arm-none-eabi/lib/thumb/v7e-m+dp/hard\libc_nano.a(lib_a-lock.o)
                0x0000000008007e60                __retarget_lock_acquire_recursive
 .text.__retarget_lock_release_recursive
                0x0000000008007e62        0x2 c:/st/stm32cubeide_1.4.0/stm32cubeide/plugins/com.st.stm32cube.ide.mcu.externaltools.gnu-tools-for-stm32.10.3-2021.10.win32_1.0.200.202301161003/tools/bin/../lib/gcc/arm-none-eabi/10.3.1/../../../../arm-none-eabi/lib/thumb/v7e-m+dp/hard\libc_nano.a(lib_a-lock.o)
                0x0000000008007e62                __retarget_lock_release_recursive
 .text.__swhatbuf_r
                0x0000000008007e64       0x4a c:/st/stm32cubeide_1.4.0/stm32cubeide/plugins/com.st.stm32cube.ide.mcu.externaltools.gnu-tools-for-stm32.10.3-2021.10.win32_1.0.200.202301161003/tools/bin/../lib/gcc/arm-none-eabi/10.3.1/../../../../arm-none-eabi/lib/thumb/v7e-m+dp/hard\libc_nano.a(lib_a-makebuf.o)
                0x0000000008007e64                __swhatbuf_r
 *fill*         0x0000000008007eae        0x2 
 .text.__smakebuf_r
                0x0000000008007eb0       0x80 c:/st/stm32cubeide_1.4.0/stm32cubeide/plugins/com.st.stm32cube.ide.mcu.externaltools.gnu-tools-for-stm32.10.3-2021.10.win32_1.0.200.202301161003/tools/bin/../lib/gcc/arm-none-eabi/10.3.1/../../../../arm-none-eabi/lib/thumb/v7e-m+dp/hard\libc_nano.a(lib_a-makebuf.o)
                0x0000000008007eb0                __smakebuf_r
 .text._free_r  0x0000000008007f30       0x98 c:/st/stm32cubeide_1.4.0/stm32cubeide/plugins/com.st.stm32cube.ide.mcu.externaltools.gnu-tools-for-stm32.10.3-2021.10.win32_1.0.200.202301161003/tools/bin/../lib/gcc/arm-none-eabi/10.3.1/../../../../arm-none-eabi/lib/thumb/v7e-m+dp/hard\libc_nano.a(lib_a-nano-freer.o)
                0x0000000008007f30                _free_r
 .text.sbrk_aligned
                0x0000000008007fc8       0x40 c:/st/stm32cubeide_1.4.0/stm32cubeide/plugins/com.st.stm32cube.ide.mcu.externaltools.gnu-tools-for-stm32.10.3-2021.10.win32_1.0.200.202301161003/tools/bin/../lib/gcc/arm-none-eabi/10.3.1/../../../../arm-none-eabi/lib/thumb/v7e-m+dp/hard\libc_nano.a(lib_a-nano-mallocr.o)
 .text._malloc_r
                0x0000000008008008       0xe8 c:/st/stm32cubeide_1.4.0/stm32cubeide/plugins/com.st.stm32cube.ide.mcu.externaltools.gnu-tools-for-stm32.10.3-2021.10.win32_1.0.200.202301161003/tools/bin/../lib/gcc/arm-none-eabi/10.3.1/../../../../arm-none-eabi/lib/thumb/v7e-m+dp/hard\libc_nano.a(lib_a-nano-mallocr.o)
                0x0000000008008008                _malloc_r
 .text.__sfputc_r
                0x00000000080080f0       0x2e c:/st/stm32cubeide_1.4.0/stm32cubeide/plugins/com.st.stm32cube.ide.mcu.externaltools.gnu-tools-for-stm32.10.3-2021.10.win32_1.0.200.202301161003/tools/bin/../lib/gcc/arm-none-eabi/10.3.1/../../../../arm-none-eabi/lib/thumb/v7e-m+dp/hard\libc_nano.a(lib_a-nano-vfprintf.o)
 .text.__sfputs_r
                0x000000000800811e       0x24 c:/st/stm32cubeide_1.4.0/stm32cubeide/plugins/com.st.stm32cube.ide.mcu.externaltools.gnu-tools-for-stm32.10.3-2021.10.win32_1.0.200.202301161003/tools/bin/../lib/gcc/arm-none-eabi/10.3.1/../../../../arm-none-eabi/lib/thumb/v7e-m+dp/hard\libc_nano.a(lib_a-nano-vfprintf.o)
                0x000000000800811e                __sfputs_r
 *fill*         0x0000000008008142        0x2 
 .text._vfprintf_r
                0x0000000008008144      0x260 c:/st/stm32cubeide_1.4.0/stm32cubeide/plugins/com.st.stm32cube.ide.mcu.externaltools.gnu-tools-for-stm32.10.3-2021.10.win32_1.0.200.202301161003/tools/bin/../lib/gcc/arm-none-eabi/10.3.1/../../../../arm-none-eabi/lib/thumb/v7e-m+dp/hard\libc_nano.a(lib_a-nano-vfprintf.o)
                0x0000000008008144                _vfprintf_r
                0x0000000008008144                _vfiprintf_r
 .text._printf_common
                0x00000000080083a4       0xda c:/st/stm32cubeide_1.4.0/stm32cubeide/plugins/com.st.stm32cube.ide.mcu.externaltools.gnu-tools-for-stm32.10.3-2021.10.win32_1.0.200.202301161003/tools/bin/../lib/gcc/arm-none-eabi/10.3.1/../../../../arm-none-eabi/lib/thumb/v7e-m+dp/hard\libc_nano.a(lib_a-nano-vfprintf_i.o)
                0x00000000080083a4                _printf_common
 *fill*         0x000000000800847e        0x2 
 .text._printf_i
                0x0000000008008480      0x24c c:/st/stm32cubeide_1.4.0/stm32cubeide/plugins/com.st.stm32cube.ide.mcu.externaltools.gnu-tools-for-stm32.10.3-2021.10.win32_1.0.200.202301161003/tools/bin/../lib/gcc/arm-none-eabi/10.3.1/../../../../arm-none-eabi/lib/thumb/v7e-m+dp/hard\libc_nano.a(lib_a-nano-vfprintf_i.o)
                0x0000000008008480                _printf_i
 .text._sbrk_r  0x00000000080086cc       0x20 c:/st/stm32cubeide_1.4.0/stm32cubeide/plugins/com.st.stm32cube.ide.mcu.externaltools.gnu-tools-for-stm32.10.3-2021.10.win32_1.0.200.202301161003/tools/bin/../lib/gcc/arm-none-eabi/10.3.1/../../../../arm-none-eabi/lib/thumb/v7e-m+dp/hard\libc_nano.a(lib_a-sbrkr.o)
                0x00000000080086cc                _sbrk_r
 .text.__sread  0x00000000080086ec       0x22 c:/st/stm32cubeide_1.4.0/stm32cubeide/plugins/com.st.stm32cube.ide.mcu.externaltools.gnu-tools-for-stm32.10.3-2021.10.win32_1.0.200.202301161003/tools/bin/../lib/gcc/arm-none-eabi/10.3.1/../../../../arm-none-eabi/lib/thumb/v7e-m+dp/hard\libc_nano.a(lib_a-stdio.o)
                0x00000000080086ec                __sread
 .text.__swrite
                0x000000000800870e       0x38 c:/st/stm32cubeide_1.4.0/stm32cubeide/plugins/com.st.stm32cube.ide.mcu.externaltools.gnu-tools-for-stm32.10.3-2021.10.win32_1.0.200.202301161003/tools/bin/../lib/gcc/arm-none-eabi/10.3.1/../../../../arm-none-eabi/lib/thumb/v7e-m+dp/hard\libc_nano.a(lib_a-stdio.o)
                0x000000000800870e                __swrite
 .text.__sseek  0x0000000008008746       0x24 c:/st/stm32cubeide_1.4.0/stm32cubeide/plugins/com.st.stm32cube.ide.mcu.externaltools.gnu-tools-for-stm32.10.3-2021.10.win32_1.0.200.202301161003/tools/bin/../lib/gcc/arm-none-eabi/10.3.1/../../../../arm-none-eabi/lib/thumb/v7e-m+dp/hard\libc_nano.a(lib_a-stdio.o)
                0x0000000008008746                __sseek
 .text.__sclose
                0x000000000800876a        0x8 c:/st/stm32cubeide_1.4.0/stm32cubeide/plugins/com.st.stm32cube.ide.mcu.externaltools.gnu-tools-for-stm32.10.3-2021.10.win32_1.0.200.202301161003/tools/bin/../lib/gcc/arm-none-eabi/10.3.1/../../../../arm-none-eabi/lib/thumb/v7e-m+dp/hard\libc_nano.a(lib_a-stdio.o)
                0x000000000800876a                __sclose
 *fill*         0x0000000008008772        0x2 
 .text._write_r
                0x0000000008008774       0x24 c:/st/stm32cubeide_1.4.0/stm32cubeide/plugins/com.st.stm32cube.ide.mcu.externaltools.gnu-tools-for-stm32.10.3-2021.10.win32_1.0.200.202301161003/tools/bin/../lib/gcc/arm-none-eabi/10.3.1/../../../../arm-none-eabi/lib/thumb/v7e-m+dp/hard\libc_nano.a(lib_a-writer.o)
                0x0000000008008774                _write_r
 .text._close_r
                0x0000000008008798       0x20 c:/st/stm32cubeide_1.4.0/stm32cubeide/plugins/com.st.stm32cube.ide.mcu.externaltools.gnu-tools-for-stm32.10.3-2021.10.win32_1.0.200.202301161003/tools/bin/../lib/gcc/arm-none-eabi/10.3.1/../../../../arm-none-eabi/lib/thumb/v7e-m+dp/hard\libc_nano.a(lib_a-closer.o)
                0x0000000008008798                _close_r
 .text._fstat_r
                0x00000000080087b8       0x24 c:/st/stm32cubeide_1.4.0/stm32cubeide/plugins/com.st.stm32cube.ide.mcu.externaltools.gnu-tools-for-stm32.10.3-2021.10.win32_1.0.200.202301161003/tools/bin/../lib/gcc/arm-none-eabi/10.3.1/../../../../arm-none-eabi/lib/thumb/v7e-m+dp/hard\libc_nano.a(lib_a-fstatr.o)
                0x00000000080087b8                _fstat_r
 .text._isatty_r
                0x00000000080087dc       0x20 c:/st/stm32cubeide_1.4.0/stm32cubeide/plugins/com.st.stm32cube.ide.mcu.externaltools.gnu-tools-for-stm32.10.3-2021.10.win32_1.0.200.202301161003/tools/bin/../lib/gcc/arm-none-eabi/10.3.1/../../../../arm-none-eabi/lib/thumb/v7e-m+dp/hard\libc_nano.a(lib_a-isattyr.o)
                0x00000000080087dc                _isatty_r
 .text._lseek_r
                0x00000000080087fc       0x24 c:/st/stm32cubeide_1.4.0/stm32cubeide/plugins/com.st.stm32cube.ide.mcu.externaltools.gnu-tools-for-stm32.10.3-2021.10.win32_1.0.200.202301161003/tools/bin/../lib/gcc/arm-none-eabi/10.3.1/../../../../arm-none-eabi/lib/thumb/v7e-m+dp/hard\libc_nano.a(lib_a-lseekr.o)
                0x00000000080087fc                _lseek_r
 .text.__malloc_lock
                0x0000000008008820        0xc c:/st/stm32cubeide_1.4.0/stm32cubeide/plugins/com.st.stm32cube.ide.mcu.externaltools.gnu-tools-for-stm32.10.3-2021.10.win32_1.0.200.202301161003/tools/bin/../lib/gcc/arm-none-eabi/10.3.1/../../../../arm-none-eabi/lib/thumb/v7e-m+dp/hard\libc_nano.a(lib_a-mlock.o)
                0x0000000008008820                __malloc_lock
 .text.__malloc_unlock
                0x000000000800882c        0xc c:/st/stm32cubeide_1.4.0/stm32cubeide/plugins/com.st.stm32cube.ide.mcu.externaltools.gnu-tools-for-stm32.10.3-2021.10.win32_1.0.200.202301161003/tools/bin/../lib/gcc/arm-none-eabi/10.3.1/../../../../arm-none-eabi/lib/thumb/v7e-m+dp/hard\libc_nano.a(lib_a-mlock.o)
                0x000000000800882c                __malloc_unlock
 .text._read_r  0x0000000008008838       0x24 c:/st/stm32cubeide_1.4.0/stm32cubeide/plugins/com.st.stm32cube.ide.mcu.externaltools.gnu-tools-for-stm32.10.3-2021.10.win32_1.0.200.202301161003/tools/bin/../lib/gcc/arm-none-eabi/10.3.1/../../../../arm-none-eabi/lib/thumb/v7e-m+dp/hard\libc_nano.a(lib_a-readr.o)
                0x0000000008008838                _read_r
 *(.glue_7)
 .glue_7        0x000000000800885c        0x0 linker stubs
 *(.glue_7t)
 .glue_7t       0x000000000800885c        0x0 linker stubs
 *(.eh_frame)
 .eh_frame      0x000000000800885c        0x0 c:/st/stm32cubeide_1.4.0/stm32cubeide/plugins/com.st.stm32cube.ide.mcu.externaltools.gnu-tools-for-stm32.10.3-2021.10.win32_1.0.200.202301161003/tools/bin/../lib/gcc/arm-none-eabi/10.3.1/thumb/v7e-m+dp/hard/crtbegin.o
 *(.init)
 .init          0x000000000800885c        0x4 c:/st/stm32cubeide_1.4.0/stm32cubeide/plugins/com.st.stm32cube.ide.mcu.externaltools.gnu-tools-for-stm32.10.3-2021.10.win32_1.0.200.202301161003/tools/bin/../lib/gcc/arm-none-eabi/10.3.1/thumb/v7e-m+dp/hard/crti.o
                0x000000000800885c                _init
 .init          0x0000000008008860        0x8 c:/st/stm32cubeide_1.4.0/stm32cubeide/plugins/com.st.stm32cube.ide.mcu.externaltools.gnu-tools-for-stm32.10.3-2021.10.win32_1.0.200.202301161003/tools/bin/../lib/gcc/arm-none-eabi/10.3.1/thumb/v7e-m+dp/hard/crtn.o
 *(.fini)
 .fini          0x0000000008008868        0x4 c:/st/stm32cubeide_1.4.0/stm32cubeide/plugins/com.st.stm32cube.ide.mcu.externaltools.gnu-tools-for-stm32.10.3-2021.10.win32_1.0.200.202301161003/tools/bin/../lib/gcc/arm-none-eabi/10.3.1/thumb/v7e-m+dp/hard/crti.o
                0x0000000008008868                _fini
 .fini          0x000000000800886c        0x8 c:/st/stm32cubeide_1.4.0/stm32cubeide/plugins/com.st.stm32cube.ide.mcu.externaltools.gnu-tools-for-stm32.10.3-2021.10.win32_1.0.200.202301161003/tools/bin/../lib/gcc/arm-none-eabi/10.3.1/thumb/v7e-m+dp/hard/crtn.o
                0x0000000008008874                . = ALIGN (0x4)
                0x0000000008008874                _etext = .

.vfp11_veneer   0x0000000008008874        0x0
 .vfp11_veneer  0x0000000008008874        0x0 linker stubs

.v4_bx          0x0000000008008874        0x0
 .v4_bx         0x0000000008008874        0x0 linker stubs

.iplt           0x0000000008008874        0x0
 .iplt          0x0000000008008874        0x0 c:/st/stm32cubeide_1.4.0/stm32cubeide/plugins/com.st.stm32cube.ide.mcu.externaltools.gnu-tools-for-stm32.10.3-2021.10.win32_1.0.200.202301161003/tools/bin/../lib/gcc/arm-none-eabi/10.3.1/thumb/v7e-m+dp/hard/crtbegin.o

.rodata         0x0000000008008874      0x998
                0x0000000008008874                . = ALIGN (0x4)
 *(.rodata)
 *(.rodata*)
 .rodata.print_network_information.str1.4
                0x0000000008008874       0x9f ./Core/Src/main.o
 *fill*         0x0000000008008913        0x1 
 .rodata._InitW5300.str1.4
                0x0000000008008914       0x35 ./Core/Src/main.o
 *fill*         0x0000000008008949        0x3 
 .rodata._init_cam.str1.4
                0x000000000800894c       0x11 ./Core/Src/main.o
 *fill*         0x000000000800895d        0x3 
 .rodata.ProcessCamTcps.str1.4
                0x0000000008008960       0x36 ./Core/Src/main.o
 *fill*         0x0000000008008996        0x2 
 .rodata.main.str1.4
                0x0000000008008998       0x35 ./Core/Src/main.o
 *fill*         0x00000000080089cd        0x3 
 .rodata.OV2640_480x272
                0x00000000080089d0      0x1da ./Core/Src/ov2640.o
                0x00000000080089d0                OV2640_480x272
 *fill*         0x0000000008008baa        0x2 
 .rodata.OV2640_QQVGA
                0x0000000008008bac      0x1b8 ./Core/Src/ov2640.o
                0x0000000008008bac                OV2640_QQVGA
 .rodata.OV2640_QVGA
                0x0000000008008d64      0x1b8 ./Core/Src/ov2640.o
                0x0000000008008d64                OV2640_QVGA
 .rodata.OV2640_VGA
                0x0000000008008f1c      0x1da ./Core/Src/ov2640.o
                0x0000000008008f1c                OV2640_VGA
 *fill*         0x00000000080090f6        0x2 
 .rodata.D1CorePrescTable
                0x00000000080090f8       0x10 ./Core/Src/system_stm32h7xx.o
                0x00000000080090f8                D1CorePrescTable
 .rodata.flagBitshiftOffset.0
                0x0000000008009108        0x8 ./Drivers/STM32H7xx_HAL_Driver/Src/stm32h7xx_hal_dma.o
 .rodata.CSWTCH.61
                0x0000000008009110       0x29 ./Drivers/STM32H7xx_HAL_Driver/Src/stm32h7xx_hal_uart.o
 *fill*         0x0000000008009139        0x3 
 .rodata.CSWTCH.62
                0x000000000800913c        0x6 ./Drivers/STM32H7xx_HAL_Driver/Src/stm32h7xx_hal_uart.o
 *fill*         0x0000000008009142        0x2 
 .rodata.CSWTCH.69
                0x0000000008009144        0x6 ./Drivers/STM32H7xx_HAL_Driver/Src/stm32h7xx_hal_uart.o
 *fill*         0x000000000800914a        0x2 
 .rodata.UARTPrescTable
                0x000000000800914c       0x18 ./Drivers/STM32H7xx_HAL_Driver/Src/stm32h7xx_hal_uart.o
                0x000000000800914c                UARTPrescTable
 .rodata.denominator.0
                0x0000000008009164        0x8 ./Drivers/STM32H7xx_HAL_Driver/Src/stm32h7xx_hal_uart_ex.o
 .rodata.numerator.1
                0x000000000800916c        0x8 ./Drivers/STM32H7xx_HAL_Driver/Src/stm32h7xx_hal_uart_ex.o
 .rodata._global_impure_ptr
                0x0000000008009174        0x4 c:/st/stm32cubeide_1.4.0/stm32cubeide/plugins/com.st.stm32cube.ide.mcu.externaltools.gnu-tools-for-stm32.10.3-2021.10.win32_1.0.200.202301161003/tools/bin/../lib/gcc/arm-none-eabi/10.3.1/../../../../arm-none-eabi/lib/thumb/v7e-m+dp/hard\libc_nano.a(lib_a-impure.o)
                0x0000000008009174                _global_impure_ptr
 .rodata.__sf_fake_stderr
                0x0000000008009178       0x20 c:/st/stm32cubeide_1.4.0/stm32cubeide/plugins/com.st.stm32cube.ide.mcu.externaltools.gnu-tools-for-stm32.10.3-2021.10.win32_1.0.200.202301161003/tools/bin/../lib/gcc/arm-none-eabi/10.3.1/../../../../arm-none-eabi/lib/thumb/v7e-m+dp/hard\libc_nano.a(lib_a-findfp.o)
                0x0000000008009178                __sf_fake_stderr
 .rodata.__sf_fake_stdin
                0x0000000008009198       0x20 c:/st/stm32cubeide_1.4.0/stm32cubeide/plugins/com.st.stm32cube.ide.mcu.externaltools.gnu-tools-for-stm32.10.3-2021.10.win32_1.0.200.202301161003/tools/bin/../lib/gcc/arm-none-eabi/10.3.1/../../../../arm-none-eabi/lib/thumb/v7e-m+dp/hard\libc_nano.a(lib_a-findfp.o)
                0x0000000008009198                __sf_fake_stdin
 .rodata.__sf_fake_stdout
                0x00000000080091b8       0x20 c:/st/stm32cubeide_1.4.0/stm32cubeide/plugins/com.st.stm32cube.ide.mcu.externaltools.gnu-tools-for-stm32.10.3-2021.10.win32_1.0.200.202301161003/tools/bin/../lib/gcc/arm-none-eabi/10.3.1/../../../../arm-none-eabi/lib/thumb/v7e-m+dp/hard\libc_nano.a(lib_a-findfp.o)
                0x00000000080091b8                __sf_fake_stdout
 .rodata._vfprintf_r.str1.1
                0x00000000080091d8       0x11 c:/st/stm32cubeide_1.4.0/stm32cubeide/plugins/com.st.stm32cube.ide.mcu.externaltools.gnu-tools-for-stm32.10.3-2021.10.win32_1.0.200.202301161003/tools/bin/../lib/gcc/arm-none-eabi/10.3.1/../../../../arm-none-eabi/lib/thumb/v7e-m+dp/hard\libc_nano.a(lib_a-nano-vfprintf.o)
 .rodata._printf_i.str1.1
                0x00000000080091e9       0x22 c:/st/stm32cubeide_1.4.0/stm32cubeide/plugins/com.st.stm32cube.ide.mcu.externaltools.gnu-tools-for-stm32.10.3-2021.10.win32_1.0.200.202301161003/tools/bin/../lib/gcc/arm-none-eabi/10.3.1/../../../../arm-none-eabi/lib/thumb/v7e-m+dp/hard\libc_nano.a(lib_a-nano-vfprintf_i.o)
                0x000000000800920c                . = ALIGN (0x4)
 *fill*         0x000000000800920b        0x1 

.ARM.extab
 *(.ARM.extab* .gnu.linkonce.armextab.*)

.ARM            0x000000000800920c        0x8
                0x000000000800920c                __exidx_start = .
 *(.ARM.exidx*)
 .ARM.exidx     0x000000000800920c        0x8 c:/st/stm32cubeide_1.4.0/stm32cubeide/plugins/com.st.stm32cube.ide.mcu.externaltools.gnu-tools-for-stm32.10.3-2021.10.win32_1.0.200.202301161003/tools/bin/../lib/gcc/arm-none-eabi/10.3.1/thumb/v7e-m+dp/hard\libgcc.a(_udivmoddi4.o)
                0x0000000008009214                __exidx_end = .

.rel.dyn        0x0000000008009214        0x0
 .rel.iplt      0x0000000008009214        0x0 c:/st/stm32cubeide_1.4.0/stm32cubeide/plugins/com.st.stm32cube.ide.mcu.externaltools.gnu-tools-for-stm32.10.3-2021.10.win32_1.0.200.202301161003/tools/bin/../lib/gcc/arm-none-eabi/10.3.1/thumb/v7e-m+dp/hard/crtbegin.o

.preinit_array  0x0000000008009214        0x0
                0x0000000008009214                PROVIDE (__preinit_array_start = .)
 *(.preinit_array*)
                0x0000000008009214                PROVIDE (__preinit_array_end = .)

.init_array     0x0000000008009214        0x4
                0x0000000008009214                PROVIDE (__init_array_start = .)
 *(SORT_BY_NAME(.init_array.*))
 *(.init_array*)
 .init_array    0x0000000008009214        0x4 c:/st/stm32cubeide_1.4.0/stm32cubeide/plugins/com.st.stm32cube.ide.mcu.externaltools.gnu-tools-for-stm32.10.3-2021.10.win32_1.0.200.202301161003/tools/bin/../lib/gcc/arm-none-eabi/10.3.1/thumb/v7e-m+dp/hard/crtbegin.o
                0x0000000008009218                PROVIDE (__init_array_end = .)

.fini_array     0x0000000008009218        0x4
                [!provide]                        PROVIDE (__fini_array_start = .)
 *(SORT_BY_NAME(.fini_array.*))
 *(.fini_array*)
 .fini_array    0x0000000008009218        0x4 c:/st/stm32cubeide_1.4.0/stm32cubeide/plugins/com.st.stm32cube.ide.mcu.externaltools.gnu-tools-for-stm32.10.3-2021.10.win32_1.0.200.202301161003/tools/bin/../lib/gcc/arm-none-eabi/10.3.1/thumb/v7e-m+dp/hard/crtbegin.o
                [!provide]                        PROVIDE (__fini_array_end = .)
                0x000000000800921c                _sidata = LOADADDR (.data)

.data           0x0000000024000000       0xd4 load address 0x000000000800921c
                0x0000000024000000                . = ALIGN (0x4)
                0x0000000024000000                _sdata = .
 *(.data)
 *(.data*)
 .data.sock_any_port
                0x0000000024000000        0x2 ./Core/Src/Ethernet/socket.o
 *fill*         0x0000000024000002        0x2 
 .data.WIZCHIP  0x0000000024000004       0x2c ./Core/Src/Ethernet/wizchip_conf.o
                0x0000000024000004                WIZCHIP
 .data.dDestport
                0x0000000024000030        0x4 ./Core/Src/main.o
                0x0000000024000030                dDestport
 .data.gImgTransferFlag
                0x0000000024000034        0x4 ./Core/Src/main.o
                0x0000000024000034                gImgTransferFlag
 .data.gWIZNETINFO
                0x0000000024000038       0x17 ./Core/Src/main.o
                0x0000000024000038                gWIZNETINFO
 *fill*         0x000000002400004f        0x1 
 .data.wiznet_memsize
                0x0000000024000050       0x10 ./Core/Src/main.o
                0x0000000024000050                wiznet_memsize
 .data.SystemCoreClock
                0x0000000024000060        0x4 ./Core/Src/system_stm32h7xx.o
                0x0000000024000060                SystemCoreClock
 .data.SystemD2Clock
                0x0000000024000064        0x4 ./Core/Src/system_stm32h7xx.o
                0x0000000024000064                SystemD2Clock
 .data.uwTickFreq
                0x0000000024000068        0x1 ./Drivers/STM32H7xx_HAL_Driver/Src/stm32h7xx_hal.o
                0x0000000024000068                uwTickFreq
 *fill*         0x0000000024000069        0x3 
 .data.uwTickPrio
                0x000000002400006c        0x4 ./Drivers/STM32H7xx_HAL_Driver/Src/stm32h7xx_hal.o
                0x000000002400006c                uwTickPrio
 .data._impure_ptr
                0x0000000024000070        0x4 c:/st/stm32cubeide_1.4.0/stm32cubeide/plugins/com.st.stm32cube.ide.mcu.externaltools.gnu-tools-for-stm32.10.3-2021.10.win32_1.0.200.202301161003/tools/bin/../lib/gcc/arm-none-eabi/10.3.1/../../../../arm-none-eabi/lib/thumb/v7e-m+dp/hard\libc_nano.a(lib_a-impure.o)
                0x0000000024000070                _impure_ptr
 .data.impure_data
                0x0000000024000074       0x60 c:/st/stm32cubeide_1.4.0/stm32cubeide/plugins/com.st.stm32cube.ide.mcu.externaltools.gnu-tools-for-stm32.10.3-2021.10.win32_1.0.200.202301161003/tools/bin/../lib/gcc/arm-none-eabi/10.3.1/../../../../arm-none-eabi/lib/thumb/v7e-m+dp/hard\libc_nano.a(lib_a-impure.o)
 *(.RamFunc)
 *(.RamFunc*)
                0x00000000240000d4                . = ALIGN (0x4)
                0x00000000240000d4                _edata = .

.igot.plt       0x00000000240000d4        0x0 load address 0x00000000080092f0
 .igot.plt      0x00000000240000d4        0x0 c:/st/stm32cubeide_1.4.0/stm32cubeide/plugins/com.st.stm32cube.ide.mcu.externaltools.gnu-tools-for-stm32.10.3-2021.10.win32_1.0.200.202301161003/tools/bin/../lib/gcc/arm-none-eabi/10.3.1/thumb/v7e-m+dp/hard/crtbegin.o
                0x00000000240000d4                . = ALIGN (0x4)

.bss            0x00000000240000d8      0xf68 load address 0x00000000080092f0
                0x00000000240000d8                _sbss = .
                0x00000000240000d8                __bss_start__ = _sbss
 *(.bss)
 .bss           0x00000000240000d8       0x1c c:/st/stm32cubeide_1.4.0/stm32cubeide/plugins/com.st.stm32cube.ide.mcu.externaltools.gnu-tools-for-stm32.10.3-2021.10.win32_1.0.200.202301161003/tools/bin/../lib/gcc/arm-none-eabi/10.3.1/thumb/v7e-m+dp/hard/crtbegin.o
 *(.bss*)
 .bss.sock_io_mode
                0x00000000240000f4        0x2 ./Core/Src/Ethernet/socket.o
 .bss.sock_is_sending
                0x00000000240000f6        0x2 ./Core/Src/Ethernet/socket.o
 .bss.sock_pack_info
                0x00000000240000f8        0x8 ./Core/Src/Ethernet/socket.o
                0x00000000240000f8                sock_pack_info
 .bss.sock_remained_byte
                0x0000000024000100        0x8 ./Core/Src/Ethernet/socket.o
                0x0000000024000100                sock_remained_byte
 .bss.sock_remained_size
                0x0000000024000108       0x10 ./Core/Src/Ethernet/socket.o
 .bss._DHCP_    0x0000000024000118        0x1 ./Core/Src/Ethernet/wizchip_conf.o
 *fill*         0x0000000024000119        0x3 
 .bss._DNS_     0x000000002400011c        0x4 ./Core/Src/Ethernet/wizchip_conf.o
 .bss.FrameBuffer
                0x0000000024000120      0x500 ./Core/Src/main.o
                0x0000000024000120                FrameBuffer
 .bss.ethBuf0   0x0000000024000620      0x800 ./Core/Src/main.o
                0x0000000024000620                ethBuf0
 .bss.gCameraFrameFlag
                0x0000000024000e20        0x4 ./Core/Src/main.o
                0x0000000024000e20                gCameraFrameFlag
 .bss.gCameraLineFlag
                0x0000000024000e24        0x4 ./Core/Src/main.o
                0x0000000024000e24                gCameraLineFlag
 .bss.gFrameCnt
                0x0000000024000e28        0x4 ./Core/Src/main.o
                0x0000000024000e28                gFrameCnt
 .bss.gLineCnt  0x0000000024000e2c        0x4 ./Core/Src/main.o
                0x0000000024000e2c                gLineCnt
 .bss.hdcmi     0x0000000024000e30       0x50 ./Core/Src/main.o
                0x0000000024000e30                hdcmi
 .bss.hdma_dcmi
                0x0000000024000e80       0x78 ./Core/Src/main.o
                0x0000000024000e80                hdma_dcmi
 .bss.hi2c1     0x0000000024000ef8       0x4c ./Core/Src/main.o
                0x0000000024000ef8                hi2c1
 *fill*         0x0000000024000f44        0x4 
 .bss.hsram1    0x0000000024000f48       0x4c ./Core/Src/main.o
                0x0000000024000f48                hsram1
 .bss.huart1    0x0000000024000f94       0x90 ./Core/Src/main.o
                0x0000000024000f94                huart1
 .bss.FMC_Initialized
                0x0000000024001024        0x4 ./Core/Src/stm32h7xx_hal_msp.o
 .bss.__sbrk_heap_end
                0x0000000024001028        0x4 ./Core/Src/sysmem.o
 .bss.uwTick    0x000000002400102c        0x4 ./Drivers/STM32H7xx_HAL_Driver/Src/stm32h7xx_hal.o
                0x000000002400102c                uwTick
 .bss.__lock___malloc_recursive_mutex
                0x0000000024001030        0x1 c:/st/stm32cubeide_1.4.0/stm32cubeide/plugins/com.st.stm32cube.ide.mcu.externaltools.gnu-tools-for-stm32.10.3-2021.10.win32_1.0.200.202301161003/tools/bin/../lib/gcc/arm-none-eabi/10.3.1/../../../../arm-none-eabi/lib/thumb/v7e-m+dp/hard\libc_nano.a(lib_a-lock.o)
                0x0000000024001030                __lock___malloc_recursive_mutex
 .bss.__lock___sfp_recursive_mutex
                0x0000000024001031        0x1 c:/st/stm32cubeide_1.4.0/stm32cubeide/plugins/com.st.stm32cube.ide.mcu.externaltools.gnu-tools-for-stm32.10.3-2021.10.win32_1.0.200.202301161003/tools/bin/../lib/gcc/arm-none-eabi/10.3.1/../../../../arm-none-eabi/lib/thumb/v7e-m+dp/hard\libc_nano.a(lib_a-lock.o)
                0x0000000024001031                __lock___sfp_recursive_mutex
 .bss.__lock___sinit_recursive_mutex
                0x0000000024001032        0x1 c:/st/stm32cubeide_1.4.0/stm32cubeide/plugins/com.st.stm32cube.ide.mcu.externaltools.gnu-tools-for-stm32.10.3-2021.10.win32_1.0.200.202301161003/tools/bin/../lib/gcc/arm-none-eabi/10.3.1/../../../../arm-none-eabi/lib/thumb/v7e-m+dp/hard\libc_nano.a(lib_a-lock.o)
                0x0000000024001032                __lock___sinit_recursive_mutex
 *fill*         0x0000000024001033        0x1 
 .bss.__malloc_free_list
                0x0000000024001034        0x4 c:/st/stm32cubeide_1.4.0/stm32cubeide/plugins/com.st.stm32cube.ide.mcu.externaltools.gnu-tools-for-stm32.10.3-2021.10.win32_1.0.200.202301161003/tools/bin/../lib/gcc/arm-none-eabi/10.3.1/../../../../arm-none-eabi/lib/thumb/v7e-m+dp/hard\libc_nano.a(lib_a-nano-mallocr.o)
                0x0000000024001034                __malloc_free_list
 .bss.__malloc_sbrk_start
                0x0000000024001038        0x4 c:/st/stm32cubeide_1.4.0/stm32cubeide/plugins/com.st.stm32cube.ide.mcu.externaltools.gnu-tools-for-stm32.10.3-2021.10.win32_1.0.200.202301161003/tools/bin/../lib/gcc/arm-none-eabi/10.3.1/../../../../arm-none-eabi/lib/thumb/v7e-m+dp/hard\libc_nano.a(lib_a-nano-mallocr.o)
                0x0000000024001038                __malloc_sbrk_start
 .bss.errno     0x000000002400103c        0x4 c:/st/stm32cubeide_1.4.0/stm32cubeide/plugins/com.st.stm32cube.ide.mcu.externaltools.gnu-tools-for-stm32.10.3-2021.10.win32_1.0.200.202301161003/tools/bin/../lib/gcc/arm-none-eabi/10.3.1/../../../../arm-none-eabi/lib/thumb/v7e-m+dp/hard\libc_nano.a(lib_a-reent.o)
                0x000000002400103c                errno
 *(COMMON)
                0x0000000024001040                . = ALIGN (0x4)
                0x0000000024001040                _ebss = .
                0x0000000024001040                __bss_end__ = _ebss

._user_heap_stack
                0x0000000024001040      0x600 load address 0x00000000080092f0
                0x0000000024001040                . = ALIGN (0x8)
                [!provide]                        PROVIDE (end = .)
                0x0000000024001040                PROVIDE (_end = .)
                0x0000000024001240                . = (. + _Min_Heap_Size)
 *fill*         0x0000000024001040      0x200 
                0x0000000024001640                . = (. + _Min_Stack_Size)
 *fill*         0x0000000024001240      0x400 
                0x0000000024001640                . = ALIGN (0x8)

/DISCARD/
 libc.a(*)
 libm.a(*)
 libgcc.a(*)

.ARM.attributes
                0x0000000000000000       0x2e
 *(.ARM.attributes)
 .ARM.attributes
                0x0000000000000000       0x1e c:/st/stm32cubeide_1.4.0/stm32cubeide/plugins/com.st.stm32cube.ide.mcu.externaltools.gnu-tools-for-stm32.10.3-2021.10.win32_1.0.200.202301161003/tools/bin/../lib/gcc/arm-none-eabi/10.3.1/thumb/v7e-m+dp/hard/crti.o
 .ARM.attributes
                0x000000000000001e       0x32 c:/st/stm32cubeide_1.4.0/stm32cubeide/plugins/com.st.stm32cube.ide.mcu.externaltools.gnu-tools-for-stm32.10.3-2021.10.win32_1.0.200.202301161003/tools/bin/../lib/gcc/arm-none-eabi/10.3.1/thumb/v7e-m+dp/hard/crtbegin.o
 .ARM.attributes
                0x0000000000000050       0x2e ./Core/Src/Ethernet/W5300/w5300.o
 .ARM.attributes
                0x000000000000007e       0x2e ./Core/Src/Ethernet/socket.o
 .ARM.attributes
                0x00000000000000ac       0x2e ./Core/Src/Ethernet/wizchip_conf.o
 .ARM.attributes
                0x00000000000000da       0x2e ./Core/Src/main.o
 .ARM.attributes
                0x0000000000000108       0x2e ./Core/Src/ov2640.o
 .ARM.attributes
                0x0000000000000136       0x2e ./Core/Src/stm32h7xx_hal_msp.o
 .ARM.attributes
                0x0000000000000164       0x2e ./Core/Src/stm32h7xx_it.o
 .ARM.attributes
                0x0000000000000192       0x2e ./Core/Src/syscalls.o
 .ARM.attributes
                0x00000000000001c0       0x2e ./Core/Src/sysmem.o
 .ARM.attributes
                0x00000000000001ee       0x2e ./Core/Src/system_stm32h7xx.o
 .ARM.attributes
                0x000000000000021c       0x21 ./Core/Startup/startup_stm32h743iitx.o
 .ARM.attributes
                0x000000000000023d       0x2e ./Drivers/STM32H7xx_HAL_Driver/Src/stm32h7xx_hal.o
 .ARM.attributes
                0x000000000000026b       0x2e ./Drivers/STM32H7xx_HAL_Driver/Src/stm32h7xx_hal_cortex.o
 .ARM.attributes
                0x0000000000000299       0x2e ./Drivers/STM32H7xx_HAL_Driver/Src/stm32h7xx_hal_dcmi.o
 .ARM.attributes
                0x00000000000002c7       0x2e ./Drivers/STM32H7xx_HAL_Driver/Src/stm32h7xx_hal_dma.o
 .ARM.attributes
                0x00000000000002f5       0x2e ./Drivers/STM32H7xx_HAL_Driver/Src/stm32h7xx_hal_dma_ex.o
 .ARM.attributes
                0x0000000000000323       0x2e ./Drivers/STM32H7xx_HAL_Driver/Src/stm32h7xx_hal_gpio.o
 .ARM.attributes
                0x0000000000000351       0x2e ./Drivers/STM32H7xx_HAL_Driver/Src/stm32h7xx_hal_i2c.o
 .ARM.attributes
                0x000000000000037f       0x2e ./Drivers/STM32H7xx_HAL_Driver/Src/stm32h7xx_hal_i2c_ex.o
 .ARM.attributes
                0x00000000000003ad       0x2e ./Drivers/STM32H7xx_HAL_Driver/Src/stm32h7xx_hal_pwr_ex.o
 .ARM.attributes
                0x00000000000003db       0x2e ./Drivers/STM32H7xx_HAL_Driver/Src/stm32h7xx_hal_rcc.o
 .ARM.attributes
                0x0000000000000409       0x2e ./Drivers/STM32H7xx_HAL_Driver/Src/stm32h7xx_hal_rcc_ex.o
 .ARM.attributes
                0x0000000000000437       0x2e ./Drivers/STM32H7xx_HAL_Driver/Src/stm32h7xx_hal_sram.o
 .ARM.attributes
                0x0000000000000465       0x2e ./Drivers/STM32H7xx_HAL_Driver/Src/stm32h7xx_hal_uart.o
 .ARM.attributes
                0x0000000000000493       0x2e ./Drivers/STM32H7xx_HAL_Driver/Src/stm32h7xx_hal_uart_ex.o
 .ARM.attributes
                0x00000000000004c1       0x2e ./Drivers/STM32H7xx_HAL_Driver/Src/stm32h7xx_ll_fmc.o
 .ARM.attributes
                0x00000000000004ef       0x32 c:/st/stm32cubeide_1.4.0/stm32cubeide/plugins/com.st.stm32cube.ide.mcu.externaltools.gnu-tools-for-stm32.10.3-2021.10.win32_1.0.200.202301161003/tools/bin/../lib/gcc/arm-none-eabi/10.3.1/../../../../arm-none-eabi/lib/thumb/v7e-m+dp/hard\libc_nano.a(lib_a-errno.o)
 .ARM.attributes
                0x0000000000000521       0x32 c:/st/stm32cubeide_1.4.0/stm32cubeide/plugins/com.st.stm32cube.ide.mcu.externaltools.gnu-tools-for-stm32.10.3-2021.10.win32_1.0.200.202301161003/tools/bin/../lib/gcc/arm-none-eabi/10.3.1/../../../../arm-none-eabi/lib/thumb/v7e-m+dp/hard\libc_nano.a(lib_a-impure.o)
 .ARM.attributes
                0x0000000000000553       0x32 c:/st/stm32cubeide_1.4.0/stm32cubeide/plugins/com.st.stm32cube.ide.mcu.externaltools.gnu-tools-for-stm32.10.3-2021.10.win32_1.0.200.202301161003/tools/bin/../lib/gcc/arm-none-eabi/10.3.1/../../../../arm-none-eabi/lib/thumb/v7e-m+dp/hard\libc_nano.a(lib_a-init.o)
 .ARM.attributes
                0x0000000000000585       0x32 c:/st/stm32cubeide_1.4.0/stm32cubeide/plugins/com.st.stm32cube.ide.mcu.externaltools.gnu-tools-for-stm32.10.3-2021.10.win32_1.0.200.202301161003/tools/bin/../lib/gcc/arm-none-eabi/10.3.1/../../../../arm-none-eabi/lib/thumb/v7e-m+dp/hard\libc_nano.a(lib_a-memcpy-stub.o)
 .ARM.attributes
                0x00000000000005b7       0x32 c:/st/stm32cubeide_1.4.0/stm32cubeide/plugins/com.st.stm32cube.ide.mcu.externaltools.gnu-tools-for-stm32.10.3-2021.10.win32_1.0.200.202301161003/tools/bin/../lib/gcc/arm-none-eabi/10.3.1/../../../../arm-none-eabi/lib/thumb/v7e-m+dp/hard\libc_nano.a(lib_a-memset.o)
 .ARM.attributes
                0x00000000000005e9       0x32 c:/st/stm32cubeide_1.4.0/stm32cubeide/plugins/com.st.stm32cube.ide.mcu.externaltools.gnu-tools-for-stm32.10.3-2021.10.win32_1.0.200.202301161003/tools/bin/../lib/gcc/arm-none-eabi/10.3.1/../../../../arm-none-eabi/lib/thumb/v7e-m+dp/hard\libc_nano.a(lib_a-printf.o)
 .ARM.attributes
                0x000000000000061b       0x32 c:/st/stm32cubeide_1.4.0/stm32cubeide/plugins/com.st.stm32cube.ide.mcu.externaltools.gnu-tools-for-stm32.10.3-2021.10.win32_1.0.200.202301161003/tools/bin/../lib/gcc/arm-none-eabi/10.3.1/../../../../arm-none-eabi/lib/thumb/v7e-m+dp/hard\libc_nano.a(lib_a-puts.o)
 .ARM.attributes
                0x000000000000064d       0x32 c:/st/stm32cubeide_1.4.0/stm32cubeide/plugins/com.st.stm32cube.ide.mcu.externaltools.gnu-tools-for-stm32.10.3-2021.10.win32_1.0.200.202301161003/tools/bin/../lib/gcc/arm-none-eabi/10.3.1/../../../../arm-none-eabi/lib/thumb/v7e-m+dp/hard\libc_nano.a(lib_a-wbuf.o)
 .ARM.attributes
                0x000000000000067f       0x32 c:/st/stm32cubeide_1.4.0/stm32cubeide/plugins/com.st.stm32cube.ide.mcu.externaltools.gnu-tools-for-stm32.10.3-2021.10.win32_1.0.200.202301161003/tools/bin/../lib/gcc/arm-none-eabi/10.3.1/../../../../arm-none-eabi/lib/thumb/v7e-m+dp/hard\libc_nano.a(lib_a-wsetup.o)
 .ARM.attributes
                0x00000000000006b1       0x32 c:/st/stm32cubeide_1.4.0/stm32cubeide/plugins/com.st.stm32cube.ide.mcu.externaltools.gnu-tools-for-stm32.10.3-2021.10.win32_1.0.200.202301161003/tools/bin/../lib/gcc/arm-none-eabi/10.3.1/../../../../arm-none-eabi/lib/thumb/v7e-m+dp/hard\libc_nano.a(lib_a-fflush.o)
 .ARM.attributes
                0x00000000000006e3       0x32 c:/st/stm32cubeide_1.4.0/stm32cubeide/plugins/com.st.stm32cube.ide.mcu.externaltools.gnu-tools-for-stm32.10.3-2021.10.win32_1.0.200.202301161003/tools/bin/../lib/gcc/arm-none-eabi/10.3.1/../../../../arm-none-eabi/lib/thumb/v7e-m+dp/hard\libc_nano.a(lib_a-findfp.o)
 .ARM.attributes
                0x0000000000000715       0x32 c:/st/stm32cubeide_1.4.0/stm32cubeide/plugins/com.st.stm32cube.ide.mcu.externaltools.gnu-tools-for-stm32.10.3-2021.10.win32_1.0.200.202301161003/tools/bin/../lib/gcc/arm-none-eabi/10.3.1/../../../../arm-none-eabi/lib/thumb/v7e-m+dp/hard\libc_nano.a(lib_a-fwalk.o)
 .ARM.attributes
                0x0000000000000747       0x32 c:/st/stm32cubeide_1.4.0/stm32cubeide/plugins/com.st.stm32cube.ide.mcu.externaltools.gnu-tools-for-stm32.10.3-2021.10.win32_1.0.200.202301161003/tools/bin/../lib/gcc/arm-none-eabi/10.3.1/../../../../arm-none-eabi/lib/thumb/v7e-m+dp/hard\libc_nano.a(lib_a-lock.o)
 .ARM.attributes
                0x0000000000000779       0x32 c:/st/stm32cubeide_1.4.0/stm32cubeide/plugins/com.st.stm32cube.ide.mcu.externaltools.gnu-tools-for-stm32.10.3-2021.10.win32_1.0.200.202301161003/tools/bin/../lib/gcc/arm-none-eabi/10.3.1/../../../../arm-none-eabi/lib/thumb/v7e-m+dp/hard\libc_nano.a(lib_a-makebuf.o)
 .ARM.attributes
                0x00000000000007ab       0x32 c:/st/stm32cubeide_1.4.0/stm32cubeide/plugins/com.st.stm32cube.ide.mcu.externaltools.gnu-tools-for-stm32.10.3-2021.10.win32_1.0.200.202301161003/tools/bin/../lib/gcc/arm-none-eabi/10.3.1/../../../../arm-none-eabi/lib/thumb/v7e-m+dp/hard\libc_nano.a(lib_a-nano-freer.o)
 .ARM.attributes
                0x00000000000007dd       0x32 c:/st/stm32cubeide_1.4.0/stm32cubeide/plugins/com.st.stm32cube.ide.mcu.externaltools.gnu-tools-for-stm32.10.3-2021.10.win32_1.0.200.202301161003/tools/bin/../lib/gcc/arm-none-eabi/10.3.1/../../../../arm-none-eabi/lib/thumb/v7e-m+dp/hard\libc_nano.a(lib_a-nano-mallocr.o)
 .ARM.attributes
                0x000000000000080f       0x32 c:/st/stm32cubeide_1.4.0/stm32cubeide/plugins/com.st.stm32cube.ide.mcu.externaltools.gnu-tools-for-stm32.10.3-2021.10.win32_1.0.200.202301161003/tools/bin/../lib/gcc/arm-none-eabi/10.3.1/../../../../arm-none-eabi/lib/thumb/v7e-m+dp/hard\libc_nano.a(lib_a-nano-vfprintf.o)
 .ARM.attributes
                0x0000000000000841       0x32 c:/st/stm32cubeide_1.4.0/stm32cubeide/plugins/com.st.stm32cube.ide.mcu.externaltools.gnu-tools-for-stm32.10.3-2021.10.win32_1.0.200.202301161003/tools/bin/../lib/gcc/arm-none-eabi/10.3.1/../../../../arm-none-eabi/lib/thumb/v7e-m+dp/hard\libc_nano.a(lib_a-nano-vfprintf_i.o)
 .ARM.attributes
                0x0000000000000873       0x32 c:/st/stm32cubeide_1.4.0/stm32cubeide/plugins/com.st.stm32cube.ide.mcu.externaltools.gnu-tools-for-stm32.10.3-2021.10.win32_1.0.200.202301161003/tools/bin/../lib/gcc/arm-none-eabi/10.3.1/../../../../arm-none-eabi/lib/thumb/v7e-m+dp/hard\libc_nano.a(lib_a-sbrkr.o)
 .ARM.attributes
                0x00000000000008a5       0x32 c:/st/stm32cubeide_1.4.0/stm32cubeide/plugins/com.st.stm32cube.ide.mcu.externaltools.gnu-tools-for-stm32.10.3-2021.10.win32_1.0.200.202301161003/tools/bin/../lib/gcc/arm-none-eabi/10.3.1/../../../../arm-none-eabi/lib/thumb/v7e-m+dp/hard\libc_nano.a(lib_a-stdio.o)
 .ARM.attributes
                0x00000000000008d7       0x32 c:/st/stm32cubeide_1.4.0/stm32cubeide/plugins/com.st.stm32cube.ide.mcu.externaltools.gnu-tools-for-stm32.10.3-2021.10.win32_1.0.200.202301161003/tools/bin/../lib/gcc/arm-none-eabi/10.3.1/../../../../arm-none-eabi/lib/thumb/v7e-m+dp/hard\libc_nano.a(lib_a-writer.o)
 .ARM.attributes
                0x0000000000000909       0x32 c:/st/stm32cubeide_1.4.0/stm32cubeide/plugins/com.st.stm32cube.ide.mcu.externaltools.gnu-tools-for-stm32.10.3-2021.10.win32_1.0.200.202301161003/tools/bin/../lib/gcc/arm-none-eabi/10.3.1/../../../../arm-none-eabi/lib/thumb/v7e-m+dp/hard\libc_nano.a(lib_a-closer.o)
 .ARM.attributes
                0x000000000000093b       0x32 c:/st/stm32cubeide_1.4.0/stm32cubeide/plugins/com.st.stm32cube.ide.mcu.externaltools.gnu-tools-for-stm32.10.3-2021.10.win32_1.0.200.202301161003/tools/bin/../lib/gcc/arm-none-eabi/10.3.1/../../../../arm-none-eabi/lib/thumb/v7e-m+dp/hard\libc_nano.a(lib_a-fstatr.o)
 .ARM.attributes
                0x000000000000096d       0x32 c:/st/stm32cubeide_1.4.0/stm32cubeide/plugins/com.st.stm32cube.ide.mcu.externaltools.gnu-tools-for-stm32.10.3-2021.10.win32_1.0.200.202301161003/tools/bin/../lib/gcc/arm-none-eabi/10.3.1/../../../../arm-none-eabi/lib/thumb/v7e-m+dp/hard\libc_nano.a(lib_a-isattyr.o)
 .ARM.attributes
                0x000000000000099f       0x32 c:/st/stm32cubeide_1.4.0/stm32cubeide/plugins/com.st.stm32cube.ide.mcu.externaltools.gnu-tools-for-stm32.10.3-2021.10.win32_1.0.200.202301161003/tools/bin/../lib/gcc/arm-none-eabi/10.3.1/../../../../arm-none-eabi/lib/thumb/v7e-m+dp/hard\libc_nano.a(lib_a-lseekr.o)
 .ARM.attributes
                0x00000000000009d1       0x1c c:/st/stm32cubeide_1.4.0/stm32cubeide/plugins/com.st.stm32cube.ide.mcu.externaltools.gnu-tools-for-stm32.10.3-2021.10.win32_1.0.200.202301161003/tools/bin/../lib/gcc/arm-none-eabi/10.3.1/../../../../arm-none-eabi/lib/thumb/v7e-m+dp/hard\libc_nano.a(lib_a-memchr.o)
 .ARM.attributes
                0x00000000000009ed       0x32 c:/st/stm32cubeide_1.4.0/stm32cubeide/plugins/com.st.stm32cube.ide.mcu.externaltools.gnu-tools-for-stm32.10.3-2021.10.win32_1.0.200.202301161003/tools/bin/../lib/gcc/arm-none-eabi/10.3.1/../../../../arm-none-eabi/lib/thumb/v7e-m+dp/hard\libc_nano.a(lib_a-mlock.o)
 .ARM.attributes
                0x0000000000000a1f       0x32 c:/st/stm32cubeide_1.4.0/stm32cubeide/plugins/com.st.stm32cube.ide.mcu.externaltools.gnu-tools-for-stm32.10.3-2021.10.win32_1.0.200.202301161003/tools/bin/../lib/gcc/arm-none-eabi/10.3.1/../../../../arm-none-eabi/lib/thumb/v7e-m+dp/hard\libc_nano.a(lib_a-readr.o)
 .ARM.attributes
                0x0000000000000a51       0x32 c:/st/stm32cubeide_1.4.0/stm32cubeide/plugins/com.st.stm32cube.ide.mcu.externaltools.gnu-tools-for-stm32.10.3-2021.10.win32_1.0.200.202301161003/tools/bin/../lib/gcc/arm-none-eabi/10.3.1/../../../../arm-none-eabi/lib/thumb/v7e-m+dp/hard\libc_nano.a(lib_a-reent.o)
 .ARM.attributes
                0x0000000000000a83       0x1e c:/st/stm32cubeide_1.4.0/stm32cubeide/plugins/com.st.stm32cube.ide.mcu.externaltools.gnu-tools-for-stm32.10.3-2021.10.win32_1.0.200.202301161003/tools/bin/../lib/gcc/arm-none-eabi/10.3.1/thumb/v7e-m+dp/hard\libgcc.a(_aeabi_uldivmod.o)
 .ARM.attributes
                0x0000000000000aa1       0x32 c:/st/stm32cubeide_1.4.0/stm32cubeide/plugins/com.st.stm32cube.ide.mcu.externaltools.gnu-tools-for-stm32.10.3-2021.10.win32_1.0.200.202301161003/tools/bin/../lib/gcc/arm-none-eabi/10.3.1/thumb/v7e-m+dp/hard\libgcc.a(_udivmoddi4.o)
 .ARM.attributes
                0x0000000000000ad3       0x1e c:/st/stm32cubeide_1.4.0/stm32cubeide/plugins/com.st.stm32cube.ide.mcu.externaltools.gnu-tools-for-stm32.10.3-2021.10.win32_1.0.200.202301161003/tools/bin/../lib/gcc/arm-none-eabi/10.3.1/thumb/v7e-m+dp/hard\libgcc.a(_dvmd_tls.o)
 .ARM.attributes
                0x0000000000000af1       0x1e c:/st/stm32cubeide_1.4.0/stm32cubeide/plugins/com.st.stm32cube.ide.mcu.externaltools.gnu-tools-for-stm32.10.3-2021.10.win32_1.0.200.202301161003/tools/bin/../lib/gcc/arm-none-eabi/10.3.1/thumb/v7e-m+dp/hard/crtn.o
OUTPUT(ex11_w5300_tcp_camera.elf elf32-littlearm)
LOAD linker stubs
LOAD c:/st/stm32cubeide_1.4.0/stm32cubeide/plugins/com.st.stm32cube.ide.mcu.externaltools.gnu-tools-for-stm32.10.3-2021.10.win32_1.0.200.202301161003/tools/bin/../lib/gcc/arm-none-eabi/10.3.1/../../../../arm-none-eabi/lib/thumb/v7e-m+dp/hard\libc.a
LOAD c:/st/stm32cubeide_1.4.0/stm32cubeide/plugins/com.st.stm32cube.ide.mcu.externaltools.gnu-tools-for-stm32.10.3-2021.10.win32_1.0.200.202301161003/tools/bin/../lib/gcc/arm-none-eabi/10.3.1/../../../../arm-none-eabi/lib/thumb/v7e-m+dp/hard\libm.a
LOAD c:/st/stm32cubeide_1.4.0/stm32cubeide/plugins/com.st.stm32cube.ide.mcu.externaltools.gnu-tools-for-stm32.10.3-2021.10.win32_1.0.200.202301161003/tools/bin/../lib/gcc/arm-none-eabi/10.3.1/thumb/v7e-m+dp/hard\libgcc.a

.debug_info     0x0000000000000000    0x28b56
 .debug_info    0x0000000000000000      0xa40 ./Core/Src/Ethernet/W5300/w5300.o
 .debug_info    0x0000000000000a40     0x1720 ./Core/Src/Ethernet/socket.o
 .debug_info    0x0000000000002160     0x15d5 ./Core/Src/Ethernet/wizchip_conf.o
 .debug_info    0x0000000000003735     0x460a ./Core/Src/main.o
 .debug_info    0x0000000000007d3f      0x808 ./Core/Src/ov2640.o
 .debug_info    0x0000000000008547     0x269d ./Core/Src/stm32h7xx_hal_msp.o
 .debug_info    0x000000000000abe4      0x79d ./Core/Src/stm32h7xx_it.o
 .debug_info    0x000000000000b381      0x7de ./Core/Src/syscalls.o
 .debug_info    0x000000000000bb5f      0x18e ./Core/Src/sysmem.o
 .debug_info    0x000000000000bced      0xd34 ./Core/Src/system_stm32h7xx.o
 .debug_info    0x000000000000ca21       0x22 ./Core/Startup/startup_stm32h743iitx.o