Archive member included to satisfy reference by file (symbol)

c:/st/stm32cubeide_1.4.0/stm32cubeide/plugins/com.st.stm32cube.ide.mcu.externaltools.gnu-tools-for-stm32.10.3-2021.10.win32_1.0.0.202111181127/tools/bin/../lib/gcc/arm-none-eabi/10.3.1/../../../../arm-none-eabi/lib/thumb/v7e-m+dp/hard\libc_nano.a(lib_a-errno.o)
                              ./Core/Src/syscalls.o (__errno)
c:/st/stm32cubeide_1.4.0/stm32cubeide/plugins/com.st.stm32cube.ide.mcu.externaltools.gnu-tools-for-stm32.10.3-2021.10.win32_1.0.0.202111181127/tools/bin/../lib/gcc/arm-none-eabi/10.3.1/../../../../arm-none-eabi/lib/thumb/v7e-m+dp/hard\libc_nano.a(lib_a-exit.o)
                              c:/st/stm32cubeide_1.4.0/stm32cubeide/plugins/com.st.stm32cube.ide.mcu.externaltools.gnu-tools-for-stm32.10.3-2021.10.win32_1.0.0.202111181127/tools/bin/../lib/gcc/arm-none-eabi/10.3.1/../../../../arm-none-eabi/lib/thumb/v7e-m+dp/hard/crt0.o (exit)
c:/st/stm32cubeide_1.4.0/stm32cubeide/plugins/com.st.stm32cube.ide.mcu.externaltools.gnu-tools-for-stm32.10.3-2021.10.win32_1.0.0.202111181127/tools/bin/../lib/gcc/arm-none-eabi/10.3.1/../../../../arm-none-eabi/lib/thumb/v7e-m+dp/hard\libc_nano.a(lib_a-impure.o)
                              c:/st/stm32cubeide_1.4.0/stm32cubeide/plugins/com.st.stm32cube.ide.mcu.externaltools.gnu-tools-for-stm32.10.3-2021.10.win32_1.0.0.202111181127/tools/bin/../lib/gcc/arm-none-eabi/10.3.1/../../../../arm-none-eabi/lib/thumb/v7e-m+dp/hard\libc_nano.a(lib_a-exit.o) (_global_impure_ptr)
c:/st/stm32cubeide_1.4.0/stm32cubeide/plugins/com.st.stm32cube.ide.mcu.externaltools.gnu-tools-for-stm32.10.3-2021.10.win32_1.0.0.202111181127/tools/bin/../lib/gcc/arm-none-eabi/10.3.1/../../../../arm-none-eabi/lib/thumb/v7e-m+dp/hard\libc_nano.a(lib_a-init.o)
                              c:/st/stm32cubeide_1.4.0/stm32cubeide/plugins/com.st.stm32cube.ide.mcu.externaltools.gnu-tools-for-stm32.10.3-2021.10.win32_1.0.0.202111181127/tools/bin/../lib/gcc/arm-none-eabi/10.3.1/../../../../arm-none-eabi/lib/thumb/v7e-m+dp/hard/crt0.o (__libc_init_array)
c:/st/stm32cubeide_1.4.0/stm32cubeide/plugins/com.st.stm32cube.ide.mcu.externaltools.gnu-tools-for-stm32.10.3-2021.10.win32_1.0.0.202111181127/tools/bin/../lib/gcc/arm-none-eabi/10.3.1/../../../../arm-none-eabi/lib/thumb/v7e-m+dp/hard\libc_nano.a(lib_a-memset.o)
                              c:/st/stm32cubeide_1.4.0/stm32cubeide/plugins/com.st.stm32cube.ide.mcu.externaltools.gnu-tools-for-stm32.10.3-2021.10.win32_1.0.0.202111181127/tools/bin/../lib/gcc/arm-none-eabi/10.3.1/../../../../arm-none-eabi/lib/thumb/v7e-m+dp/hard/crt0.o (memset)
c:/st/stm32cubeide_1.4.0/stm32cubeide/plugins/com.st.stm32cube.ide.mcu.externaltools.gnu-tools-for-stm32.10.3-2021.10.win32_1.0.0.202111181127/tools/bin/../lib/gcc/arm-none-eabi/10.3.1/../../../../arm-none-eabi/lib/thumb/v7e-m+dp/hard\libc_nano.a(lib_a-printf.o)
                              ./Core/Src/loopback.o (printf)
c:/st/stm32cubeide_1.4.0/stm32cubeide/plugins/com.st.stm32cube.ide.mcu.externaltools.gnu-tools-for-stm32.10.3-2021.10.win32_1.0.0.202111181127/tools/bin/../lib/gcc/arm-none-eabi/10.3.1/../../../../arm-none-eabi/lib/thumb/v7e-m+dp/hard\libc_nano.a(lib_a-puts.o)
                              ./Core/Src/main.o (puts)
c:/st/stm32cubeide_1.4.0/stm32cubeide/plugins/com.st.stm32cube.ide.mcu.externaltools.gnu-tools-for-stm32.10.3-2021.10.win32_1.0.0.202111181127/tools/bin/../lib/gcc/arm-none-eabi/10.3.1/../../../../arm-none-eabi/lib/thumb/v7e-m+dp/hard\libc_nano.a(lib_a-wbuf.o)
                              c:/st/stm32cubeide_1.4.0/stm32cubeide/plugins/com.st.stm32cube.ide.mcu.externaltools.gnu-tools-for-stm32.10.3-2021.10.win32_1.0.0.202111181127/tools/bin/../lib/gcc/arm-none-eabi/10.3.1/../../../../arm-none-eabi/lib/thumb/v7e-m+dp/hard\libc_nano.a(lib_a-puts.o) (__swbuf_r)
c:/st/stm32cubeide_1.4.0/stm32cubeide/plugins/com.st.stm32cube.ide.mcu.externaltools.gnu-tools-for-stm32.10.3-2021.10.win32_1.0.0.202111181127/tools/bin/../lib/gcc/arm-none-eabi/10.3.1/../../../../arm-none-eabi/lib/thumb/v7e-m+dp/hard\libc_nano.a(lib_a-wsetup.o)
                              c:/st/stm32cubeide_1.4.0/stm32cubeide/plugins/com.st.stm32cube.ide.mcu.externaltools.gnu-tools-for-stm32.10.3-2021.10.win32_1.0.0.202111181127/tools/bin/../lib/gcc/arm-none-eabi/10.3.1/../../../../arm-none-eabi/lib/thumb/v7e-m+dp/hard\libc_nano.a(lib_a-puts.o) (__swsetup_r)
c:/st/stm32cubeide_1.4.0/stm32cubeide/plugins/com.st.stm32cube.ide.mcu.externaltools.gnu-tools-for-stm32.10.3-2021.10.win32_1.0.0.202111181127/tools/bin/../lib/gcc/arm-none-eabi/10.3.1/../../../../arm-none-eabi/lib/thumb/v7e-m+dp/hard\libc_nano.a(lib_a-fflush.o)
                              c:/st/stm32cubeide_1.4.0/stm32cubeide/plugins/com.st.stm32cube.ide.mcu.externaltools.gnu-tools-for-stm32.10.3-2021.10.win32_1.0.0.202111181127/tools/bin/../lib/gcc/arm-none-eabi/10.3.1/../../../../arm-none-eabi/lib/thumb/v7e-m+dp/hard\libc_nano.a(lib_a-wbuf.o) (_fflush_r)
[...]
Memory Configuration

Name             Origin             Length             Attributes
FLASH            0x0000000008000000 0x0000000000200000 xr
DTCMRAM          0x0000000020000000 0x0000000000020000 xrw
RAM_D1           0x0000000024000000 0x0000000000080000 xrw
RAM_D2           0x0000000030000000 0x0000000000048000 xrw
RAM_D3           0x0000000038000000 0x0000000000010000 xrw
ITCMRAM          0x0000000000000000 0x0000000000010000 xrw
*default*        0x0000000000000000 0xffffffffffffffff

Linker script and memory map

LOAD c:/st/stm32cubeide_1.4.0/stm32cubeide/plugins/com.st.stm32cube.ide.mcu.externaltools.gnu-tools-for-stm32.10.3-2021.10.win32_1.0.0.202111181127/tools/bin/../lib/gcc/arm-none-eabi/10.3.1/thumb/v7e-m+dp/hard/crti.o
LOAD c:/st/stm32cubeide_1.4.0/stm32cubeide/plugins/com.st.stm32cube.ide.mcu.externaltools.gnu-tools-for-stm32.10.3-2021.10.win32_1.0.0.202111181127/tools/bin/../lib/gcc/arm-none-eabi/10.3.1/thumb/v7e-m+dp/hard/crtbegin.o
LOAD c:/st/stm32cubeide_1.4.0/stm32cubeide/plugins/com.st.stm32cube.ide.mcu.externaltools.gnu-tools-for-stm32.10.3-2021.10.win32_1.0.0.202111181127/tools/bin/../lib/gcc/arm-none-eabi/10.3.1/../../../../arm-none-eabi/lib/thumb/v7e-m+dp/hard/crt0.o
LOAD ./Core/Src/Ethernet/W5300/w5300.o
LOAD ./Core/Src/Ethernet/socket.o
LOAD ./Core/Src/Ethernet/wizchip_conf.o
LOAD ./Core/Src/loopback.o
LOAD ./Core/Src/main.o
LOAD ./Core/Src/stm32h7xx_hal_msp.o
LOAD ./Core/Src/stm32h7xx_it.o
LOAD ./Core/Src/syscalls.o
LOAD ./Core/Src/sysmem.o
LOAD ./Core/Src/system_stm32h7xx.o
LOAD ./Core/Startup/startup_stm32h743iitx.o
LOAD ./Drivers/STM32H7xx_HAL_Driver/Src/stm32h7xx_hal.o
LOAD ./Drivers/STM32H7xx_HAL_Driver/Src/stm32h7xx_hal_cortex.o
LOAD ./Drivers/STM32H7xx_HAL_Driver/Src/stm32h7xx_hal_dma.o
LOAD ./Drivers/STM32H7xx_HAL_Driver/Src/stm32h7xx_hal_dma_ex.o
LOAD ./Drivers/STM32H7xx_HAL_Driver/Src/stm32h7xx_hal_exti.o
LOAD ./Drivers/STM32H7xx_HAL_Driver/Src/stm32h7xx_hal_flash.o
LOAD ./Drivers/STM32H7xx_HAL_Driver/Src/stm32h7xx_hal_flash_ex.o
LOAD ./Drivers/STM32H7xx_HAL_Driver/Src/stm32h7xx_hal_gpio.o
LOAD ./Drivers/STM32H7xx_HAL_Driver/Src/stm32h7xx_hal_hsem.o
LOAD ./Drivers/STM32H7xx_HAL_Driver/Src/stm32h7xx_hal_i2c.o
LOAD ./Drivers/STM32H7xx_HAL_Driver/Src/stm32h7xx_hal_i2c_ex.o
LOAD ./Drivers/STM32H7xx_HAL_Driver/Src/stm32h7xx_hal_mdma.o
LOAD ./Drivers/STM32H7xx_HAL_Driver/Src/stm32h7xx_hal_pwr.o
LOAD ./Drivers/STM32H7xx_HAL_Driver/Src/stm32h7xx_hal_pwr_ex.o
LOAD ./Drivers/STM32H7xx_HAL_Driver/Src/stm32h7xx_hal_rcc.o
LOAD ./Drivers/STM32H7xx_HAL_Driver/Src/stm32h7xx_hal_rcc_ex.o
LOAD ./Drivers/STM32H7xx_HAL_Driver/Src/stm32h7xx_hal_sram.o
LOAD ./Drivers/STM32H7xx_HAL_Driver/Src/stm32h7xx_hal_tim.o
LOAD ./Drivers/STM32H7xx_HAL_Driver/Src/stm32h7xx_hal_tim_ex.o
LOAD ./Drivers/STM32H7xx_HAL_Driver/Src/stm32h7xx_hal_uart.o
LOAD ./Drivers/STM32H7xx_HAL_Driver/Src/stm32h7xx_hal_uart_ex.o
LOAD ./Drivers/STM32H7xx_HAL_Driver/Src/stm32h7xx_ll_fmc.o
START GROUP
LOAD c:/st/stm32cubeide_1.4.0/stm32cubeide/plugins/com.st.stm32cube.ide.mcu.externaltools.gnu-tools-for-stm32.10.3-2021.10.win32_1.0.0.202111181127/tools/bin/../lib/gcc/arm-none-eabi/10.3.1/../../../../arm-none-eabi/lib/thumb/v7e-m+dp/hard\libc_nano.a
LOAD c:/st/stm32cubeide_1.4.0/stm32cubeide/plugins/com.st.stm32cube.ide.mcu.externaltools.gnu-tools-for-stm32.10.3-2021.10.win32_1.0.0.202111181127/tools/bin/../lib/gcc/arm-none-eabi/10.3.1/../../../../arm-none-eabi/lib/thumb/v7e-m+dp/hard\libm.a
END GROUP
START GROUP
LOAD c:/st/stm32cubeide_1.4.0/stm32cubeide/plugins/com.st.stm32cube.ide.mcu.externaltools.gnu-tools-for-stm32.10.3-2021.10.win32_1.0.0.202111181127/tools/bin/../lib/gcc/arm-none-eabi/10.3.1/thumb/v7e-m+dp/hard\libgcc.a
LOAD c:/st/stm32cubeide_1.4.0/stm32cubeide/plugins/com.st.stm32cube.ide.mcu.externaltools.gnu-tools-for-stm32.10.3-2021.10.win32_1.0.0.202111181127/tools/bin/../lib/gcc/arm-none-eabi/10.3.1/../../../../arm-none-eabi/lib/thumb/v7e-m+dp/hard\libc_nano.a
END GROUP
START GROUP
LOAD c:/st/stm32cubeide_1.4.0/stm32cubeide/plugins/com.st.stm32cube.ide.mcu.externaltools.gnu-tools-for-stm32.10.3-2021.10.win32_1.0.0.202111181127/tools/bin/../lib/gcc/arm-none-eabi/10.3.1/thumb/v7e-m+dp/hard\libgcc.a
LOAD c:/st/stm32cubeide_1.4.0/stm32cubeide/plugins/com.st.stm32cube.ide.mcu.externaltools.gnu-tools-for-stm32.10.3-2021.10.win32_1.0.0.202111181127/tools/bin/../lib/gcc/arm-none-eabi/10.3.1/../../../../arm-none-eabi/lib/thumb/v7e-m+dp/hard\libc_nano.a
LOAD c:/st/stm32cubeide_1.4.0/stm32cubeide/plugins/com.st.stm32cube.ide.mcu.externaltools.gnu-tools-for-stm32.10.3-2021.10.win32_1.0.0.202111181127/tools/bin/../lib/gcc/arm-none-eabi/10.3.1/../../../../arm-none-eabi/lib/thumb/v7e-m+dp/hard\libnosys.a
END GROUP
START GROUP
LOAD c:/st/stm32cubeide_1.4.0/stm32cubeide/plugins/com.st.stm32cube.ide.mcu.externaltools.gnu-tools-for-stm32.10.3-2021.10.win32_1.0.0.202111181127/tools/bin/../lib/gcc/arm-none-eabi/10.3.1/thumb/v7e-m+dp/hard\libgcc.a
LOAD c:/st/stm32cubeide_1.4.0/stm32cubeide/plugins/com.st.stm32cube.ide.mcu.externaltools.gnu-tools-for-stm32.10.3-2021.10.win32_1.0.0.202111181127/tools/bin/../lib/gcc/arm-none-eabi/10.3.1/../../../../arm-none-eabi/lib/thumb/v7e-m+dp/hard\libc_nano.a
LOAD c:/st/stm32cubeide_1.4.0/stm32cubeide/plugins/com.st.stm32cube.ide.mcu.externaltools.gnu-tools-for-stm32.10.3-2021.10.win32_1.0.0.202111181127/tools/bin/../lib/gcc/arm-none-eabi/10.3.1/../../../../arm-none-eabi/lib/thumb/v7e-m+dp/hard\libnosys.a
END GROUP
LOAD c:/st/stm32cubeide_1.4.0/stm32cubeide/plugins/com.st.stm32cube.ide.mcu.externaltools.gnu-tools-for-stm32.10.3-2021.10.win32_1.0.0.202111181127/tools/bin/../lib/gcc/arm-none-eabi/10.3.1/thumb/v7e-m+dp/hard/crtend.o
LOAD c:/st/stm32cubeide_1.4.0/stm32cubeide/plugins/com.st.stm32cube.ide.mcu.externaltools.gnu-tools-for-stm32.10.3-2021.10.win32_1.0.0.202111181127/tools/bin/../lib/gcc/arm-none-eabi/10.3.1/thumb/v7e-m+dp/hard/crtn.o
                0x0000000024080000                _estack = (ORIGIN (RAM_D1) + LENGTH (RAM_D1))
                0x0000000000000200                _Min_Heap_Size = 0x200
                0x0000000000000400                _Min_Stack_Size = 0x400

.isr_vector     0x0000000008000000      0x298
                0x0000000008000000                . = ALIGN (0x4)
 *(.isr_vector)
 .isr_vector    0x0000000008000000      0x298 ./Core/Startup/startup_stm32h743iitx.o
                0x0000000008000000                g_pfnVectors
                0x0000000008000298                . = ALIGN (0x4)

.text           0x00000000080002a0     0x81c0
                0x00000000080002a0                . = ALIGN (0x4)
 *(.text)
 .text          0x00000000080002a0       0x40 c:/st/stm32cubeide_1.4.0/stm32cubeide/plugins/com.st.stm32cube.ide.mcu.externaltools.gnu-tools-for-stm32.10.3-2021.10.win32_1.0.0.202111181127/tools/bin/../lib/gcc/arm-none-eabi/10.3.1/thumb/v7e-m+dp/hard/crtbegin.o
 .text          0x00000000080002e0       0xa0 c:/st/stm32cubeide_1.4.0/stm32cubeide/plugins/com.st.stm32cube.ide.mcu.externaltools.gnu-tools-for-stm32.10.3-2021.10.win32_1.0.0.202111181127/tools/bin/../lib/gcc/arm-none-eabi/10.3.1/../../../../arm-none-eabi/lib/thumb/v7e-m+dp/hard\libc_nano.a(lib_a-memchr.o)
                0x00000000080002e0                memchr
 .text          0x0000000008000380       0x30 c:/st/stm32cubeide_1.4.0/stm32cubeide/plugins/com.st.stm32cube.ide.mcu.externaltools.gnu-tools-for-stm32.10.3-2021.10.win32_1.0.0.202111181127/tools/bin/../lib/gcc/arm-none-eabi/10.3.1/thumb/v7e-m+dp/hard\libgcc.a(_aeabi_uldivmod.o)
                0x0000000008000380                __aeabi_uldivmod
 .text          0x00000000080003b0      0x2d0 c:/st/stm32cubeide_1.4.0/stm32cubeide/plugins/com.st.stm32cube.ide.mcu.externaltools.gnu-tools-for-stm32.10.3-2021.10.win32_1.0.0.202111181127/tools/bin/../lib/gcc/arm-none-eabi/10.3.1/thumb/v7e-m+dp/hard\libgcc.a(_udivmoddi4.o)
                0x00000000080003b0                __udivmoddi4
 .text          0x0000000008000680        0x4 c:/st/stm32cubeide_1.4.0/stm32cubeide/plugins/com.st.stm32cube.ide.mcu.externaltools.gnu-tools-for-stm32.10.3-2021.10.win32_1.0.0.202111181127/tools/bin/../lib/gcc/arm-none-eabi/10.3.1/thumb/v7e-m+dp/hard\libgcc.a(_dvmd_tls.o)
                0x0000000008000680                __aeabi_idiv0
                0x0000000008000680                __aeabi_ldiv0
 *(.text*)
 .text.WIZCHIP_WRITE
                0x0000000008000684       0x3c ./Core/Src/Ethernet/W5300/w5300.o
                0x0000000008000684                WIZCHIP_WRITE
 .text.WIZCHIP_READ
                0x00000000080006c0       0x3c ./Core/Src/Ethernet/W5300/w5300.o
                0x00000000080006c0                WIZCHIP_READ
 .text.setTMSR  0x00000000080006fc       0x7c ./Core/Src/Ethernet/W5300/w5300.o
                0x00000000080006fc                setTMSR
 .text.getTMSR  0x0000000008000778       0x50 ./Core/Src/Ethernet/W5300/w5300.o
                0x0000000008000778                getTMSR
 .text.setRMSR  0x00000000080007c8       0x7c ./Core/Src/Ethernet/W5300/w5300.o
                0x00000000080007c8                setRMSR
 .text.getRMSR  0x0000000008000844       0x50 ./Core/Src/Ethernet/W5300/w5300.o
                0x0000000008000844                getRMSR
 .text.getSn_TX_FSR
                0x0000000008000894       0x5c ./Core/Src/Ethernet/W5300/w5300.o
                0x0000000008000894                getSn_TX_FSR
 .text.getSn_RX_RSR
                0x00000000080008f0       0x6c ./Core/Src/Ethernet/W5300/w5300.o
                0x00000000080008f0                getSn_RX_RSR
 .text.wiz_send_data
                0x000000000800095c       0x6c ./Core/Src/Ethernet/W5300/w5300.o
                0x000000000800095c                wiz_send_data
 .text.wiz_recv_data
                0x00000000080009c8       0x88 ./Core/Src/Ethernet/W5300/w5300.o
                0x00000000080009c8                wiz_recv_data
 .text.socket   0x0000000008000a50      0x250 ./Core/Src/Ethernet/socket.o
                0x0000000008000a50                socket
 .text.close    0x0000000008000ca0      0x194 ./Core/Src/Ethernet/socket.o
                0x0000000008000ca0                close
 .text.listen   0x0000000008000e34       0xb4 ./Core/Src/Ethernet/socket.o
                0x0000000008000e34                listen
 .text.disconnect
                0x0000000008000ee8       0xf0 ./Core/Src/Ethernet/socket.o
                0x0000000008000ee8                disconnect
 .text.send     0x0000000008000fd8      0x210 ./Core/Src/Ethernet/socket.o
                0x0000000008000fd8                send
 .text.recv     0x00000000080011e8      0x2e4 ./Core/Src/Ethernet/socket.o
                0x00000000080011e8                recv
 .text.sendto   0x00000000080014cc      0x450 ./Core/Src/Ethernet/socket.o
                0x00000000080014cc                sendto
 .text.wizchip_cris_enter
                0x000000000800191c        0xe ./Core/Src/Ethernet/wizchip_conf.o
                0x000000000800191c                wizchip_cris_enter
 .text.wizchip_cris_exit
                0x000000000800192a        0xe ./Core/Src/Ethernet/wizchip_conf.o
                0x000000000800192a                wizchip_cris_exit
 .text.wizchip_cs_select
                0x0000000008001938        0xe ./Core/Src/Ethernet/wizchip_conf.o
                0x0000000008001938                wizchip_cs_select
 .text.wizchip_cs_deselect
                0x0000000008001946        0xe ./Core/Src/Ethernet/wizchip_conf.o
                0x0000000008001946                wizchip_cs_deselect
 .text.wizchip_bus_readdata
                0x0000000008001954       0x1a ./Core/Src/Ethernet/wizchip_conf.o
                0x0000000008001954                wizchip_bus_readdata
 .text.wizchip_bus_writedata
                0x000000000800196e       0x1e ./Core/Src/Ethernet/wizchip_conf.o
                0x000000000800196e                wizchip_bus_writedata
 .text.reg_wizchip_bus_cbfunc
                0x000000000800198c       0x58 ./Core/Src/Ethernet/wizchip_conf.o
                0x000000000800198c                reg_wizchip_bus_cbfunc
 .text.ctlwizchip
                0x00000000080019e4       0xf8 ./Core/Src/Ethernet/wizchip_conf.o
                0x00000000080019e4                ctlwizchip
 .text.ctlnetwork
                0x0000000008001adc       0x7c ./Core/Src/Ethernet/wizchip_conf.o
                0x0000000008001adc                ctlnetwork
 .text.wizchip_sw_reset
                0x0000000008001b58      0x210 ./Core/Src/Ethernet/wizchip_conf.o
                0x0000000008001b58                wizchip_sw_reset
 .text.wizchip_init
                0x0000000008001d68      0x12c ./Core/Src/Ethernet/wizchip_conf.o
                0x0000000008001d68                wizchip_init
 .text.wizchip_clrinterrupt
                0x0000000008001e94       0x48 ./Core/Src/Ethernet/wizchip_conf.o
                0x0000000008001e94                wizchip_clrinterrupt
 .text.wizchip_getinterrupt
                0x0000000008001edc       0x4c ./Core/Src/Ethernet/wizchip_conf.o
                0x0000000008001edc                wizchip_getinterrupt
 .text.wizchip_setinterruptmask
                0x0000000008001f28       0x48 ./Core/Src/Ethernet/wizchip_conf.o
                0x0000000008001f28                wizchip_setinterruptmask
 .text.wizchip_getinterruptmask
                0x0000000008001f70       0x54 ./Core/Src/Ethernet/wizchip_conf.o
                0x0000000008001f70                wizchip_getinterruptmask
 .text.wizchip_setnetinfo
                0x0000000008001fc4      0x160 ./Core/Src/Ethernet/wizchip_conf.o
                0x0000000008001fc4                wizchip_setnetinfo
 .text.wizchip_getnetinfo
                0x0000000008002124      0x184 ./Core/Src/Ethernet/wizchip_conf.o
                0x0000000008002124                wizchip_getnetinfo
 .text.wizchip_setnetmode
                0x00000000080022a8       0x46 ./Core/Src/Ethernet/wizchip_conf.o
                0x00000000080022a8                wizchip_setnetmode
 .text.wizchip_getnetmode
                0x00000000080022ee       0x16 ./Core/Src/Ethernet/wizchip_conf.o
                0x00000000080022ee                wizchip_getnetmode
 .text.wizchip_settimeout
                0x0000000008002304       0x34 ./Core/Src/Ethernet/wizchip_conf.o
                0x0000000008002304                wizchip_settimeout
 .text.wizchip_gettimeout
                0x0000000008002338       0x34 ./Core/Src/Ethernet/wizchip_conf.o
                0x0000000008002338                wizchip_gettimeout
 .text.loopback_tcps
                0x000000000800236c      0x27c ./Core/Src/loopback.o
                0x000000000800236c                loopback_tcps
 .text._write   0x00000000080025e8       0x44 ./Core/Src/main.o
                0x00000000080025e8                _write
 .text.Reset_W5300
                0x000000000800262c       0x2c ./Core/Src/main.o
                0x000000000800262c                Reset_W5300
 .text.W5300_write
                0x0000000008002658       0x26 ./Core/Src/main.o
                0x0000000008002658                W5300_write
 .text.W5300_read
                0x000000000800267e       0x20 ./Core/Src/main.o
                0x000000000800267e                W5300_read
 *fill*         0x000000000800269e        0x2 
 .text.print_network_information
                0x00000000080026a0       0xe0 ./Core/Src/main.o
                0x00000000080026a0                print_network_information
 .text._InitW5300
                0x0000000008002780       0x64 ./Core/Src/main.o
                0x0000000008002780                _InitW5300
 .text.main     0x00000000080027e4       0x38 ./Core/Src/main.o
                0x00000000080027e4                main
 .text.SystemClock_Config
                0x000000000800281c      0x160 ./Core/Src/main.o
                0x000000000800281c                SystemClock_Config
 .text.MX_USART1_UART_Init
                0x000000000800297c       0x98 ./Core/Src/main.o
 .text.MX_FMC_Init
                0x0000000008002a14       0xc4 ./Core/Src/main.o
 .text.MX_GPIO_Init
                0x0000000008002ad8      0x164 ./Core/Src/main.o
 .text.Error_Handler
                0x0000000008002c3c        0xa ./Core/Src/main.o
                0x0000000008002c3c                Error_Handler
 *fill*         0x0000000008002c46        0x2 
 .text.HAL_MspInit
                0x0000000008002c48       0x34 ./Core/Src/stm32h7xx_hal_msp.o
                0x0000000008002c48                HAL_MspInit
 .text.HAL_UART_MspInit
                0x0000000008002c7c       0xcc ./Core/Src/stm32h7xx_hal_msp.o
                0x0000000008002c7c                HAL_UART_MspInit
 .text.HAL_FMC_MspInit
                0x0000000008002d48      0x144 ./Core/Src/stm32h7xx_hal_msp.o
 .text.HAL_SRAM_MspInit
                0x0000000008002e8c       0x14 ./Core/Src/stm32h7xx_hal_msp.o
                0x0000000008002e8c                HAL_SRAM_MspInit
 .text.NMI_Handler
                0x0000000008002ea0        0x6 ./Core/Src/stm32h7xx_it.o
                0x0000000008002ea0                NMI_Handler
 .text.HardFault_Handler
                0x0000000008002ea6        0x6 ./Core/Src/stm32h7xx_it.o
                0x0000000008002ea6                HardFault_Handler
 .text.MemManage_Handler
                0x0000000008002eac        0x6 ./Core/Src/stm32h7xx_it.o
                0x0000000008002eac                MemManage_Handler
 .text.BusFault_Handler
                0x0000000008002eb2        0x6 ./Core/Src/stm32h7xx_it.o
                0x0000000008002eb2                BusFault_Handler
 .text.UsageFault_Handler
                0x0000000008002eb8        0x6 ./Core/Src/stm32h7xx_it.o
                0x0000000008002eb8                UsageFault_Handler
 .text.SVC_Handler
                0x0000000008002ebe        0xe ./Core/Src/stm32h7xx_it.o
                0x0000000008002ebe                SVC_Handler
 .text.DebugMon_Handler
                0x0000000008002ecc        0xe ./Core/Src/stm32h7xx_it.o
                0x0000000008002ecc                DebugMon_Handler
 .text.PendSV_Handler
                0x0000000008002eda        0xe ./Core/Src/stm32h7xx_it.o
                0x0000000008002eda                PendSV_Handler
 .text.SysTick_Handler
                0x0000000008002ee8        0xc ./Core/Src/stm32h7xx_it.o
                0x0000000008002ee8                SysTick_Handler
 .text._read    0x0000000008002ef4       0x3a ./Core/Src/syscalls.o
                0x0000000008002ef4                _read
 .text._close   0x0000000008002f2e       0x18 ./Core/Src/syscalls.o
                0x0000000008002f2e                _close
 .text._fstat   0x0000000008002f46       0x20 ./Core/Src/syscalls.o
                0x0000000008002f46                _fstat
 .text._isatty  0x0000000008002f66       0x16 ./Core/Src/syscalls.o
                0x0000000008002f66                _isatty
 .text._lseek   0x0000000008002f7c       0x1a ./Core/Src/syscalls.o
                0x0000000008002f7c                _lseek
 *fill*         0x0000000008002f96        0x2 
 .text._sbrk    0x0000000008002f98       0x6c ./Core/Src/sysmem.o
                0x0000000008002f98                _sbrk
 .text.SystemInit
                0x0000000008003004      0x110 ./Core/Src/system_stm32h7xx.o
                0x0000000008003004                SystemInit
 .text.Reset_Handler
                0x0000000008003114       0x50 ./Core/Startup/startup_stm32h743iitx.o
                0x0000000008003114                Reset_Handler
 .text.Default_Handler
                0x0000000008003164        0x2 ./Core/Startup/startup_stm32h743iitx.o
                0x0000000008003164                RTC_Alarm_IRQHandler
                0x0000000008003164                EXTI2_IRQHandler
                0x0000000008003164                TIM8_CC_IRQHandler
                0x0000000008003164                HRTIM1_Master_IRQHandler
                0x0000000008003164                UART8_IRQHandler
                0x0000000008003164                SPI4_IRQHandler
                0x0000000008003164                TIM1_CC_IRQHandler
                0x0000000008003164                BDMA_Channel6_IRQHandler
                0x0000000008003164                DMA2_Stream5_IRQHandler
                0x0000000008003164                HRTIM1_FLT_IRQHandler
                0x0000000008003164                JPEG_IRQHandler
                0x0000000008003164                DMA1_Stream5_IRQHandler
                0x0000000008003164                BDMA_Channel1_IRQHandler
                0x0000000008003164                HRTIM1_TIMD_IRQHandler
                0x0000000008003164                TAMP_STAMP_IRQHandler
                0x0000000008003164                EXTI3_IRQHandler
                0x0000000008003164                LPTIM4_IRQHandler
                0x0000000008003164                TIM8_TRG_COM_TIM14_IRQHandler
                0x0000000008003164                LPTIM2_IRQHandler
                0x0000000008003164                DFSDM1_FLT1_IRQHandler
                0x0000000008003164                DMAMUX2_OVR_IRQHandler
                0x0000000008003164                TIM8_UP_TIM13_IRQHandler
                0x0000000008003164                I2C3_ER_IRQHandler
                0x0000000008003164                DFSDM1_FLT2_IRQHandler
                0x0000000008003164                MDMA_IRQHandler
                0x0000000008003164                LPTIM3_IRQHandler
                0x0000000008003164                HSEM1_IRQHandler
                0x0000000008003164                EXTI0_IRQHandler
                0x0000000008003164                I2C2_EV_IRQHandler
                0x0000000008003164                DMA1_Stream2_IRQHandler
                0x0000000008003164                FPU_IRQHandler
                0x0000000008003164                OTG_HS_WKUP_IRQHandler
                0x0000000008003164                FDCAN1_IT1_IRQHandler
                0x0000000008003164                LTDC_ER_IRQHandler
                0x0000000008003164                DMA2_Stream2_IRQHandler
                0x0000000008003164                HRTIM1_TIME_IRQHandler
                0x0000000008003164                SPI1_IRQHandler
                0x0000000008003164                TIM6_DAC_IRQHandler
                0x0000000008003164                DCMI_IRQHandler
                0x0000000008003164                HRTIM1_TIMC_IRQHandler
                0x0000000008003164                DMA2_Stream3_IRQHandler
                0x0000000008003164                SAI2_IRQHandler
                0x0000000008003164                DFSDM1_FLT3_IRQHandler
                0x0000000008003164                USART6_IRQHandler
                0x0000000008003164                TIM17_IRQHandler
                0x0000000008003164                USART3_IRQHandler
                0x0000000008003164                BDMA_Channel7_IRQHandler
                0x0000000008003164                LPTIM5_IRQHandler
                0x0000000008003164                UART5_IRQHandler
                0x0000000008003164                ADC3_IRQHandler
                0x0000000008003164                DMA2_Stream0_IRQHandler
                0x0000000008003164                TIM4_IRQHandler
                0x0000000008003164                BDMA_Channel2_IRQHandler
                0x0000000008003164                QUADSPI_IRQHandler
                0x0000000008003164                I2C1_EV_IRQHandler
                0x0000000008003164                DMA1_Stream6_IRQHandler
                0x0000000008003164                DMAMUX1_OVR_IRQHandler
                0x0000000008003164                DMA1_Stream1_IRQHandler
                0x0000000008003164                TIM16_IRQHandler
                0x0000000008003164                UART4_IRQHandler
                0x0000000008003164                BDMA_Channel5_IRQHandler
                0x0000000008003164                TIM3_IRQHandler
                0x0000000008003164                RCC_IRQHandler
                0x0000000008003164                TIM8_BRK_TIM12_IRQHandler
                0x0000000008003164                TIM1_TRG_COM_IRQHandler
                0x0000000008003164                Default_Handler
                0x0000000008003164                ECC_IRQHandler
                0x0000000008003164                CEC_IRQHandler
                0x0000000008003164                EXTI15_10_IRQHandler
                0x0000000008003164                BDMA_Channel0_IRQHandler
                0x0000000008003164                ADC_IRQHandler
                0x0000000008003164                DMA1_Stream7_IRQHandler
                0x0000000008003164                HRTIM1_TIMA_IRQHandler
                0x0000000008003164                SPI5_IRQHandler
                0x0000000008003164                TIM7_IRQHandler
                0x0000000008003164                SDMMC1_IRQHandler
                0x0000000008003164                TIM5_IRQHandler
                0x0000000008003164                DMA2_Stream7_IRQHandler
                0x0000000008003164                TIM15_IRQHandler
                0x0000000008003164                PVD_AVD_IRQHandler
                0x0000000008003164                I2C3_EV_IRQHandler
                0x0000000008003164                EXTI9_5_IRQHandler
                0x0000000008003164                RTC_WKUP_IRQHandler
                0x0000000008003164                LTDC_IRQHandler
                0x0000000008003164                SAI3_IRQHandler
                0x0000000008003164                ETH_WKUP_IRQHandler
                0x0000000008003164                SPDIF_RX_IRQHandler
                0x0000000008003164                SPI2_IRQHandler
                0x0000000008003164                OTG_HS_EP1_IN_IRQHandler
                0x0000000008003164                DMA1_Stream0_IRQHandler
                0x0000000008003164                CRS_IRQHandler
                0x0000000008003164                EXTI4_IRQHandler
                0x0000000008003164                RNG_IRQHandler
                0x0000000008003164                HRTIM1_TIMB_IRQHandler
                0x0000000008003164                FDCAN2_IT1_IRQHandler
                0x0000000008003164                ETH_IRQHandler
                0x0000000008003164                TIM1_UP_IRQHandler
                0x0000000008003164                BDMA_Channel4_IRQHandler
                0x0000000008003164                OTG_HS_EP1_OUT_IRQHandler
                0x0000000008003164                WWDG_IRQHandler
                0x0000000008003164                SPI6_IRQHandler
                0x0000000008003164                MDIOS_IRQHandler
                0x0000000008003164                I2C4_EV_IRQHandler
                0x0000000008003164                FDCAN2_IT0_IRQHandler
                0x0000000008003164                LPUART1_IRQHandler
                0x0000000008003164                FDCAN1_IT0_IRQHandler
                0x0000000008003164                TIM2_IRQHandler
                0x0000000008003164                OTG_FS_WKUP_IRQHandler
                0x0000000008003164                OTG_HS_IRQHandler
                0x0000000008003164                DMA2D_IRQHandler
                0x0000000008003164                TIM1_BRK_IRQHandler
                0x0000000008003164                EXTI1_IRQHandler
                0x0000000008003164                SDMMC2_IRQHandler
                0x0000000008003164                OTG_FS_EP1_OUT_IRQHandler
                0x0000000008003164                BDMA_Channel3_IRQHandler
                0x0000000008003164                UART7_IRQHandler
                0x0000000008003164                MDIOS_WKUP_IRQHandler
                0x0000000008003164                USART2_IRQHandler
                0x0000000008003164                DFSDM1_FLT0_IRQHandler
                0x0000000008003164                SAI4_IRQHandler
                0x0000000008003164                I2C2_ER_IRQHandler
                0x0000000008003164                DMA2_Stream1_IRQHandler
                0x0000000008003164                FLASH_IRQHandler
                0x0000000008003164                DMA2_Stream4_IRQHandler
                0x0000000008003164                USART1_IRQHandler
                0x0000000008003164                OTG_FS_IRQHandler
                0x0000000008003164                SPI3_IRQHandler
                0x0000000008003164                WAKEUP_PIN_IRQHandler
                0x0000000008003164                DMA1_Stream4_IRQHandler
                0x0000000008003164                OTG_FS_EP1_IN_IRQHandler
                0x0000000008003164                I2C1_ER_IRQHandler
                0x0000000008003164                FMC_IRQHandler
                0x0000000008003164                FDCAN_CAL_IRQHandler
                0x0000000008003164                SWPMI1_IRQHandler
                0x0000000008003164                COMP1_IRQHandler
                0x0000000008003164                LPTIM1_IRQHandler
                0x0000000008003164                I2C4_ER_IRQHandler
                0x0000000008003164                DMA2_Stream6_IRQHandler
                0x0000000008003164                SAI1_IRQHandler
                0x0000000008003164                DMA1_Stream3_IRQHandler
 *fill*         0x0000000008003166        0x2 
 .text.HAL_Init
                0x0000000008003168       0x78 ./Drivers/STM32H7xx_HAL_Driver/Src/stm32h7xx_hal.o
                0x0000000008003168                HAL_Init
 .text.HAL_InitTick
                0x00000000080031e0       0x6c ./Drivers/STM32H7xx_HAL_Driver/Src/stm32h7xx_hal.o
                0x00000000080031e0                HAL_InitTick
 .text.HAL_IncTick
                0x000000000800324c       0x28 ./Drivers/STM32H7xx_HAL_Driver/Src/stm32h7xx_hal.o
                0x000000000800324c                HAL_IncTick
 .text.HAL_GetTick
                0x0000000008003274       0x18 ./Drivers/STM32H7xx_HAL_Driver/Src/stm32h7xx_hal.o
                0x0000000008003274                HAL_GetTick
 .text.HAL_Delay
                0x000000000800328c       0x48 ./Drivers/STM32H7xx_HAL_Driver/Src/stm32h7xx_hal.o
                0x000000000800328c                HAL_Delay
 .text.HAL_GetREVID
                0x00000000080032d4       0x18 ./Drivers/STM32H7xx_HAL_Driver/Src/stm32h7xx_hal.o
                0x00000000080032d4                HAL_GetREVID
 .text.__NVIC_SetPriorityGrouping
                0x00000000080032ec       0x48 ./Drivers/STM32H7xx_HAL_Driver/Src/stm32h7xx_hal_cortex.o
 .text.__NVIC_GetPriorityGrouping
                0x0000000008003334       0x1c ./Drivers/STM32H7xx_HAL_Driver/Src/stm32h7xx_hal_cortex.o
 .text.__NVIC_SetPriority
                0x0000000008003350       0x54 ./Drivers/STM32H7xx_HAL_Driver/Src/stm32h7xx_hal_cortex.o
 .text.NVIC_EncodePriority
                0x00000000080033a4       0x66 ./Drivers/STM32H7xx_HAL_Driver/Src/stm32h7xx_hal_cortex.o
 *fill*         0x000000000800340a        0x2 
 .text.SysTick_Config
                0x000000000800340c       0x44 ./Drivers/STM32H7xx_HAL_Driver/Src/stm32h7xx_hal_cortex.o
 .text.HAL_NVIC_SetPriorityGrouping
                0x0000000008003450       0x16 ./Drivers/STM32H7xx_HAL_Driver/Src/stm32h7xx_hal_cortex.o
                0x0000000008003450                HAL_NVIC_SetPriorityGrouping
 .text.HAL_NVIC_SetPriority
                0x0000000008003466       0x34 ./Drivers/STM32H7xx_HAL_Driver/Src/stm32h7xx_hal_cortex.o
                0x0000000008003466                HAL_NVIC_SetPriority
 .text.HAL_SYSTICK_Config
                0x000000000800349a       0x18 ./Drivers/STM32H7xx_HAL_Driver/Src/stm32h7xx_hal_cortex.o
                0x000000000800349a                HAL_SYSTICK_Config
 *fill*         0x00000000080034b2        0x2 
 .text.HAL_GPIO_Init
                0x00000000080034b4      0x360 ./Drivers/STM32H7xx_HAL_Driver/Src/stm32h7xx_hal_gpio.o
                0x00000000080034b4                HAL_GPIO_Init
 .text.HAL_GPIO_WritePin
                0x0000000008003814       0x32 ./Drivers/STM32H7xx_HAL_Driver/Src/stm32h7xx_hal_gpio.o
                0x0000000008003814                HAL_GPIO_WritePin
 *fill*         0x0000000008003846        0x2 
 .text.HAL_PWREx_ConfigSupply
                0x0000000008003848       0x74 ./Drivers/STM32H7xx_HAL_Driver/Src/stm32h7xx_hal_pwr_ex.o
                0x0000000008003848                HAL_PWREx_ConfigSupply
 .text.HAL_RCC_OscConfig
                0x00000000080038bc      0x85c ./Drivers/STM32H7xx_HAL_Driver/Src/stm32h7xx_hal_rcc.o
                0x00000000080038bc                HAL_RCC_OscConfig
 .text.HAL_RCC_ClockConfig
                0x0000000008004118      0x36c ./Drivers/STM32H7xx_HAL_Driver/Src/stm32h7xx_hal_rcc.o
                0x0000000008004118                HAL_RCC_ClockConfig
 .text.HAL_RCC_GetSysClockFreq
                0x0000000008004484      0x2f4 ./Drivers/STM32H7xx_HAL_Driver/Src/stm32h7xx_hal_rcc.o
                0x0000000008004484                HAL_RCC_GetSysClockFreq
 .text.HAL_RCC_GetHCLKFreq
                0x0000000008004778       0x60 ./Drivers/STM32H7xx_HAL_Driver/Src/stm32h7xx_hal_rcc.o
                0x0000000008004778                HAL_RCC_GetHCLKFreq
 .text.HAL_RCC_GetPCLK1Freq
                0x00000000080047d8       0x2c ./Drivers/STM32H7xx_HAL_Driver/Src/stm32h7xx_hal_rcc.o
                0x00000000080047d8                HAL_RCC_GetPCLK1Freq
 .text.HAL_RCC_GetPCLK2Freq
                0x0000000008004804       0x2c ./Drivers/STM32H7xx_HAL_Driver/Src/stm32h7xx_hal_rcc.o
                0x0000000008004804                HAL_RCC_GetPCLK2Freq
 .text.HAL_RCCEx_PeriphCLKConfig
                0x0000000008004830      0xe8c ./Drivers/STM32H7xx_HAL_Driver/Src/stm32h7xx_hal_rcc_ex.o
                0x0000000008004830                HAL_RCCEx_PeriphCLKConfig
 .text.HAL_RCCEx_GetD3PCLK1Freq
                0x00000000080056bc       0x2c ./Drivers/STM32H7xx_HAL_Driver/Src/stm32h7xx_hal_rcc_ex.o
                0x00000000080056bc                HAL_RCCEx_GetD3PCLK1Freq
 .text.HAL_RCCEx_GetPLL2ClockFreq
                0x00000000080056e8      0x2a8 ./Drivers/STM32H7xx_HAL_Driver/Src/stm32h7xx_hal_rcc_ex.o
                0x00000000080056e8                HAL_RCCEx_GetPLL2ClockFreq
 .text.HAL_RCCEx_GetPLL3ClockFreq
                0x0000000008005990      0x2a8 ./Drivers/STM32H7xx_HAL_Driver/Src/stm32h7xx_hal_rcc_ex.o
                0x0000000008005990                HAL_RCCEx_GetPLL3ClockFreq
 .text.RCCEx_PLL2_Config
                0x0000000008005c38      0x164 ./Drivers/STM32H7xx_HAL_Driver/Src/stm32h7xx_hal_rcc_ex.o
 .text.RCCEx_PLL3_Config
                0x0000000008005d9c      0x164 ./Drivers/STM32H7xx_HAL_Driver/Src/stm32h7xx_hal_rcc_ex.o
 .text.HAL_SRAM_Init
                0x0000000008005f00       0xa0 ./Drivers/STM32H7xx_HAL_Driver/Src/stm32h7xx_hal_sram.o
                0x0000000008005f00                HAL_SRAM_Init
 .text.HAL_UART_Init
                0x0000000008005fa0       0xa0 ./Drivers/STM32H7xx_HAL_Driver/Src/stm32h7xx_hal_uart.o
                0x0000000008005fa0                HAL_UART_Init
 .text.HAL_UART_Transmit
                0x0000000008006040      0x12c ./Drivers/STM32H7xx_HAL_Driver/Src/stm32h7xx_hal_uart.o
                0x0000000008006040                HAL_UART_Transmit
 .text.UART_SetConfig
                0x000000000800616c      0xad0 ./Drivers/STM32H7xx_HAL_Driver/Src/stm32h7xx_hal_uart.o
                0x000000000800616c                UART_SetConfig
 .text.UART_AdvFeatureConfig
                0x0000000008006c3c      0x144 ./Drivers/STM32H7xx_HAL_Driver/Src/stm32h7xx_hal_uart.o
                0x0000000008006c3c                UART_AdvFeatureConfig
 .text.UART_CheckIdleState
                0x0000000008006d80       0x96 ./Drivers/STM32H7xx_HAL_Driver/Src/stm32h7xx_hal_uart.o
                0x0000000008006d80                UART_CheckIdleState
 .text.UART_WaitOnFlagUntilTimeout
                0x0000000008006e16      0x190 ./Drivers/STM32H7xx_HAL_Driver/Src/stm32h7xx_hal_uart.o
                0x0000000008006e16                UART_WaitOnFlagUntilTimeout
 .text.HAL_UARTEx_DisableFifoMode
                0x0000000008006fa6       0x72 ./Drivers/STM32H7xx_HAL_Driver/Src/stm32h7xx_hal_uart_ex.o
                0x0000000008006fa6                HAL_UARTEx_DisableFifoMode
 .text.HAL_UARTEx_SetTxFifoThreshold
                0x0000000008007018       0x7c ./Drivers/STM32H7xx_HAL_Driver/Src/stm32h7xx_hal_uart_ex.o
                0x0000000008007018                HAL_UARTEx_SetTxFifoThreshold
 .text.HAL_UARTEx_SetRxFifoThreshold
                0x0000000008007094       0x7c ./Drivers/STM32H7xx_HAL_Driver/Src/stm32h7xx_hal_uart_ex.o
                0x0000000008007094                HAL_UARTEx_SetRxFifoThreshold
 .text.UARTEx_SetNbDataToProcess
                0x0000000008007110       0x9c ./Drivers/STM32H7xx_HAL_Driver/Src/stm32h7xx_hal_uart_ex.o
 .text.FMC_NORSRAM_Init
                0x00000000080071ac      0x120 ./Drivers/STM32H7xx_HAL_Driver/Src/stm32h7xx_ll_fmc.o
                0x00000000080071ac                FMC_NORSRAM_Init
 .text.FMC_NORSRAM_Timing_Init
                0x00000000080072cc       0xa0 ./Drivers/STM32H7xx_HAL_Driver/Src/stm32h7xx_ll_fmc.o
                0x00000000080072cc                FMC_NORSRAM_Timing_Init
 .text.FMC_NORSRAM_Extended_Timing_Init
                0x000000000800736c       0x70 ./Drivers/STM32H7xx_HAL_Driver/Src/stm32h7xx_ll_fmc.o
                0x000000000800736c                FMC_NORSRAM_Extended_Timing_Init
 .text.__errno  0x00000000080073dc        0xc c:/st/stm32cubeide_1.4.0/stm32cubeide/plugins/com.st.stm32cube.ide.mcu.externaltools.gnu-tools-for-stm32.10.3-2021.10.win32_1.0.0.202111181127/tools/bin/../lib/gcc/arm-none-eabi/10.3.1/../../../../arm-none-eabi/lib/thumb/v7e-m+dp/hard\libc_nano.a(lib_a-errno.o)
                0x00000000080073dc                __errno
 .text.__libc_init_array
                0x00000000080073e8       0x48 c:/st/stm32cubeide_1.4.0/stm32cubeide/plugins/com.st.stm32cube.ide.mcu.externaltools.gnu-tools-for-stm32.10.3-2021.10.win32_1.0.0.202111181127/tools/bin/../lib/gcc/arm-none-eabi/10.3.1/../../../../arm-none-eabi/lib/thumb/v7e-m+dp/hard\libc_nano.a(lib_a-init.o)
                0x00000000080073e8                __libc_init_array
 .text.memset   0x0000000008007430       0x10 c:/st/stm32cubeide_1.4.0/stm32cubeide/plugins/com.st.stm32cube.ide.mcu.externaltools.gnu-tools-for-stm32.10.3-2021.10.win32_1.0.0.202111181127/tools/bin/../lib/gcc/arm-none-eabi/10.3.1/../../../../arm-none-eabi/lib/thumb/v7e-m+dp/hard\libc_nano.a(lib_a-memset.o)
                0x0000000008007430                memset
 .text.printf   0x0000000008007440       0x30 c:/st/stm32cubeide_1.4.0/stm32cubeide/plugins/com.st.stm32cube.ide.mcu.externaltools.gnu-tools-for-stm32.10.3-2021.10.win32_1.0.0.202111181127/tools/bin/../lib/gcc/arm-none-eabi/10.3.1/../../../../arm-none-eabi/lib/thumb/v7e-m+dp/hard\libc_nano.a(lib_a-printf.o)
                0x0000000008007440                iprintf
                0x0000000008007440                printf
 .text._puts_r  0x0000000008007470       0xdc c:/st/stm32cubeide_1.4.0/stm32cubeide/plugins/com.st.stm32cube.ide.mcu.externaltools.gnu-tools-for-stm32.10.3-2021.10.win32_1.0.0.202111181127/tools/bin/../lib/gcc/arm-none-eabi/10.3.1/../../../../arm-none-eabi/lib/thumb/v7e-m+dp/hard\libc_nano.a(lib_a-puts.o)
                0x0000000008007470                _puts_r
 .text.puts     0x000000000800754c       0x10 c:/st/stm32cubeide_1.4.0/stm32cubeide/plugins/com.st.stm32cube.ide.mcu.externaltools.gnu-tools-for-stm32.10.3-2021.10.win32_1.0.0.202111181127/tools/bin/../lib/gcc/arm-none-eabi/10.3.1/../../../../arm-none-eabi/lib/thumb/v7e-m+dp/hard\libc_nano.a(lib_a-puts.o)
                0x000000000800754c                puts
 .text.__swbuf_r
                0x000000000800755c       0xa4 c:/st/stm32cubeide_1.4.0/stm32cubeide/plugins/com.st.stm32cube.ide.mcu.externaltools.gnu-tools-for-stm32.10.3-2021.10.win32_1.0.0.202111181127/tools/bin/../lib/gcc/arm-none-eabi/10.3.1/../../../../arm-none-eabi/lib/thumb/v7e-m+dp/hard\libc_nano.a(lib_a-wbuf.o)
                0x000000000800755c                __swbuf_r
 .text.__swsetup_r
                0x0000000008007600       0xdc c:/st/stm32cubeide_1.4.0/stm32cubeide/plugins/com.st.stm32cube.ide.mcu.externaltools.gnu-tools-for-stm32.10.3-2021.10.win32_1.0.0.202111181127/tools/bin/../lib/gcc/arm-none-eabi/10.3.1/../../../../arm-none-eabi/lib/thumb/v7e-m+dp/hard\libc_nano.a(lib_a-wsetup.o)
                0x0000000008007600                __swsetup_r
 .text.__sflush_r
                0x00000000080076dc      0x10c c:/st/stm32cubeide_1.4.0/stm32cubeide/plugins/com.st.stm32cube.ide.mcu.externaltools.gnu-tools-for-stm32.10.3-2021.10.win32_1.0.0.202111181127/tools/bin/../lib/gcc/arm-none-eabi/10.3.1/../../../../arm-none-eabi/lib/thumb/v7e-m+dp/hard\libc_nano.a(lib_a-fflush.o)
                0x00000000080076dc                __sflush_r
 .text._fflush_r
                0x00000000080077e8       0x78 c:/st/stm32cubeide_1.4.0/stm32cubeide/plugins/com.st.stm32cube.ide.mcu.externaltools.gnu-tools-for-stm32.10.3-2021.10.win32_1.0.0.202111181127/tools/bin/../lib/gcc/arm-none-eabi/10.3.1/../../../../arm-none-eabi/lib/thumb/v7e-m+dp/hard\libc_nano.a(lib_a-fflush.o)
                0x00000000080077e8                _fflush_r
 .text.std      0x0000000008007860       0x48 c:/st/stm32cubeide_1.4.0/stm32cubeide/plugins/com.st.stm32cube.ide.mcu.externaltools.gnu-tools-for-stm32.10.3-2021.10.win32_1.0.0.202111181127/tools/bin/../lib/gcc/arm-none-eabi/10.3.1/../../../../arm-none-eabi/lib/thumb/v7e-m+dp/hard\libc_nano.a(lib_a-findfp.o)
 .text._cleanup_r
                0x00000000080078a8        0xc c:/st/stm32cubeide_1.4.0/stm32cubeide/plugins/com.st.stm32cube.ide.mcu.externaltools.gnu-tools-for-stm32.10.3-2021.10.win32_1.0.0.202111181127/tools/bin/../lib/gcc/arm-none-eabi/10.3.1/../../../../arm-none-eabi/lib/thumb/v7e-m+dp/hard\libc_nano.a(lib_a-findfp.o)
                0x00000000080078a8                _cleanup_r
 .text.__sfmoreglue
                0x00000000080078b4       0x2c c:/st/stm32cubeide_1.4.0/stm32cubeide/plugins/com.st.stm32cube.ide.mcu.externaltools.gnu-tools-for-stm32.10.3-2021.10.win32_1.0.0.202111181127/tools/bin/../lib/gcc/arm-none-eabi/10.3.1/../../../../arm-none-eabi/lib/thumb/v7e-m+dp/hard\libc_nano.a(lib_a-findfp.o)
                0x00000000080078b4                __sfmoreglue
 .text.__sfp_lock_acquire
                0x00000000080078e0        0xc c:/st/stm32cubeide_1.4.0/stm32cubeide/plugins/com.st.stm32cube.ide.mcu.externaltools.gnu-tools-for-stm32.10.3-2021.10.win32_1.0.0.202111181127/tools/bin/../lib/gcc/arm-none-eabi/10.3.1/../../../../arm-none-eabi/lib/thumb/v7e-m+dp/hard\libc_nano.a(lib_a-findfp.o)
                0x00000000080078e0                __sfp_lock_acquire
 .text.__sfp_lock_release
                0x00000000080078ec        0xc c:/st/stm32cubeide_1.4.0/stm32cubeide/plugins/com.st.stm32cube.ide.mcu.externaltools.gnu-tools-for-stm32.10.3-2021.10.win32_1.0.0.202111181127/tools/bin/../lib/gcc/arm-none-eabi/10.3.1/../../../../arm-none-eabi/lib/thumb/v7e-m+dp/hard\libc_nano.a(lib_a-findfp.o)
                0x00000000080078ec                __sfp_lock_release
 .text.__sinit_lock_acquire
                0x00000000080078f8        0xc c:/st/stm32cubeide_1.4.0/stm32cubeide/plugins/com.st.stm32cube.ide.mcu.externaltools.gnu-tools-for-stm32.10.3-2021.10.win32_1.0.0.202111181127/tools/bin/../lib/gcc/arm-none-eabi/10.3.1/../../../../arm-none-eabi/lib/thumb/v7e-m+dp/hard\libc_nano.a(lib_a-findfp.o)
                0x00000000080078f8                __sinit_lock_acquire
 .text.__sinit_lock_release
                0x0000000008007904        0xc c:/st/stm32cubeide_1.4.0/stm32cubeide/plugins/com.st.stm32cube.ide.mcu.externaltools.gnu-tools-for-stm32.10.3-2021.10.win32_1.0.0.202111181127/tools/bin/../lib/gcc/arm-none-eabi/10.3.1/../../../../arm-none-eabi/lib/thumb/v7e-m+dp/hard\libc_nano.a(lib_a-findfp.o)
                0x0000000008007904                __sinit_lock_release
 .text.__sinit  0x0000000008007910       0x70 c:/st/stm32cubeide_1.4.0/stm32cubeide/plugins/com.st.stm32cube.ide.mcu.externaltools.gnu-tools-for-stm32.10.3-2021.10.win32_1.0.0.202111181127/tools/bin/../lib/gcc/arm-none-eabi/10.3.1/../../../../arm-none-eabi/lib/thumb/v7e-m+dp/hard\libc_nano.a(lib_a-findfp.o)
                0x0000000008007910                __sinit
 .text.__sfp    0x0000000008007980       0x8c c:/st/stm32cubeide_1.4.0/stm32cubeide/plugins/com.st.stm32cube.ide.mcu.externaltools.gnu-tools-for-stm32.10.3-2021.10.win32_1.0.0.202111181127/tools/bin/../lib/gcc/arm-none-eabi/10.3.1/../../../../arm-none-eabi/lib/thumb/v7e-m+dp/hard\libc_nano.a(lib_a-findfp.o)
                0x0000000008007980                __sfp
 .text._fwalk_reent
                0x0000000008007a0c       0x3e c:/st/stm32cubeide_1.4.0/stm32cubeide/plugins/com.st.stm32cube.ide.mcu.externaltools.gnu-tools-for-stm32.10.3-2021.10.win32_1.0.0.202111181127/tools/bin/../lib/gcc/arm-none-eabi/10.3.1/../../../../arm-none-eabi/lib/thumb/v7e-m+dp/hard\libc_nano.a(lib_a-fwalk.o)
                0x0000000008007a0c                _fwalk_reent
 .text.__retarget_lock_init_recursive
                0x0000000008007a4a        0x2 c:/st/stm32cubeide_1.4.0/stm32cubeide/plugins/com.st.stm32cube.ide.mcu.externaltools.gnu-tools-for-stm32.10.3-2021.10.win32_1.0.0.202111181127/tools/bin/../lib/gcc/arm-none-eabi/10.3.1/../../../../arm-none-eabi/lib/thumb/v7e-m+dp/hard\libc_nano.a(lib_a-lock.o)
                0x0000000008007a4a                __retarget_lock_init_recursive
 .text.__retarget_lock_acquire_recursive
                0x0000000008007a4c        0x2 c:/st/stm32cubeide_1.4.0/stm32cubeide/plugins/com.st.stm32cube.ide.mcu.externaltools.gnu-tools-for-stm32.10.3-2021.10.win32_1.0.0.202111181127/tools/bin/../lib/gcc/arm-none-eabi/10.3.1/../../../../arm-none-eabi/lib/thumb/v7e-m+dp/hard\libc_nano.a(lib_a-lock.o)
                0x0000000008007a4c                __retarget_lock_acquire_recursive
 .text.__retarget_lock_release_recursive
                0x0000000008007a4e        0x2 c:/st/stm32cubeide_1.4.0/stm32cubeide/plugins/com.st.stm32cube.ide.mcu.externaltools.gnu-tools-for-stm32.10.3-2021.10.win32_1.0.0.202111181127/tools/bin/../lib/gcc/arm-none-eabi/10.3.1/../../../../arm-none-eabi/lib/thumb/v7e-m+dp/hard\libc_nano.a(lib_a-lock.o)
                0x0000000008007a4e                __retarget_lock_release_recursive
 .text.__swhatbuf_r
                0x0000000008007a50       0x4a c:/st/stm32cubeide_1.4.0/stm32cubeide/plugins/com.st.stm32cube.ide.mcu.externaltools.gnu-tools-for-stm32.10.3-2021.10.win32_1.0.0.202111181127/tools/bin/../lib/gcc/arm-none-eabi/10.3.1/../../../../arm-none-eabi/lib/thumb/v7e-m+dp/hard\libc_nano.a(lib_a-makebuf.o)
                0x0000000008007a50                __swhatbuf_r
 *fill*         0x0000000008007a9a        0x2 
 .text.__smakebuf_r
                0x0000000008007a9c       0x80 c:/st/stm32cubeide_1.4.0/stm32cubeide/plugins/com.st.stm32cube.ide.mcu.externaltools.gnu-tools-for-stm32.10.3-2021.10.win32_1.0.0.202111181127/tools/bin/../lib/gcc/arm-none-eabi/10.3.1/../../../../arm-none-eabi/lib/thumb/v7e-m+dp/hard\libc_nano.a(lib_a-makebuf.o)
                0x0000000008007a9c                __smakebuf_r
 .text._free_r  0x0000000008007b1c       0x98 c:/st/stm32cubeide_1.4.0/stm32cubeide/plugins/com.st.stm32cube.ide.mcu.externaltools.gnu-tools-for-stm32.10.3-2021.10.win32_1.0.0.202111181127/tools/bin/../lib/gcc/arm-none-eabi/10.3.1/../../../../arm-none-eabi/lib/thumb/v7e-m+dp/hard\libc_nano.a(lib_a-nano-freer.o)
                0x0000000008007b1c                _free_r
 .text.sbrk_aligned
                0x0000000008007bb4       0x40 c:/st/stm32cubeide_1.4.0/stm32cubeide/plugins/com.st.stm32cube.ide.mcu.externaltools.gnu-tools-for-stm32.10.3-2021.10.win32_1.0.0.202111181127/tools/bin/../lib/gcc/arm-none-eabi/10.3.1/../../../../arm-none-eabi/lib/thumb/v7e-m+dp/hard\libc_nano.a(lib_a-nano-mallocr.o)
 .text._malloc_r
                0x0000000008007bf4       0xe8 c:/st/stm32cubeide_1.4.0/stm32cubeide/plugins/com.st.stm32cube.ide.mcu.externaltools.gnu-tools-for-stm32.10.3-2021.10.win32_1.0.0.202111181127/tools/bin/../lib/gcc/arm-none-eabi/10.3.1/../../../../arm-none-eabi/lib/thumb/v7e-m+dp/hard\libc_nano.a(lib_a-nano-mallocr.o)
                0x0000000008007bf4                _malloc_r
 .text.__sfputc_r
                0x0000000008007cdc       0x2e c:/st/stm32cubeide_1.4.0/stm32cubeide/plugins/com.st.stm32cube.ide.mcu.externaltools.gnu-tools-for-stm32.10.3-2021.10.win32_1.0.0.202111181127/tools/bin/../lib/gcc/arm-none-eabi/10.3.1/../../../../arm-none-eabi/lib/thumb/v7e-m+dp/hard\libc_nano.a(lib_a-nano-vfprintf.o)
 .text.__sfputs_r
                0x0000000008007d0a       0x24 c:/st/stm32cubeide_1.4.0/stm32cubeide/plugins/com.st.stm32cube.ide.mcu.externaltools.gnu-tools-for-stm32.10.3-2021.10.win32_1.0.0.202111181127/tools/bin/../lib/gcc/arm-none-eabi/10.3.1/../../../../arm-none-eabi/lib/thumb/v7e-m+dp/hard\libc_nano.a(lib_a-nano-vfprintf.o)
                0x0000000008007d0a                __sfputs_r
 *fill*         0x0000000008007d2e        0x2 
 .text._vfprintf_r
                0x0000000008007d30      0x260 c:/st/stm32cubeide_1.4.0/stm32cubeide/plugins/com.st.stm32cube.ide.mcu.externaltools.gnu-tools-for-stm32.10.3-2021.10.win32_1.0.0.202111181127/tools/bin/../lib/gcc/arm-none-eabi/10.3.1/../../../../arm-none-eabi/lib/thumb/v7e-m+dp/hard\libc_nano.a(lib_a-nano-vfprintf.o)
                0x0000000008007d30                _vfprintf_r
                0x0000000008007d30                _vfiprintf_r
 .text._printf_common
                0x0000000008007f90       0xda c:/st/stm32cubeide_1.4.0/stm32cubeide/plugins/com.st.stm32cube.ide.mcu.externaltools.gnu-tools-for-stm32.10.3-2021.10.win32_1.0.0.202111181127/tools/bin/../lib/gcc/arm-none-eabi/10.3.1/../../../../arm-none-eabi/lib/thumb/v7e-m+dp/hard\libc_nano.a(lib_a-nano-vfprintf_i.o)
                0x0000000008007f90                _printf_common
 *fill*         0x000000000800806a        0x2 
 .text._printf_i
                0x000000000800806c      0x24c c:/st/stm32cubeide_1.4.0/stm32cubeide/plugins/com.st.stm32cube.ide.mcu.externaltools.gnu-tools-for-stm32.10.3-2021.10.win32_1.0.0.202111181127/tools/bin/../lib/gcc/arm-none-eabi/10.3.1/../../../../arm-none-eabi/lib/thumb/v7e-m+dp/hard\libc_nano.a(lib_a-nano-vfprintf_i.o)
                0x000000000800806c                _printf_i
 .text._sbrk_r  0x00000000080082b8       0x20 c:/st/stm32cubeide_1.4.0/stm32cubeide/plugins/com.st.stm32cube.ide.mcu.externaltools.gnu-tools-for-stm32.10.3-2021.10.win32_1.0.0.202111181127/tools/bin/../lib/gcc/arm-none-eabi/10.3.1/../../../../arm-none-eabi/lib/thumb/v7e-m+dp/hard\libc_nano.a(lib_a-sbrkr.o)
                0x00000000080082b8                _sbrk_r
 .text.__sread  0x00000000080082d8       0x22 c:/st/stm32cubeide_1.4.0/stm32cubeide/plugins/com.st.stm32cube.ide.mcu.externaltools.gnu-tools-for-stm32.10.3-2021.10.win32_1.0.0.202111181127/tools/bin/../lib/gcc/arm-none-eabi/10.3.1/../../../../arm-none-eabi/lib/thumb/v7e-m+dp/hard\libc_nano.a(lib_a-stdio.o)
                0x00000000080082d8                __sread
 .text.__swrite
                0x00000000080082fa       0x38 c:/st/stm32cubeide_1.4.0/stm32cubeide/plugins/com.st.stm32cube.ide.mcu.externaltools.gnu-tools-for-stm32.10.3-2021.10.win32_1.0.0.202111181127/tools/bin/../lib/gcc/arm-none-eabi/10.3.1/../../../../arm-none-eabi/lib/thumb/v7e-m+dp/hard\libc_nano.a(lib_a-stdio.o)
                0x00000000080082fa                __swrite
 .text.__sseek  0x0000000008008332       0x24 c:/st/stm32cubeide_1.4.0/stm32cubeide/plugins/com.st.stm32cube.ide.mcu.externaltools.gnu-tools-for-stm32.10.3-2021.10.win32_1.0.0.202111181127/tools/bin/../lib/gcc/arm-none-eabi/10.3.1/../../../../arm-none-eabi/lib/thumb/v7e-m+dp/hard\libc_nano.a(lib_a-stdio.o)
                0x0000000008008332                __sseek
 .text.__sclose
                0x0000000008008356        0x8 c:/st/stm32cubeide_1.4.0/stm32cubeide/plugins/com.st.stm32cube.ide.mcu.externaltools.gnu-tools-for-stm32.10.3-2021.10.win32_1.0.0.202111181127/tools/bin/../lib/gcc/arm-none-eabi/10.3.1/../../../../arm-none-eabi/lib/thumb/v7e-m+dp/hard\libc_nano.a(lib_a-stdio.o)
                0x0000000008008356                __sclose
 *fill*         0x000000000800835e        0x2 
 .text._write_r
                0x0000000008008360       0x24 c:/st/stm32cubeide_1.4.0/stm32cubeide/plugins/com.st.stm32cube.ide.mcu.externaltools.gnu-tools-for-stm32.10.3-2021.10.win32_1.0.0.202111181127/tools/bin/../lib/gcc/arm-none-eabi/10.3.1/../../../../arm-none-eabi/lib/thumb/v7e-m+dp/hard\libc_nano.a(lib_a-writer.o)
                0x0000000008008360                _write_r
 .text._close_r
                0x0000000008008384       0x20 c:/st/stm32cubeide_1.4.0/stm32cubeide/plugins/com.st.stm32cube.ide.mcu.externaltools.gnu-tools-for-stm32.10.3-2021.10.win32_1.0.0.202111181127/tools/bin/../lib/gcc/arm-none-eabi/10.3.1/../../../../arm-none-eabi/lib/thumb/v7e-m+dp/hard\libc_nano.a(lib_a-closer.o)
                0x0000000008008384                _close_r
 .text._fstat_r
                0x00000000080083a4       0x24 c:/st/stm32cubeide_1.4.0/stm32cubeide/plugins/com.st.stm32cube.ide.mcu.externaltools.gnu-tools-for-stm32.10.3-2021.10.win32_1.0.0.202111181127/tools/bin/../lib/gcc/arm-none-eabi/10.3.1/../../../../arm-none-eabi/lib/thumb/v7e-m+dp/hard\libc_nano.a(lib_a-fstatr.o)
                0x00000000080083a4                _fstat_r
 .text._isatty_r
                0x00000000080083c8       0x20 c:/st/stm32cubeide_1.4.0/stm32cubeide/plugins/com.st.stm32cube.ide.mcu.externaltools.gnu-tools-for-stm32.10.3-2021.10.win32_1.0.0.202111181127/tools/bin/../lib/gcc/arm-none-eabi/10.3.1/../../../../arm-none-eabi/lib/thumb/v7e-m+dp/hard\libc_nano.a(lib_a-isattyr.o)
                0x00000000080083c8                _isatty_r
 .text._lseek_r
                0x00000000080083e8       0x24 c:/st/stm32cubeide_1.4.0/stm32cubeide/plugins/com.st.stm32cube.ide.mcu.externaltools.gnu-tools-for-stm32.10.3-2021.10.win32_1.0.0.202111181127/tools/bin/../lib/gcc/arm-none-eabi/10.3.1/../../../../arm-none-eabi/lib/thumb/v7e-m+dp/hard\libc_nano.a(lib_a-lseekr.o)
                0x00000000080083e8                _lseek_r
 .text.__malloc_lock
                0x000000000800840c        0xc c:/st/stm32cubeide_1.4.0/stm32cubeide/plugins/com.st.stm32cube.ide.mcu.externaltools.gnu-tools-for-stm32.10.3-2021.10.win32_1.0.0.202111181127/tools/bin/../lib/gcc/arm-none-eabi/10.3.1/../../../../arm-none-eabi/lib/thumb/v7e-m+dp/hard\libc_nano.a(lib_a-mlock.o)
                0x000000000800840c                __malloc_lock
 .text.__malloc_unlock
                0x0000000008008418        0xc c:/st/stm32cubeide_1.4.0/stm32cubeide/plugins/com.st.stm32cube.ide.mcu.externaltools.gnu-tools-for-stm32.10.3-2021.10.win32_1.0.0.202111181127/tools/bin/../lib/gcc/arm-none-eabi/10.3.1/../../../../arm-none-eabi/lib/thumb/v7e-m+dp/hard\libc_nano.a(lib_a-mlock.o)
                0x0000000008008418                __malloc_unlock
 .text._read_r  0x0000000008008424       0x24 c:/st/stm32cubeide_1.4.0/stm32cubeide/plugins/com.st.stm32cube.ide.mcu.externaltools.gnu-tools-for-stm32.10.3-2021.10.win32_1.0.0.202111181127/tools/bin/../lib/gcc/arm-none-eabi/10.3.1/../../../../arm-none-eabi/lib/thumb/v7e-m+dp/hard\libc_nano.a(lib_a-readr.o)
                0x0000000008008424                _read_r
 *(.glue_7)
 .glue_7        0x0000000008008448        0x0 linker stubs
 *(.glue_7t)
 .glue_7t       0x0000000008008448        0x0 linker stubs
 *(.eh_frame)
 .eh_frame      0x0000000008008448        0x0 c:/st/stm32cubeide_1.4.0/stm32cubeide/plugins/com.st.stm32cube.ide.mcu.externaltools.gnu-tools-for-stm32.10.3-2021.10.win32_1.0.0.202111181127/tools/bin/../lib/gcc/arm-none-eabi/10.3.1/thumb/v7e-m+dp/hard/crtbegin.o
 *(.init)
 .init          0x0000000008008448        0x4 c:/st/stm32cubeide_1.4.0/stm32cubeide/plugins/com.st.stm32cube.ide.mcu.externaltools.gnu-tools-for-stm32.10.3-2021.10.win32_1.0.0.202111181127/tools/bin/../lib/gcc/arm-none-eabi/10.3.1/thumb/v7e-m+dp/hard/crti.o
                0x0000000008008448                _init
 .init          0x000000000800844c        0x8 c:/st/stm32cubeide_1.4.0/stm32cubeide/plugins/com.st.stm32cube.ide.mcu.externaltools.gnu-tools-for-stm32.10.3-2021.10.win32_1.0.0.202111181127/tools/bin/../lib/gcc/arm-none-eabi/10.3.1/thumb/v7e-m+dp/hard/crtn.o
 *(.fini)
 .fini          0x0000000008008454        0x4 c:/st/stm32cubeide_1.4.0/stm32cubeide/plugins/com.st.stm32cube.ide.mcu.externaltools.gnu-tools-for-stm32.10.3-2021.10.win32_1.0.0.202111181127/tools/bin/../lib/gcc/arm-none-eabi/10.3.1/thumb/v7e-m+dp/hard/crti.o
                0x0000000008008454                _fini
 .fini          0x0000000008008458        0x8 c:/st/stm32cubeide_1.4.0/stm32cubeide/plugins/com.st.stm32cube.ide.mcu.externaltools.gnu-tools-for-stm32.10.3-2021.10.win32_1.0.0.202111181127/tools/bin/../lib/gcc/arm-none-eabi/10.3.1/thumb/v7e-m+dp/hard/crtn.o
                0x0000000008008460                . = ALIGN (0x4)
                0x0000000008008460                _etext = .

.vfp11_veneer   0x0000000008008460        0x0
 .vfp11_veneer  0x0000000008008460        0x0 linker stubs

.v4_bx          0x0000000008008460        0x0
 .v4_bx         0x0000000008008460        0x0 linker stubs

.iplt           0x0000000008008460        0x0
 .iplt          0x0000000008008460        0x0 c:/st/stm32cubeide_1.4.0/stm32cubeide/plugins/com.st.stm32cube.ide.mcu.externaltools.gnu-tools-for-stm32.10.3-2021.10.win32_1.0.0.202111181127/tools/bin/../lib/gcc/arm-none-eabi/10.3.1/thumb/v7e-m+dp/hard/crtbegin.o

.rodata         0x0000000008008460      0x2e0
                0x0000000008008460                . = ALIGN (0x4)
 *(.rodata)
 .rodata        0x0000000008008460        0x5 ./Core/Src/Ethernet/socket.o
 *fill*         0x0000000008008465        0x3 
 .rodata        0x0000000008008468      0x111 ./Core/Src/loopback.o
 *fill*         0x0000000008008579        0x3 
 .rodata        0x000000000800857c       0xf1 ./Core/Src/main.o
 *(.rodata*)
 *fill*         0x000000000800866d        0x3 
 .rodata.D1CorePrescTable
                0x0000000008008670       0x10 ./Core/Src/system_stm32h7xx.o
                0x0000000008008670                D1CorePrescTable
 .rodata.UARTPrescTable
                0x0000000008008680       0x18 ./Drivers/STM32H7xx_HAL_Driver/Src/stm32h7xx_hal_uart.o
                0x0000000008008680                UARTPrescTable
 .rodata.numerator.1
                0x0000000008008698        0x8 ./Drivers/STM32H7xx_HAL_Driver/Src/stm32h7xx_hal_uart_ex.o
 .rodata.denominator.0
                0x00000000080086a0        0x8 ./Drivers/STM32H7xx_HAL_Driver/Src/stm32h7xx_hal_uart_ex.o
 .rodata._global_impure_ptr
                0x00000000080086a8        0x4 c:/st/stm32cubeide_1.4.0/stm32cubeide/plugins/com.st.stm32cube.ide.mcu.externaltools.gnu-tools-for-stm32.10.3-2021.10.win32_1.0.0.202111181127/tools/bin/../lib/gcc/arm-none-eabi/10.3.1/../../../../arm-none-eabi/lib/thumb/v7e-m+dp/hard\libc_nano.a(lib_a-impure.o)
                0x00000000080086a8                _global_impure_ptr
 .rodata.__sf_fake_stderr
                0x00000000080086ac       0x20 c:/st/stm32cubeide_1.4.0/stm32cubeide/plugins/com.st.stm32cube.ide.mcu.externaltools.gnu-tools-for-stm32.10.3-2021.10.win32_1.0.0.202111181127/tools/bin/../lib/gcc/arm-none-eabi/10.3.1/../../../../arm-none-eabi/lib/thumb/v7e-m+dp/hard\libc_nano.a(lib_a-findfp.o)
                0x00000000080086ac                __sf_fake_stderr
 .rodata.__sf_fake_stdin
                0x00000000080086cc       0x20 c:/st/stm32cubeide_1.4.0/stm32cubeide/plugins/com.st.stm32cube.ide.mcu.externaltools.gnu-tools-for-stm32.10.3-2021.10.win32_1.0.0.202111181127/tools/bin/../lib/gcc/arm-none-eabi/10.3.1/../../../../arm-none-eabi/lib/thumb/v7e-m+dp/hard\libc_nano.a(lib_a-findfp.o)
                0x00000000080086cc                __sf_fake_stdin
 .rodata.__sf_fake_stdout
                0x00000000080086ec       0x20 c:/st/stm32cubeide_1.4.0/stm32cubeide/plugins/com.st.stm32cube.ide.mcu.externaltools.gnu-tools-for-stm32.10.3-2021.10.win32_1.0.0.202111181127/tools/bin/../lib/gcc/arm-none-eabi/10.3.1/../../../../arm-none-eabi/lib/thumb/v7e-m+dp/hard\libc_nano.a(lib_a-findfp.o)
                0x00000000080086ec                __sf_fake_stdout
 .rodata._vfprintf_r.str1.1
                0x000000000800870c       0x11 c:/st/stm32cubeide_1.4.0/stm32cubeide/plugins/com.st.stm32cube.ide.mcu.externaltools.gnu-tools-for-stm32.10.3-2021.10.win32_1.0.0.202111181127/tools/bin/../lib/gcc/arm-none-eabi/10.3.1/../../../../arm-none-eabi/lib/thumb/v7e-m+dp/hard\libc_nano.a(lib_a-nano-vfprintf.o)
 .rodata._printf_i.str1.1
                0x000000000800871d       0x22 c:/st/stm32cubeide_1.4.0/stm32cubeide/plugins/com.st.stm32cube.ide.mcu.externaltools.gnu-tools-for-stm32.10.3-2021.10.win32_1.0.0.202111181127/tools/bin/../lib/gcc/arm-none-eabi/10.3.1/../../../../arm-none-eabi/lib/thumb/v7e-m+dp/hard\libc_nano.a(lib_a-nano-vfprintf_i.o)
                0x0000000008008740                . = ALIGN (0x4)
 *fill*         0x000000000800873f        0x1 

.ARM.extab
 *(.ARM.extab* .gnu.linkonce.armextab.*)

.ARM            0x0000000008008740        0x8
                0x0000000008008740                __exidx_start = .
 *(.ARM.exidx*)
 .ARM.exidx     0x0000000008008740        0x8 c:/st/stm32cubeide_1.4.0/stm32cubeide/plugins/com.st.stm32cube.ide.mcu.externaltools.gnu-tools-for-stm32.10.3-2021.10.win32_1.0.0.202111181127/tools/bin/../lib/gcc/arm-none-eabi/10.3.1/thumb/v7e-m+dp/hard\libgcc.a(_udivmoddi4.o)
                0x0000000008008748                __exidx_end = .

.rel.dyn        0x0000000008008748        0x0
 .rel.iplt      0x0000000008008748        0x0 c:/st/stm32cubeide_1.4.0/stm32cubeide/plugins/com.st.stm32cube.ide.mcu.externaltools.gnu-tools-for-stm32.10.3-2021.10.win32_1.0.0.202111181127/tools/bin/../lib/gcc/arm-none-eabi/10.3.1/thumb/v7e-m+dp/hard/crtbegin.o

.preinit_array  0x0000000008008748        0x0
                0x0000000008008748                PROVIDE (__preinit_array_start = .)
 *(.preinit_array*)
                0x0000000008008748                PROVIDE (__preinit_array_end = .)

.init_array     0x0000000008008748        0x4
                0x0000000008008748                PROVIDE (__init_array_start = .)
 *(SORT_BY_NAME(.init_array.*))
 *(.init_array*)
 .init_array    0x0000000008008748        0x4 c:/st/stm32cubeide_1.4.0/stm32cubeide/plugins/com.st.stm32cube.ide.mcu.externaltools.gnu-tools-for-stm32.10.3-2021.10.win32_1.0.0.202111181127/tools/bin/../lib/gcc/arm-none-eabi/10.3.1/thumb/v7e-m+dp/hard/crtbegin.o
                0x000000000800874c                PROVIDE (__init_array_end = .)

.fini_array     0x000000000800874c        0x4
                [!provide]                        PROVIDE (__fini_array_start = .)
 *(SORT_BY_NAME(.fini_array.*))
 *(.fini_array*)
 .fini_array    0x000000000800874c        0x4 c:/st/stm32cubeide_1.4.0/stm32cubeide/plugins/com.st.stm32cube.ide.mcu.externaltools.gnu-tools-for-stm32.10.3-2021.10.win32_1.0.0.202111181127/tools/bin/../lib/gcc/arm-none-eabi/10.3.1/thumb/v7e-m+dp/hard/crtbegin.o
                [!provide]                        PROVIDE (__fini_array_end = .)
                0x0000000008008750                _sidata = LOADADDR (.data)

.data           0x0000000024000000       0xcc load address 0x0000000008008750
                0x0000000024000000                . = ALIGN (0x4)
                0x0000000024000000                _sdata = .
 *(.data)
 *(.data*)
 .data.sock_any_port
                0x0000000024000000        0x2 ./Core/Src/Ethernet/socket.o
 *fill*         0x0000000024000002        0x2 
 .data.WIZCHIP  0x0000000024000004       0x2c ./Core/Src/Ethernet/wizchip_conf.o
                0x0000000024000004                WIZCHIP
 .data.wiznet_memsize
                0x0000000024000030       0x10 ./Core/Src/main.o
                0x0000000024000030                wiznet_memsize
 .data.gWIZNETINFO
                0x0000000024000040       0x17 ./Core/Src/main.o
                0x0000000024000040                gWIZNETINFO
 *fill*         0x0000000024000057        0x1 
 .data.SystemCoreClock
                0x0000000024000058        0x4 ./Core/Src/system_stm32h7xx.o
                0x0000000024000058                SystemCoreClock
 .data.SystemD2Clock
                0x000000002400005c        0x4 ./Core/Src/system_stm32h7xx.o
                0x000000002400005c                SystemD2Clock
 .data.uwTickPrio
                0x0000000024000060        0x4 ./Drivers/STM32H7xx_HAL_Driver/Src/stm32h7xx_hal.o
                0x0000000024000060                uwTickPrio
 .data.uwTickFreq
                0x0000000024000064        0x1 ./Drivers/STM32H7xx_HAL_Driver/Src/stm32h7xx_hal.o
                0x0000000024000064                uwTickFreq
 *fill*         0x0000000024000065        0x3 
 .data._impure_ptr
                0x0000000024000068        0x4 c:/st/stm32cubeide_1.4.0/stm32cubeide/plugins/com.st.stm32cube.ide.mcu.externaltools.gnu-tools-for-stm32.10.3-2021.10.win32_1.0.0.202111181127/tools/bin/../lib/gcc/arm-none-eabi/10.3.1/../../../../arm-none-eabi/lib/thumb/v7e-m+dp/hard\libc_nano.a(lib_a-impure.o)
                0x0000000024000068                _impure_ptr
 .data.impure_data
                0x000000002400006c       0x60 c:/st/stm32cubeide_1.4.0/stm32cubeide/plugins/com.st.stm32cube.ide.mcu.externaltools.gnu-tools-for-stm32.10.3-2021.10.win32_1.0.0.202111181127/tools/bin/../lib/gcc/arm-none-eabi/10.3.1/../../../../arm-none-eabi/lib/thumb/v7e-m+dp/hard\libc_nano.a(lib_a-impure.o)
 *(.RamFunc)
 *(.RamFunc*)
                0x00000000240000cc                . = ALIGN (0x4)
                0x00000000240000cc                _edata = .

.igot.plt       0x00000000240000cc        0x0 load address 0x000000000800881c
 .igot.plt      0x00000000240000cc        0x0 c:/st/stm32cubeide_1.4.0/stm32cubeide/plugins/com.st.stm32cube.ide.mcu.externaltools.gnu-tools-for-stm32.10.3-2021.10.win32_1.0.0.202111181127/tools/bin/../lib/gcc/arm-none-eabi/10.3.1/thumb/v7e-m+dp/hard/crtbegin.o
                0x00000000240000cc                . = ALIGN (0x4)

.bss            0x00000000240000cc      0x940 load address 0x000000000800881c
                0x00000000240000cc                _sbss = .
                0x00000000240000cc                __bss_start__ = _sbss
 *(.bss)
 .bss           0x00000000240000cc       0x1c c:/st/stm32cubeide_1.4.0/stm32cubeide/plugins/com.st.stm32cube.ide.mcu.externaltools.gnu-tools-for-stm32.10.3-2021.10.win32_1.0.0.202111181127/tools/bin/../lib/gcc/arm-none-eabi/10.3.1/thumb/v7e-m+dp/hard/crtbegin.o
 *(.bss*)
 .bss.sock_io_mode
                0x00000000240000e8        0x2 ./Core/Src/Ethernet/socket.o
 .bss.sock_is_sending
                0x00000000240000ea        0x2 ./Core/Src/Ethernet/socket.o
 .bss.sock_remained_size
                0x00000000240000ec       0x10 ./Core/Src/Ethernet/socket.o
 .bss.sock_pack_info
                0x00000000240000fc        0x8 ./Core/Src/Ethernet/socket.o
                0x00000000240000fc                sock_pack_info
 .bss.sock_remained_byte
                0x0000000024000104        0x8 ./Core/Src/Ethernet/socket.o
                0x0000000024000104                sock_remained_byte
 .bss._DNS_     0x000000002400010c        0x4 ./Core/Src/Ethernet/wizchip_conf.o
 .bss._DHCP_    0x0000000024000110        0x1 ./Core/Src/Ethernet/wizchip_conf.o
 *fill*         0x0000000024000111        0x3 
 .bss.huart1    0x0000000024000114       0x90 ./Core/Src/main.o
                0x0000000024000114                huart1
 .bss.hsram2    0x00000000240001a4       0x4c ./Core/Src/main.o
                0x00000000240001a4                hsram2
 .bss.ethBuf0   0x00000000240001f0      0x800 ./Core/Src/main.o
                0x00000000240001f0                ethBuf0
 .bss.FMC_Initialized
                0x00000000240009f0        0x4 ./Core/Src/stm32h7xx_hal_msp.o
 .bss.__sbrk_heap_end
                0x00000000240009f4        0x4 ./Core/Src/sysmem.o
 .bss.uwTick    0x00000000240009f8        0x4 ./Drivers/STM32H7xx_HAL_Driver/Src/stm32h7xx_hal.o
                0x00000000240009f8                uwTick
 .bss.__lock___malloc_recursive_mutex
                0x00000000240009fc        0x1 c:/st/stm32cubeide_1.4.0/stm32cubeide/plugins/com.st.stm32cube.ide.mcu.externaltools.gnu-tools-for-stm32.10.3-2021.10.win32_1.0.0.202111181127/tools/bin/../lib/gcc/arm-none-eabi/10.3.1/../../../../arm-none-eabi/lib/thumb/v7e-m+dp/hard\libc_nano.a(lib_a-lock.o)
                0x00000000240009fc                __lock___malloc_recursive_mutex
 .bss.__lock___sfp_recursive_mutex
                0x00000000240009fd        0x1 c:/st/stm32cubeide_1.4.0/stm32cubeide/plugins/com.st.stm32cube.ide.mcu.externaltools.gnu-tools-for-stm32.10.3-2021.10.win32_1.0.0.202111181127/tools/bin/../lib/gcc/arm-none-eabi/10.3.1/../../../../arm-none-eabi/lib/thumb/v7e-m+dp/hard\libc_nano.a(lib_a-lock.o)
                0x00000000240009fd                __lock___sfp_recursive_mutex
 .bss.__lock___sinit_recursive_mutex
                0x00000000240009fe        0x1 c:/st/stm32cubeide_1.4.0/stm32cubeide/plugins/com.st.stm32cube.ide.mcu.externaltools.gnu-tools-for-stm32.10.3-2021.10.win32_1.0.0.202111181127/tools/bin/../lib/gcc/arm-none-eabi/10.3.1/../../../../arm-none-eabi/lib/thumb/v7e-m+dp/hard\libc_nano.a(lib_a-lock.o)
                0x00000000240009fe                __lock___sinit_recursive_mutex
 *fill*         0x00000000240009ff        0x1 
 .bss.__malloc_free_list
                0x0000000024000a00        0x4 c:/st/stm32cubeide_1.4.0/stm32cubeide/plugins/com.st.stm32cube.ide.mcu.externaltools.gnu-tools-for-stm32.10.3-2021.10.win32_1.0.0.202111181127/tools/bin/../lib/gcc/arm-none-eabi/10.3.1/../../../../arm-none-eabi/lib/thumb/v7e-m+dp/hard\libc_nano.a(lib_a-nano-mallocr.o)
                0x0000000024000a00                __malloc_free_list
 .bss.__malloc_sbrk_start
                0x0000000024000a04        0x4 c:/st/stm32cubeide_1.4.0/stm32cubeide/plugins/com.st.stm32cube.ide.mcu.externaltools.gnu-tools-for-stm32.10.3-2021.10.win32_1.0.0.202111181127/tools/bin/../lib/gcc/arm-none-eabi/10.3.1/../../../../arm-none-eabi/lib/thumb/v7e-m+dp/hard\libc_nano.a(lib_a-nano-mallocr.o)
                0x0000000024000a04                __malloc_sbrk_start
 .bss.errno     0x0000000024000a08        0x4 c:/st/stm32cubeide_1.4.0/stm32cubeide/plugins/com.st.stm32cube.ide.mcu.externaltools.gnu-tools-for-stm32.10.3-2021.10.win32_1.0.0.202111181127/tools/bin/../lib/gcc/arm-none-eabi/10.3.1/../../../../arm-none-eabi/lib/thumb/v7e-m+dp/hard\libc_nano.a(lib_a-reent.o)
                0x0000000024000a08                errno
 *(COMMON)
                0x0000000024000a0c                . = ALIGN (0x4)
                0x0000000024000a0c                _ebss = .
                0x0000000024000a0c                __bss_end__ = _ebss

._user_heap_stack
                0x0000000024000a0c      0x604 load address 0x000000000800881c
                0x0000000024000a10                . = ALIGN (0x8)
 *fill*         0x0000000024000a0c        0x4 
                [!provide]                        PROVIDE (end = .)
                0x0000000024000a10                PROVIDE (_end = .)
                0x0000000024000c10                . = (. + _Min_Heap_Size)
 *fill*         0x0000000024000a10      0x200 
                0x0000000024001010                . = (. + _Min_Stack_Size)
 *fill*         0x0000000024000c10      0x400 
                0x0000000024001010                . = ALIGN (0x8)

/DISCARD/
 libc.a(*)
 libm.a(*)
 libgcc.a(*)

.ARM.attributes
                0x0000000000000000       0x2e
 *(.ARM.attributes)
 .ARM.attributes
                0x0000000000000000       0x1e c:/st/stm32cubeide_1.4.0/stm32cubeide/plugins/com.st.stm32cube.ide.mcu.externaltools.gnu-tools-for-stm32.10.3-2021.10.win32_1.0.0.202111181127/tools/bin/../lib/gcc/arm-none-eabi/10.3.1/thumb/v7e-m+dp/hard/crti.o
 .ARM.attributes
                0x000000000000001e       0x32 c:/st/stm32cubeide_1.4.0/stm32cubeide/plugins/com.st.stm32cube.ide.mcu.externaltools.gnu-tools-for-stm32.10.3-2021.10.win32_1.0.0.202111181127/tools/bin/../lib/gcc/arm-none-eabi/10.3.1/thumb/v7e-m+dp/hard/crtbegin.o
 .ARM.attributes
                0x0000000000000050       0x32 ./Core/Src/Ethernet/W5300/w5300.o
 .ARM.attributes
                0x0000000000000082       0x32 ./Core/Src/Ethernet/socket.o
 .ARM.attributes
                0x00000000000000b4       0x32 ./Core/Src/Ethernet/wizchip_conf.o
 .ARM.attributes
                0x00000000000000e6       0x32 ./Core/Src/loopback.o
 .ARM.attributes
                0x0000000000000118       0x32 ./Core/Src/main.o
 .ARM.attributes
                0x000000000000014a       0x32 ./Core/Src/stm32h7xx_hal_msp.o
 .ARM.attributes
                0x000000000000017c       0x32 ./Core/Src/stm32h7xx_it.o
 .ARM.attributes
                0x00000000000001ae       0x32 ./Core/Src/syscalls.o
 .ARM.attributes
                0x00000000000001e0       0x32 ./Core/Src/sysmem.o
 .ARM.attributes
                0x0000000000000212       0x32 ./Core/Src/system_stm32h7xx.o
 .ARM.attributes
                0x0000000000000244       0x21 ./Core/Startup/startup_stm32h743iitx.o
 .ARM.attributes
                0x0000000000000265       0x32 ./Drivers/STM32H7xx_HAL_Driver/Src/stm32h7xx_hal.o
 .ARM.attributes
                0x0000000000000297       0x32 ./Drivers/STM32H7xx_HAL_Driver/Src/stm32h7xx_hal_cortex.o
 .ARM.attributes
                0x00000000000002c9       0x32 ./Drivers/STM32H7xx_HAL_Driver/Src/stm32h7xx_hal_gpio.o
 .ARM.attributes
                0x00000000000002fb       0x32 ./Drivers/STM32H7xx_HAL_Driver/Src/stm32h7xx_hal_pwr_ex.o
 .ARM.attributes
                0x000000000000032d       0x32 ./Drivers/STM32H7xx_HAL_Driver/Src/stm32h7xx_hal_rcc.o
 .ARM.attributes
                0x000000000000035f       0x32 ./Drivers/STM32H7xx_HAL_Driver/Src/stm32h7xx_hal_rcc_ex.o
 .ARM.attributes
                0x0000000000000391       0x32 ./Drivers/STM32H7xx_HAL_Driver/Src/stm32h7xx_hal_sram.o
 .ARM.attributes
                0x00000000000003c3       0x32 ./Drivers/STM32H7xx_HAL_Driver/Src/stm32h7xx_hal_uart.o
 .ARM.attributes
                0x00000000000003f5       0x32 ./Drivers/STM32H7xx_HAL_Driver/Src/stm32h7xx_hal_uart_ex.o
 .ARM.attributes
                0x0000000000000427       0x32 ./Drivers/STM32H7xx_HAL_Driver/Src/stm32h7xx_ll_fmc.o
 .ARM.attributes
                0x0000000000000459       0x32 c:/st/stm32cubeide_1.4.0/stm32cubeide/plugins/com.st.stm32cube.ide.mcu.externaltools.gnu-tools-for-stm32.10.3-2021.10.win32_1.0.0.202111181127/tools/bin/../lib/gcc/arm-none-eabi/10.3.1/../../../../arm-none-eabi/lib/thumb/v7e-m+dp/hard\libc_nano.a(lib_a-errno.o)
 .ARM.attributes
                0x000000000000048b       0x32 c:/st/stm32cubeide_1.4.0/stm32cubeide/plugins/com.st.stm32cube.ide.mcu.externaltools.gnu-tools-for-stm32.10.3-2021.10.win32_1.0.0.202111181127/tools/bin/../lib/gcc/arm-none-eabi/10.3.1/../../../../arm-none-eabi/lib/thumb/v7e-m+dp/hard\libc_nano.a(lib_a-impure.o)
 .ARM.attributes
                0x00000000000004bd       0x32 c:/st/stm32cubeide_1.4.0/stm32cubeide/plugins/com.st.stm32cube.ide.mcu.externaltools.gnu-tools-for-stm32.10.3-2021.10.win32_1.0.0.202111181127/tools/bin/../lib/gcc/arm-none-eabi/10.3.1/../../../../arm-none-eabi/lib/thumb/v7e-m+dp/hard\libc_nano.a(lib_a-init.o)
 .ARM.attributes
                0x00000000000004ef       0x32 c:/st/stm32cubeide_1.4.0/stm32cubeide/plugins/com.st.stm32cube.ide.mcu.externaltools.gnu-tools-for-stm32.10.3-2021.10.win32_1.0.0.202111181127/tools/bin/../lib/gcc/arm-none-eabi/10.3.1/../../../../arm-none-eabi/lib/thumb/v7e-m+dp/hard\libc_nano.a(lib_a-memset.o)
 .ARM.attributes
                0x0000000000000521       0x32 c:/st/stm32cubeide_1.4.0/stm32cubeide/plugins/com.st.stm32cube.ide.mcu.externaltools.gnu-tools-for-stm32.10.3-2021.10.win32_1.0.0.202111181127/tools/bin/../lib/gcc/arm-none-eabi/10.3.1/../../../../arm-none-eabi/lib/thumb/v7e-m+dp/hard\libc_nano.a(lib_a-printf.o)
 .ARM.attributes
                0x0000000000000553       0x32 c:/st/stm32cubeide_1.4.0/stm32cubeide/plugins/com.st.stm32cube.ide.mcu.externaltools.gnu-tools-for-stm32.10.3-2021.10.win32_1.0.0.202111181127/tools/bin/../lib/gcc/arm-none-eabi/10.3.1/../../../../arm-none-eabi/lib/thumb/v7e-m+dp/hard\libc_nano.a(lib_a-puts.o)
 .ARM.attributes
                0x0000000000000585       0x32 c:/st/stm32cubeide_1.4.0/stm32cubeide/plugins/com.st.stm32cube.ide.mcu.externaltools.gnu-tools-for-stm32.10.3-2021.10.win32_1.0.0.202111181127/tools/bin/../lib/gcc/arm-none-eabi/10.3.1/../../../../arm-none-eabi/lib/thumb/v7e-m+dp/hard\libc_nano.a(lib_a-wbuf.o)
 .ARM.attributes
                0x00000000000005b7       0x32 c:/st/stm32cubeide_1.4.0/stm32cubeide/plugins/com.st.stm32cube.ide.mcu.externaltools.gnu-tools-for-stm32.10.3-2021.10.win32_1.0.0.202111181127/tools/bin/../lib/gcc/arm-none-eabi/10.3.1/../../../../arm-none-eabi/lib/thumb/v7e-m+dp/hard\libc_nano.a(lib_a-wsetup.o)
 .ARM.attributes
                0x00000000000005e9       0x32 c:/st/stm32cubeide_1.4.0/stm32cubeide/plugins/com.st.stm32cube.ide.mcu.externaltools.gnu-tools-for-stm32.10.3-2021.10.win32_1.0.0.202111181127/tools/bin/../lib/gcc/arm-none-eabi/10.3.1/../../../../arm-none-eabi/lib/thumb/v7e-m+dp/hard\libc_nano.a(lib_a-fflush.o)
 .ARM.attributes
                0x000000000000061b       0x32 c:/st/stm32cubeide_1.4.0/stm32cubeide/plugins/com.st.stm32cube.ide.mcu.externaltools.gnu-tools-for-stm32.10.3-2021.10.win32_1.0.0.202111181127/tools/bin/../lib/gcc/arm-none-eabi/10.3.1/../../../../arm-none-eabi/lib/thumb/v7e-m+dp/hard\libc_nano.a(lib_a-findfp.o)
 .ARM.attributes
                0x000000000000064d       0x32 c:/st/stm32cubeide_1.4.0/stm32cubeide/plugins/com.st.stm32cube.ide.mcu.externaltools.gnu-tools-for-stm32.10.3-2021.10.win32_1.0.0.202111181127/tools/bin/../lib/gcc/arm-none-eabi/10.3.1/../../../../arm-none-eabi/lib/thumb/v7e-m+dp/hard\libc_nano.a(lib_a-fwalk.o)
 .ARM.attributes
                0x000000000000067f       0x32 c:/st/stm32cubeide_1.4.0/stm32cubeide/plugins/com.st.stm32cube.ide.mcu.externaltools.gnu-tools-for-stm32.10.3-2021.10.win32_1.0.0.202111181127/tools/bin/../lib/gcc/arm-none-eabi/10.3.1/../../../../arm-none-eabi/lib/thumb/v7e-m+dp/hard\libc_nano.a(lib_a-lock.o)
 .ARM.attributes
                0x00000000000006b1       0x32 c:/st/stm32cubeide_1.4.0/stm32cubeide/plugins/com.st.stm32cube.ide.mcu.externaltools.gnu-tools-for-stm32.10.3-2021.10.win32_1.0.0.202111181127/tools/bin/../lib/gcc/arm-none-eabi/10.3.1/../../../../arm-none-eabi/lib/thumb/v7e-m+dp/hard\libc_nano.a(lib_a-makebuf.o)
 .ARM.attributes
                0x00000000000006e3       0x32 c:/st/stm32cubeide_1.4.0/stm32cubeide/plugins/com.st.stm32cube.ide.mcu.externaltools.gnu-tools-for-stm32.10.3-2021.10.win32_1.0.0.202111181127/tools/bin/../lib/gcc/arm-none-eabi/10.3.1/../../../../arm-none-eabi/lib/thumb/v7e-m+dp/hard\libc_nano.a(lib_a-nano-freer.o)
 .ARM.attributes
                0x0000000000000715       0x32 c:/st/stm32cubeide_1.4.0/stm32cubeide/plugins/com.st.stm32cube.ide.mcu.externaltools.gnu-tools-for-stm32.10.3-2021.10.win32_1.0.0.202111181127/tools/bin/../lib/gcc/arm-none-eabi/10.3.1/../../../../arm-none-eabi/lib/thumb/v7e-m+dp/hard\libc_nano.a(lib_a-nano-mallocr.o)
 .ARM.attributes
                0x0000000000000747       0x32 c:/st/stm32cubeide_1.4.0/stm32cubeide/plugins/com.st.stm32cube.ide.mcu.externaltools.gnu-tools-for-stm32.10.3-2021.10.win32_1.0.0.202111181127/tools/bin/../lib/gcc/arm-none-eabi/10.3.1/../../../../arm-none-eabi/lib/thumb/v7e-m+dp/hard\libc_nano.a(lib_a-nano-vfprintf.o)
 .ARM.attributes
                0x0000000000000779       0x32 c:/st/stm32cubeide_1.4.0/stm32cubeide/plugins/com.st.stm32cube.ide.mcu.externaltools.gnu-tools-for-stm32.10.3-2021.10.win32_1.0.0.202111181127/tools/bin/../lib/gcc/arm-none-eabi/10.3.1/../../../../arm-none-eabi/lib/thumb/v7e-m+dp/hard\libc_nano.a(lib_a-nano-vfprintf_i.o)
 .ARM.attributes
                0x00000000000007ab       0x32 c:/st/stm32cubeide_1.4.0/stm32cubeide/plugins/com.st.stm32cube.ide.mcu.externaltools.gnu-tools-for-stm32.10.3-2021.10.win32_1.0.0.202111181127/tools/bin/../lib/gcc/arm-none-eabi/10.3.1/../../../../arm-none-eabi/lib/thumb/v7e-m+dp/hard\libc_nano.a(lib_a-sbrkr.o)
 .ARM.attributes
                0x00000000000007dd       0x32 c:/st/stm32cubeide_1.4.0/stm32cubeide/plugins/com.st.stm32cube.ide.mcu.externaltools.gnu-tools-for-stm32.10.3-2021.10.win32_1.0.0.202111181127/tools/bin/../lib/gcc/arm-none-eabi/10.3.1/../../../../arm-none-eabi/lib/thumb/v7e-m+dp/hard\libc_nano.a(lib_a-stdio.o)
 .ARM.attributes
                0x000000000000080f       0x32 c:/st/stm32cubeide_1.4.0/stm32cubeide/plugins/com.st.stm32cube.ide.mcu.externaltools.gnu-tools-for-stm32.10.3-2021.10.win32_1.0.0.202111181127/tools/bin/../lib/gcc/arm-none-eabi/10.3.1/../../../../arm-none-eabi/lib/thumb/v7e-m+dp/hard\libc_nano.a(lib_a-writer.o)
 .ARM.attributes
                0x0000000000000841       0x32 c:/st/stm32cubeide_1.4.0/stm32cubeide/plugins/com.st.stm32cube.ide.mcu.externaltools.gnu-tools-for-stm32.10.3-2021.10.win32_1.0.0.202111181127/tools/bin/../lib/gcc/arm-none-eabi/10.3.1/../../../../arm-none-eabi/lib/thumb/v7e-m+dp/hard\libc_nano.a(lib_a-closer.o)
 .ARM.attributes
                0x0000000000000873       0x32 c:/st/stm32cubeide_1.4.0/stm32cubeide/plugins/com.st.stm32cube.ide.mcu.externaltools.gnu-tools-for-stm32.10.3-2021.10.win32_1.0.0.202111181127/tools/bin/../lib/gcc/arm-none-eabi/10.3.1/../../../../arm-none-eabi/lib/thumb/v7e-m+dp/hard\libc_nano.a(lib_a-fstatr.o)
 .ARM.attributes
                0x00000000000008a5       0x32 c:/st/stm32cubeide_1.4.0/stm32cubeide/plugins/com.st.stm32cube.ide.mcu.externaltools.gnu-tools-for-stm32.10.3-2021.10.win32_1.0.0.202111181127/tools/bin/../lib/gcc/arm-none-eabi/10.3.1/../../../../arm-none-eabi/lib/thumb/v7e-m+dp/hard\libc_nano.a(lib_a-isattyr.o)
 .ARM.attributes
                0x00000000000008d7       0x32 c:/st/stm32cubeide_1.4.0/stm32cubeide/plugins/com.st.stm32cube.ide.mcu.externaltools.gnu-tools-for-stm32.10.3-2021.10.win32_1.0.0.202111181127/tools/bin/../lib/gcc/arm-none-eabi/10.3.1/../../../../arm-none-eabi/lib/thumb/v7e-m+dp/hard\libc_nano.a(lib_a-lseekr.o)
 .ARM.attributes
                0x0000000000000909       0x1c c:/st/stm32cubeide_1.4.0/stm32cubeide/plugins/com.st.stm32cube.ide.mcu.externaltools.gnu-tools-for-stm32.10.3-2021.10.win32_1.0.0.202111181127/tools/bin/../lib/gcc/arm-none-eabi/10.3.1/../../../../arm-none-eabi/lib/thumb/v7e-m+dp/hard\libc_nano.a(lib_a-memchr.o)
 .ARM.attributes
                0x0000000000000925       0x32 c:/st/stm32cubeide_1.4.0/stm32cubeide/plugins/com.st.stm32cube.ide.mcu.externaltools.gnu-tools-for-stm32.10.3-2021.10.win32_1.0.0.202111181127/tools/bin/../lib/gcc/arm-none-eabi/10.3.1/../../../../arm-none-eabi/lib/thumb/v7e-m+dp/hard\libc_nano.a(lib_a-mlock.o)
 .ARM.attributes
                0x0000000000000957       0x32 c:/st/stm32cubeide_1.4.0/stm32cubeide/plugins/com.st.stm32cube.ide.mcu.externaltools.gnu-tools-for-stm32.10.3-2021.10.win32_1.0.0.202111181127/tools/bin/../lib/gcc/arm-none-eabi/10.3.1/../../../../arm-none-eabi/lib/thumb/v7e-m+dp/hard\libc_nano.a(lib_a-readr.o)
 .ARM.attributes
                0x0000000000000989       0x32 c:/st/stm32cubeide_1.4.0/stm32cubeide/plugins/com.st.stm32cube.ide.mcu.externaltools.gnu-tools-for-stm32.10.3-2021.10.win32_1.0.0.202111181127/tools/bin/../lib/gcc/arm-none-eabi/10.3.1/../../../../arm-none-eabi/lib/thumb/v7e-m+dp/hard\libc_nano.a(lib_a-reent.o)
 .ARM.attributes
                0x00000000000009bb       0x1e c:/st/stm32cubeide_1.4.0/stm32cubeide/plugins/com.st.stm32cube.ide.mcu.externaltools.gnu-tools-for-stm32.10.3-2021.10.win32_1.0.0.202111181127/tools/bin/../lib/gcc/arm-none-eabi/10.3.1/thumb/v7e-m+dp/hard\libgcc.a(_aeabi_uldivmod.o)
 .ARM.attributes
                0x00000000000009d9       0x32 c:/st/stm32cubeide_1.4.0/stm32cubeide/plugins/com.st.stm32cube.ide.mcu.externaltools.gnu-tools-for-stm32.10.3-2021.10.win32_1.0.0.202111181127/tools/bin/../lib/gcc/arm-none-eabi/10.3.1/thumb/v7e-m+dp/hard\libgcc.a(_udivmoddi4.o)
 .ARM.attributes
                0x0000000000000a0b       0x1e c:/st/stm32cubeide_1.4.0/stm32cubeide/plugins/com.st.stm32cube.ide.mcu.externaltools.gnu-tools-for-stm32.10.3-2021.10.win32_1.0.0.202111181127/tools/bin/../lib/gcc/arm-none-eabi/10.3.1/thumb/v7e-m+dp/hard\libgcc.a(_dvmd_tls.o)
 .ARM.attributes
                0x0000000000000a29       0x1e c:/st/stm32cubeide_1.4.0/stm32cubeide/plugins/com.st.stm32cube.ide.mcu.externaltools.gnu-tools-for-stm32.10.3-2021.10.win32_1.0.0.202111181127/tools/bin/../lib/gcc/arm-none-eabi/10.3.1/thumb/v7e-m+dp/hard/crtn.o
OUTPUT(ex10_w5300_tcp.elf elf32-littlearm)
LOAD linker stubs
LOAD c:/st/stm32cubeide_1.4.0/stm32cubeide/plugins/com.st.stm32cube.ide.mcu.externaltools.gnu-tools-for-stm32.10.3-2021.10.win32_1.0.0.202111181127/tools/bin/../lib/gcc/arm-none-eabi/10.3.1/../../../../arm-none-eabi/lib/thumb/v7e-m+dp/hard\libc.a
LOAD c:/st/stm32cubeide_1.4.0/stm32cubeide/plugins/com.st.stm32cube.ide.mcu.externaltools.gnu-tools-for-stm32.10.3-2021.10.win32_1.0.0.202111181127/tools/bin/../lib/gcc/arm-none-eabi/10.3.1/../../../../arm-none-eabi/lib/thumb/v7e-m+dp/hard\libm.a
LOAD c:/st/stm32cubeide_1.4.0/stm32cubeide/plugins/com.st.stm32cube.ide.mcu.externaltools.gnu-tools-for-stm32.10.3-2021.10.win32_1.0.0.202111181127/tools/bin/../lib/gcc/arm-none-eabi/10.3.1/thumb/v7e-m+dp/hard\libgcc.a

.debug_info     0x0000000000000000    0x14886
 .debug_info    0x0000000000000000      0x560 ./Core/Src/Ethernet/W5300/w5300.o
 .debug_info    0x0000000000000560      0x7f8 ./Core/Src/Ethernet/socket.o
 .debug_info    0x0000000000000d58      0xbb3 ./Core/Src/Ethernet/wizchip_conf.o
 .debug_info    0x000000000000190b      0x44d ./Core/Src/loopback.o
 .debug_info    0x0000000000001d58     0x1ede ./Core/Src/main.o
 .debug_info    0x0000000000003c36     0x16e4 ./Core/Src/stm32h7xx_hal_msp.o
 .debug_info    0x000000000000531a      0x137 ./Core/Src/stm32h7xx_it.o
 .debug_info    0x0000000000005451      0x6e0 ./Core/Src/syscalls.o
 .debug_info    0x0000000000005b31      0x171 ./Core/Src/sysmem.o
 .debug_info    0x0000000000005ca2      0xd07 ./Core/Src/system_stm32h7xx.o
 .debug_info    0x00000000000069a9       0x22 ./Core/Startup/startup_stm32h743iitx.o
 .debug_info    0x00000000000069cb     0x15d7 ./Drivers/STM32H7xx_HAL_Driver/Src/stm32h7xx_hal.o
 .debug_info    0x0000000000007fa2     0x116d ./Drivers/STM32H7xx_HAL_Driver/Src/stm32h7xx_hal_cortex.o
 .debug_info    0x000000000000910f      0xd28 ./Drivers/STM32H7xx_HAL_Driver/Src/stm32h7xx_hal_gpio.o
 .debug_info    0x0000000000009e37     0x109d ./Drivers/STM32H7xx_HAL_Driver/Src/stm32h7xx_hal_pwr_ex.o
 .debug_info    0x000000000000aed4      0xf4a ./Drivers/STM32H7xx_HAL_Driver/Src/stm32h7xx_hal_rcc.o
 .debug_info    0x000000000000be1e     0x12b4 ./Drivers/STM32H7xx_HAL_Driver/Src/stm32h7xx_hal_rcc_ex.o
 .debug_info    0x000000000000d0d2      0xf1c ./Drivers/STM32H7xx_HAL_Driver/Src/stm32h7xx_hal_sram.o
 .debug_info    0x000000000000dfee     0x4c42 ./Drivers/STM32H7xx_HAL_Driver/Src/stm32h7xx_hal_uart.o
 .debug_info    0x0000000000012c30     0x100b ./Drivers/STM32H7xx_HAL_Driver/Src/stm32h7xx_hal_uart_ex.o
 .debug_info    0x0000000000013c3b      0xc4b ./Drivers/STM32H7xx_HAL_Driver/Src/stm32h7xx_ll_fmc.o

.debug_abbrev   0x0000000000000000     0x2b12
 .debug_abbrev  0x0000000000000000      0x1e4 ./Core/Src/Ethernet/W5300/w5300.o
 .debug_abbrev  0x00000000000001e4      0x1ae ./Core/Src/Ethernet/socket.o
 .debug_abbrev  0x0000000000000392      0x328 ./Core/Src/Ethernet/wizchip_conf.o
 .debug_abbrev  0x00000000000006ba      0x12b ./Core/Src/loopback.o
 .debug_abbrev  0x00000000000007e5      0x3d7 ./Core/Src/main.o
 .debug_abbrev  0x0000000000000bbc      0x26a ./Core/Src/stm32h7xx_hal_msp.o
 .debug_abbrev  0x0000000000000e26       0x74 ./Core/Src/stm32h7xx_it.o
 .debug_abbrev  0x0000000000000e9a      0x1b3 ./Core/Src/syscalls.o
 .debug_abbrev  0x000000000000104d       0xbb ./Core/Src/sysmem.o
 .debug_abbrev  0x0000000000001108      0x147 ./Core/Src/system_stm32h7xx.o
 .debug_abbrev  0x000000000000124f       0x12 ./Core/Startup/startup_stm32h743iitx.o
 .debug_abbrev  0x0000000000001261      0x289 ./Drivers/STM32H7xx_HAL_Driver/Src/stm32h7xx_hal.o
 .debug_abbrev  0x00000000000014ea      0x329 ./Drivers/STM32H7xx_HAL_Driver/Src/stm32h7xx_hal_cortex.o
 .debug_abbrev  0x0000000000001813      0x1ec ./Drivers/STM32H7xx_HAL_Driver/Src/stm32h7xx_hal_gpio.o
 .debug_abbrev  0x00000000000019ff      0x28f ./Drivers/STM32H7xx_HAL_Driver/Src/stm32h7xx_hal_pwr_ex.o
 .debug_abbrev  0x0000000000001c8e      0x2b8 ./Drivers/STM32H7xx_HAL_Driver/Src/stm32h7xx_hal_rcc.o
 .debug_abbrev  0x0000000000001f46      0x25c ./Drivers/STM32H7xx_HAL_Driver/Src/stm32h7xx_hal_rcc_ex.o
 .debug_abbrev  0x00000000000021a2      0x1f8 ./Drivers/STM32H7xx_HAL_Driver/Src/stm32h7xx_hal_sram.o
 .debug_abbrev  0x000000000000239a      0x325 ./Drivers/STM32H7xx_HAL_Driver/Src/stm32h7xx_hal_uart.o
 .debug_abbrev  0x00000000000026bf      0x2bd ./Drivers/STM32H7xx_HAL_Driver/Src/stm32h7xx_hal_uart_ex.o
 .debug_abbrev  0x000000000000297c      0x196 ./Drivers/STM32H7xx_HAL_Driver/Src/stm32h7xx_ll_fmc.o

.debug_aranges  0x0000000000000000      0xec0
 .debug_aranges
                0x0000000000000000       0x70 ./Core/Src/Ethernet/W5300/w5300.o
 .debug_aranges
                0x0000000000000070       0x78 ./Core/Src/Ethernet/socket.o
 .debug_aranges
                0x00000000000000e8      0x110 ./Core/Src/Ethernet/wizchip_conf.o
 .debug_aranges
                0x00000000000001f8       0x30 ./Core/Src/loopback.o
 .debug_aranges
                0x0000000000000228       0x80 ./Core/Src/main.o
 .debug_aranges
                0x00000000000002a8       0x50 ./Core/Src/stm32h7xx_hal_msp.o
 .debug_aranges
                0x00000000000002f8       0x60 ./Core/Src/stm32h7xx_it.o
 .debug_aranges
                0x0000000000000358       0xa8 ./Core/Src/syscalls.o
 .debug_aranges
                0x0000000000000400       0x20 ./Core/Src/sysmem.o
 .debug_aranges
                0x0000000000000420       0x28 ./Core/Src/system_stm32h7xx.o
 .debug_aranges
                0x0000000000000448       0x28 ./Core/Startup/startup_stm32h743iitx.o
 .debug_aranges
                0x0000000000000470      0x198 ./Drivers/STM32H7xx_HAL_Driver/Src/stm32h7xx_hal.o
 .debug_aranges
                0x0000000000000608      0x120 ./Drivers/STM32H7xx_HAL_Driver/Src/stm32h7xx_hal_cortex.o
 .debug_aranges
                0x0000000000000728       0x58 ./Drivers/STM32H7xx_HAL_Driver/Src/stm32h7xx_hal_gpio.o
 .debug_aranges
                0x0000000000000780      0x158 ./Drivers/STM32H7xx_HAL_Driver/Src/stm32h7xx_hal_pwr_ex.o
 .debug_aranges
                0x00000000000008d8       0x88 ./Drivers/STM32H7xx_HAL_Driver/Src/stm32h7xx_hal_rcc.o
 .debug_aranges
                0x0000000000000960       0xf8 ./Drivers/STM32H7xx_HAL_Driver/Src/stm32h7xx_hal_rcc_ex.o
 .debug_aranges
                0x0000000000000a58       0xb8 ./Drivers/STM32H7xx_HAL_Driver/Src/stm32h7xx_hal_sram.o
 .debug_aranges
                0x0000000000000b10      0x248 ./Drivers/STM32H7xx_HAL_Driver/Src/stm32h7xx_hal_uart.o
 .debug_aranges
                0x0000000000000d58       0xa0 ./Drivers/STM32H7xx_HAL_Driver/Src/stm32h7xx_hal_uart_ex.o
 .debug_aranges
                0x0000000000000df8       0xc8 ./Drivers/STM32H7xx_HAL_Driver/Src/stm32h7xx_ll_fmc.o

.debug_ranges   0x0000000000000000      0xdc0
 .debug_ranges  0x0000000000000000       0x60 ./Core/Src/Ethernet/W5300/w5300.o
 .debug_ranges  0x0000000000000060       0x80 ./Core/Src/Ethernet/socket.o
 .debug_ranges  0x00000000000000e0      0x100 ./Core/Src/Ethernet/wizchip_conf.o
 .debug_ranges  0x00000000000001e0       0x20 ./Core/Src/loopback.o
 .debug_ranges  0x0000000000000200       0x70 ./Core/Src/main.o
 .debug_ranges  0x0000000000000270       0x40 ./Core/Src/stm32h7xx_hal_msp.o
 .debug_ranges  0x00000000000002b0       0x50 ./Core/Src/stm32h7xx_it.o
 .debug_ranges  0x0000000000000300       0x98 ./Core/Src/syscalls.o
 .debug_ranges  0x0000000000000398       0x10 ./Core/Src/sysmem.o
 .debug_ranges  0x00000000000003a8       0x18 ./Core/Src/system_stm32h7xx.o
 .debug_ranges  0x00000000000003c0       0x20 ./Core/Startup/startup_stm32h743iitx.o
 .debug_ranges  0x00000000000003e0      0x188 ./Drivers/STM32H7xx_HAL_Driver/Src/stm32h7xx_hal.o
 .debug_ranges  0x0000000000000568      0x110 ./Drivers/STM32H7xx_HAL_Driver/Src/stm32h7xx_hal_cortex.o
 .debug_ranges  0x0000000000000678       0x48 ./Drivers/STM32H7xx_HAL_Driver/Src/stm32h7xx_hal_gpio.o
 .debug_ranges  0x00000000000006c0      0x148 ./Drivers/STM32H7xx_HAL_Driver/Src/stm32h7xx_hal_pwr_ex.o
 .debug_ranges  0x0000000000000808       0x78 ./Drivers/STM32H7xx_HAL_Driver/Src/stm32h7xx_hal_rcc.o
 .debug_ranges  0x0000000000000880       0xe8 ./Drivers/STM32H7xx_HAL_Driver/Src/stm32h7xx_hal_rcc_ex.o
 .debug_ranges  0x0000000000000968       0xa8 ./Drivers/STM32H7xx_HAL_Driver/Src/stm32h7xx_hal_sram.o
 .debug_ranges  0x0000000000000a10      0x268 ./Drivers/STM32H7xx_HAL_Driver/Src/stm32h7xx_hal_uart.o
 .debug_ranges  0x0000000000000c78       0x90 ./Drivers/STM32H7xx_HAL_Driver/Src/stm32h7xx_hal_uart_ex.o
 .debug_ranges  0x0000000000000d08       0xb8 ./Drivers/STM32H7xx_HAL_Driver/Src/stm32h7xx_ll_fmc.o

.debug_macro    0x0000000000000000    0x37ee3
 .debug_macro   0x0000000000000000       0x85 ./Core/Src/Ethernet/W5300/w5300.o
 .debug_macro   0x0000000000000085      0xa90 ./Core/Src/Ethernet/W5300/w5300.o
 .debug_macro   0x0000000000000b15       0x22 ./Core/Src/Ethernet/W5300/w5300.o
 .debug_macro   0x0000000000000b37       0x8e ./Core/Src/Ethernet/W5300/w5300.o
 .debug_macro   0x0000000000000bc5       0x51 ./Core/Src/Ethernet/W5300/w5300.o
 .debug_macro   0x0000000000000c16      0x103 ./Core/Src/Ethernet/W5300/w5300.o
 .debug_macro   0x0000000000000d19       0x6a ./Core/Src/Ethernet/W5300/w5300.o
 .debug_macro   0x0000000000000d83      0x1df ./Core/Src/Ethernet/W5300/w5300.o
 .debug_macro   0x0000000000000f62       0x73 ./Core/Src/Ethernet/W5300/w5300.o
 .debug_macro   0x0000000000000fd5      0x749 ./Core/Src/Ethernet/W5300/w5300.o
 .debug_macro   0x000000000000171e       0x66 ./Core/Src/Ethernet/W5300/w5300.o
 .debug_macro   0x0000000000001784       0xb8 ./Core/Src/Ethernet/socket.o
 .debug_macro   0x000000000000183c       0x6d ./Core/Src/Ethernet/socket.o
 .debug_macro   0x00000000000018a9       0xc6 ./Core/Src/Ethernet/socket.o
 .debug_macro   0x000000000000196f       0x94 ./Core/Src/Ethernet/wizchip_conf.o
 .debug_macro   0x0000000000001a03      0x174 ./Core/Src/Ethernet/wizchip_conf.o
 .debug_macro   0x0000000000001b77      0x201 ./Core/Src/loopback.o
 .debug_macro   0x0000000000001d78       0x4c ./Core/Src/loopback.o