../Core/Src/_user_code_w5300.h:43:6:W5300_write	0	static
../Core/Src/_user_code_w5300.h:48:10:W5300_read	0	static
../Core/Src/main.c:230:6:CamImagTransferFrame.constprop	2056	static
../Core/Src/main.c:210:6:CamImagTransferLine.constprop	2056	static
../Core/Src/_user_code_intit.h:3:5:_write	24	static
../Core/Src/_user_code_w5300.h:32:6:Reset_W5300	8	static
../Core/Src/_user_code_w5300.h:55:6:print_network_information	24	static
../Core/Src/_user_code_w5300.h:67:6:_InitW5300	8	static
../Core/Src/_user_code_intit.h:13:6:init_project	0	static
../Core/Src/_user_code_cam.h:24:6:HAL_DCMI_FrameEventCallback	0	static
../Core/Src/_user_code_cam.h:30:6:HAL_DCMI_VsyncEventCallback	0	static
../Core/Src/_user_code_cam.h:35:6:HAL_DCMI_LineEventCallback	0	static
../Core/Src/_user_code_cam.h:79:6:CAMERA_IO_Write	32	static
../Core/Src/_user_code_cam.h:90:9:CAMERA_IO_Read	40	static
../Core/Src/_user_code_cam.h:99:6:CAMERA_Delay	0	static
../Core/Src/_user_code_cam.h:104:6:CAMERA_IO_Init	8	static
../Core/Src/_user_code_cam.h:114:6:_init_cam	16	static
../Core/Src/_user_code_cam.h:122:6:CameraStat	0	static
../Core/Src/main.c:92:6:MPU_Config	24	static
../Core/Src/main.c:114:9:ProcessCamTcps	24	static
../Core/Src/main.c:210:6:CamImagTransferLine	2056	static
../Core/Src/main.c:230:6:CamImagTransferFrame	2056	static
../Core/Src/main.c:338:6:SystemClock_Config	136	static,ignoring_inline_asm
../Core/Src/main.c:258:5:main	112	static,ignoring_inline_asm
../Core/Src/main.c:692:6:Error_Handler	0	static,ignoring_inline_asm
