../Core/Src/stm32h7xx_hal_msp.c:64:6:HAL_MspInit	8	static
../Core/Src/stm32h7xx_hal_msp.c:85:6:HAL_DCMI_MspInit	80	static
../Core/Src/stm32h7xx_hal_msp.c:187:6:HAL_DCMI_MspDeInit	8	static
../Core/Src/stm32h7xx_hal_msp.c:238:6:HAL_I2C_MspInit	224	static
../Core/Src/stm32h7xx_hal_msp.c:284:6:HAL_I2C_MspDeInit	8	static
../Core/Src/stm32h7xx_hal_msp.c:315:6:HAL_UART_MspInit	224	static
../Core/Src/stm32h7xx_hal_msp.c:362:6:HAL_UART_MspDeInit	0	static
../Core/Src/stm32h7xx_hal_msp.c:482:6:HAL_SRAM_MspInit	232	static
../Core/Src/stm32h7xx_hal_msp.c:557:6:HAL_SRAM_MspDeInit	8	static
